Archive member included to satisfy reference by file (symbol)

C:/Program Files (x86)/Arm GNU Toolchain arm-none-eabi/14.2 rel1/bin/../lib/gcc/arm-none-eabi/14.2.1/thumb/v7-m/nofp\libc_nano.a(libc_a-exit.o)
                              C:/Program Files (x86)/Arm GNU Toolchain arm-none-eabi/14.2 rel1/bin/../lib/gcc/arm-none-eabi/14.2.1/thumb/v7-m/nofp/crt0.o (exit)
C:/Program Files (x86)/Arm GNU Toolchain arm-none-eabi/14.2 rel1/bin/../lib/gcc/arm-none-eabi/14.2.1/thumb/v7-m/nofp\libc_nano.a(libc_a-findfp.o)
                              C:/Program Files (x86)/Arm GNU Toolchain arm-none-eabi/14.2 rel1/bin/../lib/gcc/arm-none-eabi/14.2.1/thumb/v7-m/nofp\libc_nano.a(libc_a-exit.o) (__stdio_exit_handler)
C:/Program Files (x86)/Arm GNU Toolchain arm-none-eabi/14.2 rel1/bin/../lib/gcc/arm-none-eabi/14.2.1/thumb/v7-m/nofp\libc_nano.a(libc_a-fwalk.o)
                              C:/Program Files (x86)/Arm GNU Toolchain arm-none-eabi/14.2 rel1/bin/../lib/gcc/arm-none-eabi/14.2.1/thumb/v7-m/nofp\libc_nano.a(libc_a-findfp.o) (_fwalk_sglue)
C:/Program Files (x86)/Arm GNU Toolchain arm-none-eabi/14.2 rel1/bin/../lib/gcc/arm-none-eabi/14.2.1/thumb/v7-m/nofp\libc_nano.a(libc_a-stdio.o)
                              C:/Program Files (x86)/Arm GNU Toolchain arm-none-eabi/14.2 rel1/bin/../lib/gcc/arm-none-eabi/14.2.1/thumb/v7-m/nofp\libc_nano.a(libc_a-findfp.o) (__sread)
C:/Program Files (x86)/Arm GNU Toolchain arm-none-eabi/14.2 rel1/bin/../lib/gcc/arm-none-eabi/14.2.1/thumb/v7-m/nofp\libc_nano.a(libc_a-memset.o)
                              C:/Program Files (x86)/Arm GNU Toolchain arm-none-eabi/14.2 rel1/bin/../lib/gcc/arm-none-eabi/14.2.1/thumb/v7-m/nofp/crt0.o (memset)
C:/Program Files (x86)/Arm GNU Toolchain arm-none-eabi/14.2 rel1/bin/../lib/gcc/arm-none-eabi/14.2.1/thumb/v7-m/nofp\libc_nano.a(libc_a-closer.o)
                              C:/Program Files (x86)/Arm GNU Toolchain arm-none-eabi/14.2 rel1/bin/../lib/gcc/arm-none-eabi/14.2.1/thumb/v7-m/nofp\libc_nano.a(libc_a-stdio.o) (_close_r)
C:/Program Files (x86)/Arm GNU Toolchain arm-none-eabi/14.2 rel1/bin/../lib/gcc/arm-none-eabi/14.2.1/thumb/v7-m/nofp\libc_nano.a(libc_a-reent.o)
                              C:/Program Files (x86)/Arm GNU Toolchain arm-none-eabi/14.2 rel1/bin/../lib/gcc/arm-none-eabi/14.2.1/thumb/v7-m/nofp\libc_nano.a(libc_a-closer.o) (errno)
C:/Program Files (x86)/Arm GNU Toolchain arm-none-eabi/14.2 rel1/bin/../lib/gcc/arm-none-eabi/14.2.1/thumb/v7-m/nofp\libc_nano.a(libc_a-impure.o)
                              C:/Program Files (x86)/Arm GNU Toolchain arm-none-eabi/14.2 rel1/bin/../lib/gcc/arm-none-eabi/14.2.1/thumb/v7-m/nofp\libc_nano.a(libc_a-reent.o) (_impure_ptr)
C:/Program Files (x86)/Arm GNU Toolchain arm-none-eabi/14.2 rel1/bin/../lib/gcc/arm-none-eabi/14.2.1/thumb/v7-m/nofp\libc_nano.a(libc_a-lseekr.o)
                              C:/Program Files (x86)/Arm GNU Toolchain arm-none-eabi/14.2 rel1/bin/../lib/gcc/arm-none-eabi/14.2.1/thumb/v7-m/nofp\libc_nano.a(libc_a-stdio.o) (_lseek_r)
C:/Program Files (x86)/Arm GNU Toolchain arm-none-eabi/14.2 rel1/bin/../lib/gcc/arm-none-eabi/14.2.1/thumb/v7-m/nofp\libc_nano.a(libc_a-readr.o)
                              C:/Program Files (x86)/Arm GNU Toolchain arm-none-eabi/14.2 rel1/bin/../lib/gcc/arm-none-eabi/14.2.1/thumb/v7-m/nofp\libc_nano.a(libc_a-stdio.o) (_read_r)
C:/Program Files (x86)/Arm GNU Toolchain arm-none-eabi/14.2 rel1/bin/../lib/gcc/arm-none-eabi/14.2.1/thumb/v7-m/nofp\libc_nano.a(libc_a-writer.o)
                              C:/Program Files (x86)/Arm GNU Toolchain arm-none-eabi/14.2 rel1/bin/../lib/gcc/arm-none-eabi/14.2.1/thumb/v7-m/nofp\libc_nano.a(libc_a-stdio.o) (_write_r)
C:/Program Files (x86)/Arm GNU Toolchain arm-none-eabi/14.2 rel1/bin/../lib/gcc/arm-none-eabi/14.2.1/thumb/v7-m/nofp\libc_nano.a(libc_a-errno.o)
                              build/debug/syscalls.o (__errno)
C:/Program Files (x86)/Arm GNU Toolchain arm-none-eabi/14.2 rel1/bin/../lib/gcc/arm-none-eabi/14.2.1/thumb/v7-m/nofp\libc_nano.a(libc_a-init.o)
                              C:/Program Files (x86)/Arm GNU Toolchain arm-none-eabi/14.2 rel1/bin/../lib/gcc/arm-none-eabi/14.2.1/thumb/v7-m/nofp/crt0.o (__libc_init_array)
C:/Program Files (x86)/Arm GNU Toolchain arm-none-eabi/14.2 rel1/bin/../lib/gcc/arm-none-eabi/14.2.1/thumb/v7-m/nofp\libc_nano.a(libc_a-lock.o)
                              C:/Program Files (x86)/Arm GNU Toolchain arm-none-eabi/14.2 rel1/bin/../lib/gcc/arm-none-eabi/14.2.1/thumb/v7-m/nofp\libc_nano.a(libc_a-findfp.o) (__retarget_lock_init_recursive)
C:/Program Files (x86)/Arm GNU Toolchain arm-none-eabi/14.2 rel1/bin/../lib/gcc/arm-none-eabi/14.2.1/thumb/v7-m/nofp\libc_nano.a(libc_a-freer.o)
                              C:/Program Files (x86)/Arm GNU Toolchain arm-none-eabi/14.2 rel1/bin/../lib/gcc/arm-none-eabi/14.2.1/thumb/v7-m/nofp\libc_nano.a(libc_a-reent.o) (_free_r)
[...]
Memory Configuration

Name             Origin             Length             Attributes
RAM              0x20000000         0x00002000         xrw
FLASH            0x08000000         0x00010000         xr
*default*        0x00000000         0xffffffff

Linker script and memory map

LOAD C:/Program Files (x86)/Arm GNU Toolchain arm-none-eabi/14.2 rel1/bin/../lib/gcc/arm-none-eabi/14.2.1/thumb/v7-m/nofp/crti.o
LOAD C:/Program Files (x86)/Arm GNU Toolchain arm-none-eabi/14.2 rel1/bin/../lib/gcc/arm-none-eabi/14.2.1/thumb/v7-m/nofp/crtbegin.o
LOAD C:/Program Files (x86)/Arm GNU Toolchain arm-none-eabi/14.2 rel1/bin/../lib/gcc/arm-none-eabi/14.2.1/thumb/v7-m/nofp/crt0.o
LOAD build/debug/main.o
LOAD build/debug/motor.o
LOAD build/debug/stm32f1xx_hal.o
LOAD build/debug/stm32f1xx_hal_adc.o
LOAD build/debug/stm32f1xx_hal_adc_ex.o
LOAD build/debug/stm32f1xx_hal_cortex.o
LOAD build/debug/stm32f1xx_hal_dma.o
LOAD build/debug/stm32f1xx_hal_exti.o
LOAD build/debug/stm32f1xx_hal_flash.o
LOAD build/debug/stm32f1xx_hal_flash_ex.o
LOAD build/debug/stm32f1xx_hal_gpio.o
LOAD build/debug/stm32f1xx_hal_gpio_ex.o
LOAD build/debug/stm32f1xx_hal_msp.o
LOAD build/debug/stm32f1xx_hal_pwr.o
LOAD build/debug/stm32f1xx_hal_rcc.o
LOAD build/debug/stm32f1xx_hal_rcc_ex.o
LOAD build/debug/stm32f1xx_hal_tim.o
LOAD build/debug/stm32f1xx_hal_tim_ex.o
LOAD build/debug/stm32f1xx_it.o
LOAD build/debug/syscalls.o
LOAD build/debug/sysmem.o
LOAD build/debug/system_stm32f1xx.o
LOAD build/debug/startup_stm32f100xb.o
LOAD C:/Program Files (x86)/Arm GNU Toolchain arm-none-eabi/14.2 rel1/bin/../lib/gcc/arm-none-eabi/14.2.1/thumb/v7-m/nofp\libc_nano.a
LOAD C:/Program Files (x86)/Arm GNU Toolchain arm-none-eabi/14.2 rel1/bin/../lib/gcc/arm-none-eabi/14.2.1/thumb/v7-m/nofp\libm.a
LOAD C:/Program Files (x86)/Arm GNU Toolchain arm-none-eabi/14.2 rel1/bin/../lib/gcc/arm-none-eabi/14.2.1/thumb/v7-m/nofp\libnosys.a
START GROUP
LOAD C:/Program Files (x86)/Arm GNU Toolchain arm-none-eabi/14.2 rel1/bin/../lib/gcc/arm-none-eabi/14.2.1/thumb/v7-m/nofp\libgcc.a
LOAD C:/Program Files (x86)/Arm GNU Toolchain arm-none-eabi/14.2 rel1/bin/../lib/gcc/arm-none-eabi/14.2.1/thumb/v7-m/nofp\libc_nano.a
END GROUP
START GROUP
LOAD C:/Program Files (x86)/Arm GNU Toolchain arm-none-eabi/14.2 rel1/bin/../lib/gcc/arm-none-eabi/14.2.1/thumb/v7-m/nofp\libgcc.a
LOAD C:/Program Files (x86)/Arm GNU Toolchain arm-none-eabi/14.2 rel1/bin/../lib/gcc/arm-none-eabi/14.2.1/thumb/v7-m/nofp\libc_nano.a
END GROUP
LOAD C:/Program Files (x86)/Arm GNU Toolchain arm-none-eabi/14.2 rel1/bin/../lib/gcc/arm-none-eabi/14.2.1/thumb/v7-m/nofp/crtend.o
LOAD C:/Program Files (x86)/Arm GNU Toolchain arm-none-eabi/14.2 rel1/bin/../lib/gcc/arm-none-eabi/14.2.1/thumb/v7-m/nofp/crtn.o
                0x20002000                        _estack = (ORIGIN (RAM) + LENGTH (RAM))
                0x00000200                        _Min_Heap_Size = 0x200
                0x00000400                        _Min_Stack_Size = 0x400

.isr_vector     0x08000000      0x1d0
                0x08000000                        . = ALIGN (0x4)
 *(.isr_vector)
 .isr_vector    0x08000000      0x1d0 build/debug/startup_stm32f100xb.o
                0x08000000                g_pfnVectors
                0x080001d0                        . = ALIGN (0x4)

.text           0x080001d0     0x42f0
                0x080001d0                        . = ALIGN (0x4)
 *(.text)
 .text          0x080001d0      0x378 C:/Program Files (x86)/Arm GNU Toolchain arm-none-eabi/14.2 rel1/bin/../lib/gcc/arm-none-eabi/14.2.1/thumb/v7-m/nofp\libgcc.a(_arm_addsubdf3.o)
                0x080001d0                __aeabi_drsub
                0x080001d8                __aeabi_dsub
                0x080001d8                __subdf3
                0x080001dc                __aeabi_dadd
                0x080001dc                __adddf3
                0x08000454                __floatunsidf
                0x08000454                __aeabi_ui2d
                0x08000474                __floatsidf
                0x08000474                __aeabi_i2d
                0x08000498                __aeabi_f2d
                0x08000498                __extendsfdf2
                0x080004dc                __floatundidf
                0x080004dc                __aeabi_ul2d
                0x080004ec                __floatdidf
                0x080004ec                __aeabi_l2d
 .text          0x08000548      0x424 C:/Program Files (x86)/Arm GNU Toolchain arm-none-eabi/14.2 rel1/bin/../lib/gcc/arm-none-eabi/14.2.1/thumb/v7-m/nofp\libgcc.a(_arm_muldivdf3.o)
                0x08000548                __aeabi_dmul
                0x08000548                __muldf3
                0x0800079c                __divdf3
                0x0800079c                __aeabi_ddiv
 .text          0x0800096c      0x110 C:/Program Files (x86)/Arm GNU Toolchain arm-none-eabi/14.2 rel1/bin/../lib/gcc/arm-none-eabi/14.2.1/thumb/v7-m/nofp\libgcc.a(_arm_cmpdf2.o)
                0x0800096c                __gtdf2
                0x0800096c                __gedf2
                0x08000974                __ltdf2
                0x08000974                __ledf2
                0x0800097c                __nedf2
                0x0800097c                __eqdf2
                0x0800097c                __cmpdf2
                0x080009f8                __aeabi_cdrcmple
                0x08000a08                __aeabi_cdcmpeq
                0x08000a08                __aeabi_cdcmple
                0x08000a18                __aeabi_dcmpeq
                0x08000a2c                __aeabi_dcmplt
                0x08000a40                __aeabi_dcmple
                0x08000a54                __aeabi_dcmpge
                0x08000a68                __aeabi_dcmpgt
 .text          0x08000a7c       0x2c C:/Program Files (x86)/Arm GNU Toolchain arm-none-eabi/14.2 rel1/bin/../lib/gcc/arm-none-eabi/14.2.1/thumb/v7-m/nofp\libgcc.a(_arm_unorddf2.o)
                0x08000a7c                __unorddf2
                0x08000a7c                __aeabi_dcmpun
 .text          0x08000aa8       0xa0 C:/Program Files (x86)/Arm GNU Toolchain arm-none-eabi/14.2 rel1/bin/../lib/gcc/arm-none-eabi/14.2.1/thumb/v7-m/nofp\libgcc.a(_arm_truncdfsf2.o)
                0x08000aa8                __truncdfsf2
                0x08000aa8                __aeabi_d2f
 .text          0x08000b48      0x21c C:/Program Files (x86)/Arm GNU Toolchain arm-none-eabi/14.2 rel1/bin/../lib/gcc/arm-none-eabi/14.2.1/thumb/v7-m/nofp\libgcc.a(_arm_addsubsf3.o)
                0x08000b48                __aeabi_frsub
                0x08000b50                __subsf3
                0x08000b50                __aeabi_fsub
                0x08000b54                __aeabi_fadd
                0x08000b54                __addsf3
                0x08000cb4                __aeabi_ui2f
                0x08000cb4                __floatunsisf
                0x08000cbc                __aeabi_i2f
                0x08000cbc                __floatsisf
                0x08000cd8                __aeabi_ul2f
                0x08000cd8                __floatundisf
                0x08000ce8                __aeabi_l2f
                0x08000ce8                __floatdisf
 .text          0x08000d64       0x4c C:/Program Files (x86)/Arm GNU Toolchain arm-none-eabi/14.2 rel1/bin/../lib/gcc/arm-none-eabi/14.2.1/thumb/v7-m/nofp\libgcc.a(_arm_fixsfsi.o)
                0x08000d64                __aeabi_f2iz
                0x08000d64                __fixsfsi
 *(.text*)
 .text.deregister_tm_clones
                0x08000db0       0x1c C:/Program Files (x86)/Arm GNU Toolchain arm-none-eabi/14.2 rel1/bin/../lib/gcc/arm-none-eabi/14.2.1/thumb/v7-m/nofp/crtbegin.o
 .text.register_tm_clones
                0x08000dcc       0x24 C:/Program Files (x86)/Arm GNU Toolchain arm-none-eabi/14.2 rel1/bin/../lib/gcc/arm-none-eabi/14.2.1/thumb/v7-m/nofp/crtbegin.o
 .text.__do_global_dtors_aux
                0x08000df0       0x28 C:/Program Files (x86)/Arm GNU Toolchain arm-none-eabi/14.2 rel1/bin/../lib/gcc/arm-none-eabi/14.2.1/thumb/v7-m/nofp/crtbegin.o
 .text.frame_dummy
                0x08000e18       0x24 C:/Program Files (x86)/Arm GNU Toolchain arm-none-eabi/14.2 rel1/bin/../lib/gcc/arm-none-eabi/14.2.1/thumb/v7-m/nofp/crtbegin.o
 .text.MX_GPIO_Init
                0x08000e3c       0x90 build/debug/main.o
 .text.MX_DMA_Init
                0x08000ecc       0x34 build/debug/main.o
 .text.HAL_ADC_ConvCpltCallback
                0x08000f00       0x88 build/debug/main.o
                0x08000f00                HAL_ADC_ConvCpltCallback
 .text.Get_Line
                0x08000f88       0x80 build/debug/main.o
                0x08000f88                Get_Line
 .text.PID_Linefollow
                0x08001008      0x1f8 build/debug/main.o
                0x08001008                PID_Linefollow
 .text.Normalize_Sensors
                0x08001200       0x40 build/debug/main.o
                0x08001200                Normalize_Sensors
 .text.Read_Line
                0x08001240       0x3c build/debug/main.o
                0x08001240                Read_Line
 .text.Robot_Control
                0x0800127c       0x88 build/debug/main.o
                0x0800127c                Robot_Control
 .text.Error_Handler
                0x08001304        0x4 build/debug/main.o
                0x08001304                Error_Handler
 .text.MX_ADC1_Init
                0x08001308      0x104 build/debug/main.o
 .text.MX_TIM1_Init
                0x0800140c       0xec build/debug/main.o
 .text.MX_TIM2_Init
                0x080014f8       0xb0 build/debug/main.o
 .text.SystemClock_Config
                0x080015a8       0x76 build/debug/main.o
                0x080015a8                SystemClock_Config
 *fill*         0x0800161e        0x2 
 .text.main     0x08001620       0xfc build/debug/main.o
                0x08001620                main
 .text.M_Init   0x0800171c       0x74 build/debug/motor.o
                0x0800171c                M_Init
 .text.M_Disable
                0x08001790       0x14 build/debug/motor.o
                0x08001790                M_Disable
 .text.M_SetSpeed
                0x080017a4       0x64 build/debug/motor.o
                0x080017a4                M_SetSpeed
 .text.HAL_InitTick
                0x08001808       0x4c build/debug/stm32f1xx_hal.o
                0x08001808                HAL_InitTick
 .text.HAL_Init
                0x08001854       0x16 build/debug/stm32f1xx_hal.o
                0x08001854                HAL_Init
 *fill*         0x0800186a        0x2 
 .text.HAL_IncTick
                0x0800186c       0x18 build/debug/stm32f1xx_hal.o
                0x0800186c                HAL_IncTick
 .text.HAL_GetTick
                0x08001884        0xc build/debug/stm32f1xx_hal.o
                0x08001884                HAL_GetTick
 .text.HAL_Delay
                0x08001890       0x28 build/debug/stm32f1xx_hal.o
                0x08001890                HAL_Delay
 .text.ADC_DMAConvCplt
                0x080018b8       0x52 build/debug/stm32f1xx_hal_adc.o
                0x080018b8                ADC_DMAConvCplt
 .text.HAL_ADC_ConvHalfCpltCallback
                0x0800190a        0x2 build/debug/stm32f1xx_hal_adc.o
                0x0800190a                HAL_ADC_ConvHalfCpltCallback
 .text.ADC_DMAHalfConvCplt
                0x0800190c        0xa build/debug/stm32f1xx_hal_adc.o
                0x0800190c                ADC_DMAHalfConvCplt
 .text.HAL_ADC_LevelOutOfWindowCallback
                0x08001916        0x2 build/debug/stm32f1xx_hal_adc.o
                0x08001916                HAL_ADC_LevelOutOfWindowCallback
 .text.HAL_ADC_IRQHandler
                0x08001918      0x102 build/debug/stm32f1xx_hal_adc.o
                0x08001918                HAL_ADC_IRQHandler
 .text.HAL_ADC_ErrorCallback
                0x08001a1a        0x2 build/debug/stm32f1xx_hal_adc.o
                0x08001a1a                HAL_ADC_ErrorCallback
 .text.ADC_DMAError
                0x08001a1c       0x1a build/debug/stm32f1xx_hal_adc.o
                0x08001a1c                ADC_DMAError
 *fill*         0x08001a36        0x2 
 .text.HAL_ADC_ConfigChannel
                0x08001a38      0x140 build/debug/stm32f1xx_hal_adc.o
                0x08001a38                HAL_ADC_ConfigChannel
 .text.ADC_Enable
                0x08001b78       0x88 build/debug/stm32f1xx_hal_adc.o
                0x08001b78                ADC_Enable
 .text.HAL_ADC_Start_DMA
                0x08001c00       0xd8 build/debug/stm32f1xx_hal_adc.o
                0x08001c00                HAL_ADC_Start_DMA
 .text.ADC_ConversionStop_Disable
                0x08001cd8       0x56 build/debug/stm32f1xx_hal_adc.o
                0x08001cd8                ADC_ConversionStop_Disable
 *fill*         0x08001d2e        0x2 
 .text.HAL_ADC_Init
                0x08001d30      0x108 build/debug/stm32f1xx_hal_adc.o
                0x08001d30                HAL_ADC_Init
 .text.HAL_ADCEx_InjectedConvCpltCallback
                0x08001e38        0x2 build/debug/stm32f1xx_hal_adc_ex.o
                0x08001e38                HAL_ADCEx_InjectedConvCpltCallback
 *fill*         0x08001e3a        0x2 
 .text.__NVIC_SetPriority
                0x08001e3c       0x28 build/debug/stm32f1xx_hal_cortex.o
 .text.NVIC_EncodePriority
                0x08001e64       0x3e build/debug/stm32f1xx_hal_cortex.o
 *fill*         0x08001ea2        0x2 
 .text.HAL_NVIC_SetPriorityGrouping
                0x08001ea4       0x24 build/debug/stm32f1xx_hal_cortex.o
                0x08001ea4                HAL_NVIC_SetPriorityGrouping
 .text.HAL_NVIC_SetPriority
                0x08001ec8       0x20 build/debug/stm32f1xx_hal_cortex.o
                0x08001ec8                HAL_NVIC_SetPriority
 .text.HAL_NVIC_EnableIRQ
                0x08001ee8       0x1c build/debug/stm32f1xx_hal_cortex.o
                0x08001ee8                HAL_NVIC_EnableIRQ
 .text.HAL_SYSTICK_Config
                0x08001f04       0x28 build/debug/stm32f1xx_hal_cortex.o
                0x08001f04                HAL_SYSTICK_Config
 .text.DMA_SetConfig
                0x08001f2c       0x2c build/debug/stm32f1xx_hal_dma.o
 .text.HAL_DMA_Init
                0x08001f58       0x68 build/debug/stm32f1xx_hal_dma.o
                0x08001f58                HAL_DMA_Init
 .text.HAL_DMA_Start_IT
                0x08001fc0       0x74 build/debug/stm32f1xx_hal_dma.o
                0x08001fc0                HAL_DMA_Start_IT
 .text.HAL_DMA_IRQHandler
                0x08002034      0x144 build/debug/stm32f1xx_hal_dma.o
                0x08002034                HAL_DMA_IRQHandler
 .text.HAL_GPIO_Init
                0x08002178      0x214 build/debug/stm32f1xx_hal_gpio.o
                0x08002178                HAL_GPIO_Init
 .text.HAL_GPIO_ReadPin
                0x0800238c        0xe build/debug/stm32f1xx_hal_gpio.o
                0x0800238c                HAL_GPIO_ReadPin
 .text.HAL_GPIO_WritePin
                0x0800239a        0xc build/debug/stm32f1xx_hal_gpio.o
                0x0800239a                HAL_GPIO_WritePin
 *fill*         0x080023a6        0x2 
 .text.HAL_MspInit
                0x080023a8       0x44 build/debug/stm32f1xx_hal_msp.o
                0x080023a8                HAL_MspInit
 .text.HAL_ADC_MspInit
                0x080023ec       0xd0 build/debug/stm32f1xx_hal_msp.o
                0x080023ec                HAL_ADC_MspInit
 .text.HAL_TIM_Base_MspInit
                0x080024bc       0x4c build/debug/stm32f1xx_hal_msp.o
                0x080024bc                HAL_TIM_Base_MspInit
 .text.HAL_TIM_MspPostInit
                0x08002508       0xc0 build/debug/stm32f1xx_hal_msp.o
                0x08002508                HAL_TIM_MspPostInit
 .text.RCC_Delay
                0x080025c8       0x2c build/debug/stm32f1xx_hal_rcc.o
 .text.HAL_RCC_OscConfig
                0x080025f4      0x410 build/debug/stm32f1xx_hal_rcc.o
                0x080025f4                HAL_RCC_OscConfig
 .text.HAL_RCC_GetSysClockFreq
                0x08002a04       0x54 build/debug/stm32f1xx_hal_rcc.o
                0x08002a04                HAL_RCC_GetSysClockFreq
 .text.HAL_RCC_ClockConfig
                0x08002a58      0x114 build/debug/stm32f1xx_hal_rcc.o
                0x08002a58                HAL_RCC_ClockConfig
 .text.HAL_RCCEx_PeriphCLKConfig
                0x08002b6c      0x100 build/debug/stm32f1xx_hal_rcc_ex.o
                0x08002b6c                HAL_RCCEx_PeriphCLKConfig
 .text.TIM_OC1_SetConfig
                0x08002c6c       0x88 build/debug/stm32f1xx_hal_tim.o
 .text.TIM_OC3_SetConfig
                0x08002cf4       0x78 build/debug/stm32f1xx_hal_tim.o
 .text.TIM_OC4_SetConfig
                0x08002d6c       0x60 build/debug/stm32f1xx_hal_tim.o
 .text.TIM_TI1_ConfigInputStage
                0x08002dcc       0x24 build/debug/stm32f1xx_hal_tim.o
 .text.TIM_TI2_ConfigInputStage
                0x08002df0       0x26 build/debug/stm32f1xx_hal_tim.o
 .text.TIM_ITRx_SetConfig
                0x08002e16       0x10 build/debug/stm32f1xx_hal_tim.o
 .text.HAL_TIM_PWM_MspInit
                0x08002e26        0x2 build/debug/stm32f1xx_hal_tim.o
                0x08002e26                HAL_TIM_PWM_MspInit
 .text.TIM_Base_SetConfig
                0x08002e28       0xb0 build/debug/stm32f1xx_hal_tim.o
                0x08002e28                TIM_Base_SetConfig
 .text.HAL_TIM_Base_Init
                0x08002ed8       0x58 build/debug/stm32f1xx_hal_tim.o
                0x08002ed8                HAL_TIM_Base_Init
 .text.HAL_TIM_PWM_Init
                0x08002f30       0x58 build/debug/stm32f1xx_hal_tim.o
                0x08002f30                HAL_TIM_PWM_Init
 .text.TIM_OC2_SetConfig
                0x08002f88       0x78 build/debug/stm32f1xx_hal_tim.o
                0x08002f88                TIM_OC2_SetConfig
 .text.HAL_TIM_PWM_ConfigChannel
                0x08003000       0xdc build/debug/stm32f1xx_hal_tim.o
                0x08003000                HAL_TIM_PWM_ConfigChannel
 .text.TIM_ETR_SetConfig
                0x080030dc       0x18 build/debug/stm32f1xx_hal_tim.o
                0x080030dc                TIM_ETR_SetConfig
 .text.HAL_TIM_ConfigClockSource
                0x080030f4       0xfe build/debug/stm32f1xx_hal_tim.o
                0x080030f4                HAL_TIM_ConfigClockSource
 .text.TIM_CCxChannelCmd
                0x080031f2       0x1e build/debug/stm32f1xx_hal_tim.o
                0x080031f2                TIM_CCxChannelCmd
 .text.HAL_TIM_PWM_Start
                0x08003210       0xf4 build/debug/stm32f1xx_hal_tim.o
                0x08003210                HAL_TIM_PWM_Start
 .text.HAL_TIMEx_MasterConfigSynchronization
                0x08003304       0x74 build/debug/stm32f1xx_hal_tim_ex.o
                0x08003304                HAL_TIMEx_MasterConfigSynchronization
 .text.HAL_TIMEx_ConfigBreakDeadTime
                0x08003378       0x52 build/debug/stm32f1xx_hal_tim_ex.o
                0x08003378                HAL_TIMEx_ConfigBreakDeadTime
 .text.NMI_Handler
                0x080033ca        0x2 build/debug/stm32f1xx_it.o
                0x080033ca                NMI_Handler
 .text.HardFault_Handler
                0x080033cc        0x2 build/debug/stm32f1xx_it.o
                0x080033cc                HardFault_Handler
 .text.MemManage_Handler
                0x080033ce        0x2 build/debug/stm32f1xx_it.o
                0x080033ce                MemManage_Handler
 .text.BusFault_Handler
                0x080033d0        0x2 build/debug/stm32f1xx_it.o
                0x080033d0                BusFault_Handler
 .text.UsageFault_Handler
                0x080033d2        0x2 build/debug/stm32f1xx_it.o
                0x080033d2                UsageFault_Handler
 .text.SVC_Handler
                0x080033d4        0x2 build/debug/stm32f1xx_it.o
                0x080033d4                SVC_Handler
 .text.DebugMon_Handler
                0x080033d6        0x2 build/debug/stm32f1xx_it.o
                0x080033d6                DebugMon_Handler
 .text.PendSV_Handler
                0x080033d8        0x2 build/debug/stm32f1xx_it.o
                0x080033d8                PendSV_Handler
 .text.SysTick_Handler
                0x080033da        0x8 build/debug/stm32f1xx_it.o
                0x080033da                SysTick_Handler
 *fill*         0x080033e2        0x2 
 .text.DMA1_Channel1_IRQHandler
                0x080033e4       0x10 build/debug/stm32f1xx_it.o
                0x080033e4                DMA1_Channel1_IRQHandler
 .text.ADC1_IRQHandler
                0x080033f4       0x10 build/debug/stm32f1xx_it.o
                0x080033f4                ADC1_IRQHandler
 .text.SystemInit
                0x08003404        0x2 build/debug/system_stm32f1xx.o
                0x08003404                SystemInit
 *fill*         0x08003406        0x2 
 .text.Reset_Handler
                0x08003408       0x48 build/debug/startup_stm32f100xb.o
                0x08003408                Reset_Handler
 .text.Default_Handler
                0x08003450        0x2 build/debug/startup_stm32f100xb.o
                0x08003450                RTC_Alarm_IRQHandler
                0x08003450                EXTI2_IRQHandler
                0x08003450                TIM1_CC_IRQHandler
                0x08003450                PVD_IRQHandler
                0x08003450                EXTI3_IRQHandler
                0x08003450                EXTI0_IRQHandler
                0x08003450                TIM1_UP_TIM16_IRQHandler
                0x08003450                SPI1_IRQHandler
                0x08003450                TAMPER_IRQHandler
                0x08003450                TIM6_DAC_IRQHandler
                0x08003450                DMA1_Channel4_IRQHandler
                0x08003450                USART3_IRQHandler
                0x08003450                RTC_IRQHandler
                0x08003450                DMA1_Channel7_IRQHandler
                0x08003450                TIM4_IRQHandler
                0x08003450                I2C1_EV_IRQHandler
                0x08003450                DMA1_Channel6_IRQHandler
                0x08003450                TIM3_IRQHandler
                0x08003450                RCC_IRQHandler
                0x08003450                Default_Handler
                0x08003450                CEC_IRQHandler
                0x08003450                EXTI15_10_IRQHandler
                0x08003450                TIM7_IRQHandler
                0x08003450                EXTI9_5_IRQHandler
                0x08003450                SPI2_IRQHandler
                0x08003450                DMA1_Channel5_IRQHandler
                0x08003450                EXTI4_IRQHandler
                0x08003450                TIM1_TRG_COM_TIM17_IRQHandler
                0x08003450                DMA1_Channel3_IRQHandler
                0x08003450                WWDG_IRQHandler
                0x08003450                TIM2_IRQHandler
                0x08003450                EXTI1_IRQHandler
                0x08003450                USART2_IRQHandler
                0x08003450                DMA1_Channel2_IRQHandler
                0x08003450                FLASH_IRQHandler
                0x08003450                USART1_IRQHandler
                0x08003450                I2C1_ER_IRQHandler
                0x08003450                TIM1_BRK_TIM15_IRQHandler
 .text.memset   0x08003452       0x10 C:/Program Files (x86)/Arm GNU Toolchain arm-none-eabi/14.2 rel1/bin/../lib/gcc/arm-none-eabi/14.2.1/thumb/v7-m/nofp\libc_nano.a(libc_a-memset.o)
                0x08003452                memset
 *fill*         0x08003462        0x2 
 .text.__errno  0x08003464        0xc C:/Program Files (x86)/Arm GNU Toolchain arm-none-eabi/14.2 rel1/bin/../lib/gcc/arm-none-eabi/14.2.1/thumb/v7-m/nofp\libc_nano.a(libc_a-errno.o)
                0x08003464                __errno
 .text.__libc_init_array
                0x08003470       0x48 C:/Program Files (x86)/Arm GNU Toolchain arm-none-eabi/14.2 rel1/bin/../lib/gcc/arm-none-eabi/14.2.1/thumb/v7-m/nofp\libc_nano.a(libc_a-init.o)
                0x08003470                __libc_init_array
 .text.pow      0x080034b8       0xdc C:/Program Files (x86)/Arm GNU Toolchain arm-none-eabi/14.2 rel1/bin/../lib/gcc/arm-none-eabi/14.2.1/thumb/v7-m/nofp\libm.a(libm_a-w_pow.o)
                0x080034b8                pow
 .text.finite   0x08003594        0xc C:/Program Files (x86)/Arm GNU Toolchain arm-none-eabi/14.2 rel1/bin/../lib/gcc/arm-none-eabi/14.2.1/thumb/v7-m/nofp\libm.a(libm_a-s_finite.o)
                0x08003594                finite
 .text.__ieee754_pow
                0x080035a0      0xbc8 C:/Program Files (x86)/Arm GNU Toolchain arm-none-eabi/14.2 rel1/bin/../lib/gcc/arm-none-eabi/14.2.1/thumb/v7-m/nofp\libm.a(libm_a-e_pow.o)
                0x080035a0                __ieee754_pow
 .text.fabs     0x08004168        0x8 C:/Program Files (x86)/Arm GNU Toolchain arm-none-eabi/14.2 rel1/bin/../lib/gcc/arm-none-eabi/14.2.1/thumb/v7-m/nofp\libm.a(libm_a-s_fabs.o)
                0x08004168                fabs
 .text.scalbn   0x08004170       0xfc C:/Program Files (x86)/Arm GNU Toolchain arm-none-eabi/14.2 rel1/bin/../lib/gcc/arm-none-eabi/14.2.1/thumb/v7-m/nofp\libm.a(libm_a-s_scalbn.o)
                0x08004170                scalbn
 .text.with_errno
                0x0800426c       0x18 C:/Program Files (x86)/Arm GNU Toolchain arm-none-eabi/14.2 rel1/bin/../lib/gcc/arm-none-eabi/14.2.1/thumb/v7-m/nofp\libm.a(libm_a-math_err.o)
 .text.xflow    0x08004284       0x30 C:/Program Files (x86)/Arm GNU Toolchain arm-none-eabi/14.2 rel1/bin/../lib/gcc/arm-none-eabi/14.2.1/thumb/v7-m/nofp\libm.a(libm_a-math_err.o)
 .text.__math_uflow
                0x080042b4        0xc C:/Program Files (x86)/Arm GNU Toolchain arm-none-eabi/14.2 rel1/bin/../lib/gcc/arm-none-eabi/14.2.1/thumb/v7-m/nofp\libm.a(libm_a-math_err.o)
                0x080042b4                __math_uflow
 .text.__math_oflow
                0x080042c0        0xc C:/Program Files (x86)/Arm GNU Toolchain arm-none-eabi/14.2 rel1/bin/../lib/gcc/arm-none-eabi/14.2.1/thumb/v7-m/nofp\libm.a(libm_a-math_err.o)
                0x080042c0                __math_oflow
 .text.__ieee754_sqrt
                0x080042cc      0x1dc C:/Program Files (x86)/Arm GNU Toolchain arm-none-eabi/14.2 rel1/bin/../lib/gcc/arm-none-eabi/14.2.1/thumb/v7-m/nofp\libm.a(libm_a-e_sqrt.o)
                0x080042cc                __ieee754_sqrt
 *(.glue_7)
 .glue_7        0x080044a8        0x0 linker stubs
 *(.glue_7t)
 .glue_7t       0x080044a8        0x0 linker stubs
 *(.eh_frame)
 .eh_frame      0x080044a8        0x0 C:/Program Files (x86)/Arm GNU Toolchain arm-none-eabi/14.2 rel1/bin/../lib/gcc/arm-none-eabi/14.2.1/thumb/v7-m/nofp/crtbegin.o
 *(.init)
 .init          0x080044a8        0x4 C:/Program Files (x86)/Arm GNU Toolchain arm-none-eabi/14.2 rel1/bin/../lib/gcc/arm-none-eabi/14.2.1/thumb/v7-m/nofp/crti.o
                0x080044a8                _init
 .init          0x080044ac        0x8 C:/Program Files (x86)/Arm GNU Toolchain arm-none-eabi/14.2 rel1/bin/../lib/gcc/arm-none-eabi/14.2.1/thumb/v7-m/nofp/crtn.o
 *(.fini)
 .fini          0x080044b4        0x4 C:/Program Files (x86)/Arm GNU Toolchain arm-none-eabi/14.2 rel1/bin/../lib/gcc/arm-none-eabi/14.2.1/thumb/v7-m/nofp/crti.o
                0x080044b4                _fini
 .fini          0x080044b8        0x8 C:/Program Files (x86)/Arm GNU Toolchain arm-none-eabi/14.2 rel1/bin/../lib/gcc/arm-none-eabi/14.2.1/thumb/v7-m/nofp/crtn.o
                0x080044c0                        . = ALIGN (0x4)
                0x080044c0                        _etext = .

.vfp11_veneer   0x080044c0        0x0
 .vfp11_veneer  0x080044c0        0x0 linker stubs

.v4_bx          0x080044c0        0x0
 .v4_bx         0x080044c0        0x0 linker stubs

.iplt           0x080044c0        0x0
 .iplt          0x080044c0        0x0 C:/Program Files (x86)/Arm GNU Toolchain arm-none-eabi/14.2 rel1/bin/../lib/gcc/arm-none-eabi/14.2.1/thumb/v7-m/nofp/crtbegin.o

.rodata         0x080044c0       0x60
                0x080044c0                        . = ALIGN (0x4)
 *(.rodata)
 *(.rodata*)
 .rodata.BLACK  0x080044c0       0x10 build/debug/main.o
                0x080044c0                BLACK
 .rodata.WHITE  0x080044d0       0x10 build/debug/main.o
                0x080044d0                WHITE
 .rodata.aPredivFactorTable.0
                0x080044e0       0x10 build/debug/stm32f1xx_hal_rcc.o
 .rodata.aPLLMULFactorTable.1
                0x080044f0       0x10 build/debug/stm32f1xx_hal_rcc.o
 .rodata.AHBPrescTable
                0x08004500       0x10 build/debug/system_stm32f1xx.o
                0x08004500                AHBPrescTable
 .rodata.tiny   0x08004510        0x8 C:/Program Files (x86)/Arm GNU Toolchain arm-none-eabi/14.2 rel1/bin/../lib/gcc/arm-none-eabi/14.2.1/thumb/v7-m/nofp\libm.a(libm_a-e_sqrt.o)
 .rodata.one    0x08004518        0x8 C:/Program Files (x86)/Arm GNU Toolchain arm-none-eabi/14.2 rel1/bin/../lib/gcc/arm-none-eabi/14.2.1/thumb/v7-m/nofp\libm.a(libm_a-e_sqrt.o)
                0x08004520                        . = ALIGN (0x4)

.ARM.extab      0x08004520        0x0
                0x08004520                        . = ALIGN (0x4)
 *(.ARM.extab* .gnu.linkonce.armextab.*)
                0x08004520                        . = ALIGN (0x4)

.ARM            0x08004520        0x0
                0x08004520                        . = ALIGN (0x4)
                0x08004520                        __exidx_start = .
 *(.ARM.exidx*)
                0x08004520                        __exidx_end = .
                0x08004520                        . = ALIGN (0x4)

.preinit_array  0x08004520        0x0
                0x08004520                        . = ALIGN (0x4)
                0x08004520                        PROVIDE (__preinit_array_start = .)
 *(.preinit_array*)
                0x08004520                        PROVIDE (__preinit_array_end = .)
                0x08004520                        . = ALIGN (0x4)

.init_array     0x08004520        0x4
                0x08004520                        . = ALIGN (0x4)
                0x08004520                        PROVIDE (__init_array_start = .)
 *(SORT_BY_NAME(.init_array.*))
 *(.init_array*)
 .init_array    0x08004520        0x4 C:/Program Files (x86)/Arm GNU Toolchain arm-none-eabi/14.2 rel1/bin/../lib/gcc/arm-none-eabi/14.2.1/thumb/v7-m/nofp/crtbegin.o
                0x08004524                        PROVIDE (__init_array_end = .)
                0x08004524                        . = ALIGN (0x4)

.fini_array     0x08004524        0x4
                0x08004524                        . = ALIGN (0x4)
                [!provide]                        PROVIDE (__fini_array_start = .)
 *(SORT_BY_NAME(.fini_array.*))
 *(.fini_array*)
 .fini_array    0x08004524        0x4 C:/Program Files (x86)/Arm GNU Toolchain arm-none-eabi/14.2 rel1/bin/../lib/gcc/arm-none-eabi/14.2.1/thumb/v7-m/nofp/crtbegin.o
                [!provide]                        PROVIDE (__fini_array_end = .)
                0x08004528                        . = ALIGN (0x4)
                0x08004528                        _sidata = LOADADDR (.data)

.rel.dyn        0x08004528        0x0
 .rel.iplt      0x08004528        0x0 C:/Program Files (x86)/Arm GNU Toolchain arm-none-eabi/14.2 rel1/bin/../lib/gcc/arm-none-eabi/14.2.1/thumb/v7-m/nofp/crtbegin.o

.data           0x20000000       0x60 load address 0x08004528
                0x20000000                        . = ALIGN (0x4)
                0x20000000                        _sdata = .
 *(.data)
 *(.data*)
 .data.lfspeed  0x20000000        0x4 build/debug/main.o
                0x20000000                lfspeed
 .data.multiD   0x20000004        0x1 build/debug/main.o
                0x20000004                multiD
 .data.multiI   0x20000005        0x1 build/debug/main.o
                0x20000005                multiI
 .data.multiP   0x20000006        0x1 build/debug/main.o
                0x20000006                multiP
 .data.uwTickFreq
                0x20000007        0x1 build/debug/stm32f1xx_hal.o
                0x20000007                uwTickFreq
 .data.uwTickPrio
                0x20000008        0x4 build/debug/stm32f1xx_hal.o
                0x20000008                uwTickPrio
 .data.SystemCoreClock
                0x2000000c        0x4 build/debug/system_stm32f1xx.o
                0x2000000c                SystemCoreClock
 .data._impure_ptr
                0x20000010        0x4 C:/Program Files (x86)/Arm GNU Toolchain arm-none-eabi/14.2 rel1/bin/../lib/gcc/arm-none-eabi/14.2.1/thumb/v7-m/nofp\libc_nano.a(libc_a-impure.o)
                0x20000010                _impure_ptr
 .data._impure_data
                0x20000014       0x4c C:/Program Files (x86)/Arm GNU Toolchain arm-none-eabi/14.2 rel1/bin/../lib/gcc/arm-none-eabi/14.2.1/thumb/v7-m/nofp\libc_nano.a(libc_a-impure.o)
                0x20000014                _impure_data
 *(.RamFunc)
 *(.RamFunc*)
                0x20000060                        . = ALIGN (0x4)
                0x20000060                        _edata = .

.tm_clone_table
                0x20000060        0x0 load address 0x08004588
 .tm_clone_table
                0x20000060        0x0 C:/Program Files (x86)/Arm GNU Toolchain arm-none-eabi/14.2 rel1/bin/../lib/gcc/arm-none-eabi/14.2.1/thumb/v7-m/nofp/crtbegin.o
 .tm_clone_table
                0x20000060        0x0 C:/Program Files (x86)/Arm GNU Toolchain arm-none-eabi/14.2 rel1/bin/../lib/gcc/arm-none-eabi/14.2.1/thumb/v7-m/nofp/crtend.o

.igot.plt       0x20000060        0x0 load address 0x08004588
 .igot.plt      0x20000060        0x0 C:/Program Files (x86)/Arm GNU Toolchain arm-none-eabi/14.2 rel1/bin/../lib/gcc/arm-none-eabi/14.2.1/thumb/v7-m/nofp/crtbegin.o
                0x20000060                        . = ALIGN (0x4)

.bss            0x20000060      0x2bc load address 0x08004588
                0x20000060                        _sbss = .
                0x20000060                        __bss_start__ = _sbss
 *(.bss)
 *(.bss*)
 .bss.completed.1
                0x20000060        0x1 C:/Program Files (x86)/Arm GNU Toolchain arm-none-eabi/14.2 rel1/bin/../lib/gcc/arm-none-eabi/14.2.1/thumb/v7-m/nofp/crtbegin.o
 *fill*         0x20000061        0x3 
 .bss.object.0  0x20000064       0x18 C:/Program Files (x86)/Arm GNU Toolchain arm-none-eabi/14.2 rel1/bin/../lib/gcc/arm-none-eabi/14.2.1/thumb/v7-m/nofp/crtbegin.o
 .bss.adc_done_flag
                0x2000007c        0x1 build/debug/main.o
                0x2000007c                adc_done_flag
 *fill*         0x2000007d        0x3 
 .bss.rsp       0x20000080        0x4 build/debug/main.o
                0x20000080                rsp
 .bss.lsp       0x20000084        0x4 build/debug/main.o
                0x20000084                lsp
 .bss.error     0x20000088        0x4 build/debug/main.o
                0x20000088                error
 .bss.previousError
                0x2000008c        0x4 build/debug/main.o
                0x2000008c                previousError
 .bss.I         0x20000090        0x4 build/debug/main.o
                0x20000090                I
 .bss.D         0x20000094        0x4 build/debug/main.o
                0x20000094                D
 .bss.P         0x20000098        0x4 build/debug/main.o
                0x20000098                P
 .bss.position  0x2000009c        0x2 build/debug/main.o
                0x2000009c                position
 *fill*         0x2000009e        0x2 
 .bss.Dvalue    0x200000a0        0x4 build/debug/main.o
                0x200000a0                Dvalue
 .bss.Ivalue    0x200000a4        0x4 build/debug/main.o
                0x200000a4                Ivalue
 .bss.Pvalue    0x200000a8        0x4 build/debug/main.o
                0x200000a8                Pvalue
 .bss.Kd        0x200000ac        0x4 build/debug/main.o
                0x200000ac                Kd
 .bss.Ki        0x200000b0        0x4 build/debug/main.o
                0x200000b0                Ki
 .bss.Kp        0x200000b4        0x4 build/debug/main.o
                0x200000b4                Kp
 .bss.adc_buffer
                0x200000b8       0x24 build/debug/main.o
                0x200000b8                adc_buffer
 .bss.htim2     0x200000dc       0x48 build/debug/main.o
                0x200000dc                htim2
 .bss.htim1     0x20000124       0x48 build/debug/main.o
                0x20000124                htim1
 .bss.hdma_adc1
                0x2000016c       0x44 build/debug/main.o
                0x2000016c                hdma_adc1
 .bss.hadc1     0x200001b0       0x30 build/debug/main.o
                0x200001b0                hadc1
 .bss.uwTick    0x200001e0        0x4 build/debug/stm32f1xx_hal.o
                0x200001e0                uwTick
 .bss.__sf      0x200001e4      0x138 C:/Program Files (x86)/Arm GNU Toolchain arm-none-eabi/14.2 rel1/bin/../lib/gcc/arm-none-eabi/14.2.1/thumb/v7-m/nofp\libc_nano.a(libc_a-findfp.o)
                0x200001e4                __sf
 *(COMMON)
                0x2000031c                        . = ALIGN (0x4)
                0x2000031c                        _ebss = .
                0x2000031c                        __bss_end__ = _ebss

._user_heap_stack
                0x2000031c      0x604 load address 0x08004588
                0x20000320                        . = ALIGN (0x8)
 *fill*         0x2000031c        0x4 
                [!provide]                        PROVIDE (end = .)
                0x20000320                        PROVIDE (_end = .)
                0x20000520                        . = (. + _Min_Heap_Size)
 *fill*         0x20000320      0x200 
                0x20000920                        . = (. + _Min_Stack_Size)
 *fill*         0x20000520      0x400 
                0x20000920                        . = ALIGN (0x8)

/DISCARD/
 libc.a(*)
 libm.a(*)
 libgcc.a(*)
OUTPUT(build/debug/line_follower.elf elf32-littlearm)
LOAD linker stubs
LOAD C:/Program Files (x86)/Arm GNU Toolchain arm-none-eabi/14.2 rel1/bin/../lib/gcc/arm-none-eabi/14.2.1/thumb/v7-m/nofp\libc.a
LOAD C:/Program Files (x86)/Arm GNU Toolchain arm-none-eabi/14.2 rel1/bin/../lib/gcc/arm-none-eabi/14.2.1/thumb/v7-m/nofp\libm.a
LOAD C:/Program Files (x86)/Arm GNU Toolchain arm-none-eabi/14.2 rel1/bin/../lib/gcc/arm-none-eabi/14.2.1/thumb/v7-m/nofp\libgcc.a

.ARM.attributes
                0x00000000       0x29
 .ARM.attributes
                0x00000000       0x1d C:/Program Files (x86)/Arm GNU Toolchain arm-none-eabi/14.2 rel1/bin/../lib/gcc/arm-none-eabi/14.2.1/thumb/v7-m/nofp/crti.o
 .ARM.attributes
                0x0000001d       0x2d C:/Program Files (x86)/Arm GNU Toolchain arm-none-eabi/14.2 rel1/bin/../lib/gcc/arm-none-eabi/14.2.1/thumb/v7-m/nofp/crtbegin.o
 .ARM.attributes
                0x0000004a       0x2d build/debug/main.o
 .ARM.attributes
                0x00000077       0x2d build/debug/motor.o
 .ARM.attributes
                0x000000a4       0x2d build/debug/stm32f1xx_hal.o
 .ARM.attributes
                0x000000d1       0x2d build/debug/stm32f1xx_hal_adc.o
 .ARM.attributes
                0x000000fe       0x2d build/debug/stm32f1xx_hal_adc_ex.o
 .ARM.attributes
                0x0000012b       0x2d build/debug/stm32f1xx_hal_cortex.o
 .ARM.attributes
                0x00000158       0x2d build/debug/stm32f1xx_hal_dma.o
 .ARM.attributes
                0x00000185       0x2d build/debug/stm32f1xx_hal_gpio.o
 .ARM.attributes
                0x000001b2       0x2d build/debug/stm32f1xx_hal_msp.o
 .ARM.attributes
                0x000001df       0x2d build/debug/stm32f1xx_hal_rcc.o
 .ARM.attributes
                0x0000020c       0x2d build/debug/stm32f1xx_hal_rcc_ex.o
 .ARM.attributes
                0x00000239       0x2d build/debug/stm32f1xx_hal_tim.o
 .ARM.attributes
                0x00000266       0x2d build/debug/stm32f1xx_hal_tim_ex.o
 .ARM.attributes
                0x00000293       0x2d build/debug/stm32f1xx_it.o
 .ARM.attributes
                0x000002c0       0x2d build/debug/system_stm32f1xx.o
 .ARM.attributes
                0x000002ed       0x21 build/debug/startup_stm32f100xb.o
 .ARM.attributes
                0x0000030e       0x2d C:/Program Files (x86)/Arm GNU Toolchain arm-none-eabi/14.2 rel1/bin/../lib/gcc/arm-none-eabi/14.2.1/thumb/v7-m/nofp\libc_nano.a(libc_a-findfp.o)
 .ARM.attributes
                0x0000033b       0x2d C:/Program Files (x86)/Arm GNU Toolchain arm-none-eabi/14.2 rel1/bin/../lib/gcc/arm-none-eabi/14.2.1/thumb/v7-m/nofp\libc_nano.a(libc_a-memset.o)
 .ARM.attributes
                0x00000368       0x2d C:/Program Files (x86)/Arm GNU Toolchain arm-none-eabi/14.2 rel1/bin/../lib/gcc/arm-none-eabi/14.2.1/thumb/v7-m/nofp\libc_nano.a(libc_a-impure.o)
 .ARM.attributes
                0x00000395       0x2d C:/Program Files (x86)/Arm GNU Toolchain arm-none-eabi/14.2 rel1/bin/../lib/gcc/arm-none-eabi/14.2.1/thumb/v7-m/nofp\libc_nano.a(libc_a-errno.o)
 .ARM.attributes
                0x000003c2       0x2d C:/Program Files (x86)/Arm GNU Toolchain arm-none-eabi/14.2 rel1/bin/../lib/gcc/arm-none-eabi/14.2.1/thumb/v7-m/nofp\libc_nano.a(libc_a-init.o)
 .ARM.attributes
                0x000003ef       0x2d C:/Program Files (x86)/Arm GNU Toolchain arm-none-eabi/14.2 rel1/bin/../lib/gcc/arm-none-eabi/14.2.1/thumb/v7-m/nofp\libm.a(libm_a-w_pow.o)
 .ARM.attributes
                0x0000041c       0x2d C:/Program Files (x86)/Arm GNU Toolchain arm-none-eabi/14.2 rel1/bin/../lib/gcc/arm-none-eabi/14.2.1/thumb/v7-m/nofp\libm.a(libm_a-s_finite.o)
 .ARM.attributes
                0x00000449       0x2d C:/Program Files (x86)/Arm GNU Toolchain arm-none-eabi/14.2 rel1/bin/../lib/gcc/arm-none-eabi/14.2.1/thumb/v7-m/nofp\libm.a(libm_a-e_pow.o)
 .ARM.attributes
                0x00000476       0x2d C:/Program Files (x86)/Arm GNU Toolchain arm-none-eabi/14.2 rel1/bin/../lib/gcc/arm-none-eabi/14.2.1/thumb/v7-m/nofp\libm.a(libm_a-s_fabs.o)
 .ARM.attributes
                0x000004a3       0x2d C:/Program Files (x86)/Arm GNU Toolchain arm-none-eabi/14.2 rel1/bin/../lib/gcc/arm-none-eabi/14.2.1/thumb/v7-m/nofp\libm.a(libm_a-s_scalbn.o)
 .ARM.attributes
                0x000004d0       0x2d C:/Program Files (x86)/Arm GNU Toolchain arm-none-eabi/14.2 rel1/bin/../lib/gcc/arm-none-eabi/14.2.1/thumb/v7-m/nofp\libm.a(libm_a-math_err.o)
 .ARM.attributes
                0x000004fd       0x2d C:/Program Files (x86)/Arm GNU Toolchain arm-none-eabi/14.2 rel1/bin/../lib/gcc/arm-none-eabi/14.2.1/thumb/v7-m/nofp\libm.a(libm_a-e_sqrt.o)
 .ARM.attributes
                0x0000052a       0x1d C:/Program Files (x86)/Arm GNU Toolchain arm-none-eabi/14.2 rel1/bin/../lib/gcc/arm-none-eabi/14.2.1/thumb/v7-m/nofp\libgcc.a(_arm_addsubdf3.o)
 .ARM.attributes
                0x00000547       0x1d C:/Program Files (x86)/Arm GNU Toolchain arm-none-eabi/14.2 rel1/bin/../lib/gcc/arm-none-eabi/14.2.1/thumb/v7-m/nofp\libgcc.a(_arm_muldivdf3.o)
 .ARM.attributes
                0x00000564       0x1d C:/Program Files (x86)/Arm GNU Toolchain arm-none-eabi/14.2 rel1/bin/../lib/gcc/arm-none-eabi/14.2.1/thumb/v7-m/nofp\libgcc.a(_arm_cmpdf2.o)
 .ARM.attributes
                0x00000581       0x1d C:/Program Files (x86)/Arm GNU Toolchain arm-none-eabi/14.2 rel1/bin/../lib/gcc/arm-none-eabi/14.2.1/thumb/v7-m/nofp\libgcc.a(_arm_unorddf2.o)
 .ARM.attributes
                0x0000059e       0x1d C:/Program Files (x86)/Arm GNU Toolchain arm-none-eabi/14.2 rel1/bin/../lib/gcc/arm-none-eabi/14.2.1/thumb/v7-m/nofp\libgcc.a(_arm_truncdfsf2.o)
 .ARM.attributes
                0x000005bb       0x1d C:/Program Files (x86)/Arm GNU Toolchain arm-none-eabi/14.2 rel1/bin/../lib/gcc/arm-none-eabi/14.2.1/thumb/v7-m/nofp\libgcc.a(_arm_addsubsf3.o)
 .ARM.attributes
                0x000005d8       0x1d C:/Program Files (x86)/Arm GNU Toolchain arm-none-eabi/14.2 rel1/bin/../lib/gcc/arm-none-eabi/14.2.1/thumb/v7-m/nofp\libgcc.a(_arm_fixsfsi.o)
 .ARM.attributes
                0x000005f5       0x2d C:/Program Files (x86)/Arm GNU Toolchain arm-none-eabi/14.2 rel1/bin/../lib/gcc/arm-none-eabi/14.2.1/thumb/v7-m/nofp/crtend.o
 .ARM.attributes
                0x00000622       0x1d C:/Program Files (x86)/Arm GNU Toolchain arm-none-eabi/14.2 rel1/bin/../lib/gcc/arm-none-eabi/14.2.1/thumb/v7-m/nofp/crtn.o

.comment        0x00000000       0x45
 .comment       0x00000000       0x45 build/debug/main.o
                                 0x46 (size before relaxing)
 .comment       0x00000045       0x46 build/debug/motor.o
 .comment       0x00000045       0x46 build/debug/stm32f1xx_hal.o
 .comment       0x00000045       0x46 build/debug/stm32f1xx_hal_adc.o
 .comment       0x00000045       0x46 build/debug/stm32f1xx_hal_adc_ex.o
 .comment       0x00000045       0x46 build/debug/stm32f1xx_hal_cortex.o
 .comment       0x00000045       0x46 build/debug/stm32f1xx_hal_dma.o
 .comment       0x00000045       0x46 build/debug/stm32f1xx_hal_gpio.o
 .comment       0x00000045       0x46 build/debug/stm32f1xx_hal_msp.o
 .comment       0x00000045       0x46 build/debug/stm32f1xx_hal_rcc.o
 .comment       0x00000045       0x46 build/debug/stm32f1xx_hal_rcc_ex.o
 .comment       0x00000045       0x46 build/debug/stm32f1xx_hal_tim.o
 .comment       0x00000045       0x46 build/debug/stm32f1xx_hal_tim_ex.o
 .comment       0x00000045       0x46 build/debug/stm32f1xx_it.o
 .comment       0x00000045       0x46 build/debug/system_stm32f1xx.o

.debug_info     0x00000000     0xdf40
 .debug_info    0x00000000     0x20f4 build/debug/main.o
 .debug_info    0x000020f4      0x8c3 build/debug/motor.o
 .debug_info    0x000029b7      0x71b build/debug/stm32f1xx_hal.o
 .debug_info    0x000030d2      0xed9 build/debug/stm32f1xx_hal_adc.o
 .debug_info    0x00003fab      0x955 build/debug/stm32f1xx_hal_adc_ex.o
 .debug_info    0x00004900      0xccd build/debug/stm32f1xx_hal_cortex.o
 .debug_info    0x000055cd      0x7f2 build/debug/stm32f1xx_hal_dma.o
 .debug_info    0x00005dbf      0x61e build/debug/stm32f1xx_hal_gpio.o
 .debug_info    0x000063dd      0xf78 build/debug/stm32f1xx_hal_msp.o
 .debug_info    0x00007355      0x957 build/debug/stm32f1xx_hal_rcc.o
 .debug_info    0x00007cac      0x3a1 build/debug/stm32f1xx_hal_rcc_ex.o
 .debug_info    0x0000804d     0x3c0f build/debug/stm32f1xx_hal_tim.o
 .debug_info    0x0000bc5c     0x1a9e build/debug/stm32f1xx_hal_tim_ex.o
 .debug_info    0x0000d6fa      0x5d0 build/debug/stm32f1xx_it.o
 .debug_info    0x0000dcca      0x246 build/debug/system_stm32f1xx.o
 .debug_info    0x0000df10       0x30 build/debug/startup_stm32f100xb.o

.debug_abbrev   0x00000000     0x2315
 .debug_abbrev  0x00000000      0x3a8 build/debug/main.o
 .debug_abbrev  0x000003a8      0x1f0 build/debug/motor.o
 .debug_abbrev  0x00000598      0x25f build/debug/stm32f1xx_hal.o
 .debug_abbrev  0x000007f7      0x252 build/debug/stm32f1xx_hal_adc.o
 .debug_abbrev  0x00000a49      0x279 build/debug/stm32f1xx_hal_adc_ex.o
 .debug_abbrev  0x00000cc2      0x36d build/debug/stm32f1xx_hal_cortex.o
 .debug_abbrev  0x0000102f      0x244 build/debug/stm32f1xx_hal_dma.o
 .debug_abbrev  0x00001273      0x1f7 build/debug/stm32f1xx_hal_gpio.o
 .debug_abbrev  0x0000146a      0x2b4 build/debug/stm32f1xx_hal_msp.o
 .debug_abbrev  0x0000171e      0x29f build/debug/stm32f1xx_hal_rcc.o
 .debug_abbrev  0x000019bd      0x1ac build/debug/stm32f1xx_hal_rcc_ex.o
 .debug_abbrev  0x00001b69      0x270 build/debug/stm32f1xx_hal_tim.o
 .debug_abbrev  0x00001dd9      0x26e build/debug/stm32f1xx_hal_tim_ex.o
 .debug_abbrev  0x00002047      0x18d build/debug/stm32f1xx_it.o
 .debug_abbrev  0x000021d4      0x11d build/debug/system_stm32f1xx.o
 .debug_abbrev  0x000022f1       0x24 build/debug/startup_stm32f100xb.o

.debug_loclists
                0x00000000     0x7065
 .debug_loclists
                0x00000000      0x1e8 build/debug/main.o
 .debug_loclists
                0x000001e8       0x74 build/debug/motor.o
 .debug_loclists
                0x0000025c       0xe1 build/debug/stm32f1xx_hal.o
 .debug_loclists
                0x0000033d      0x7d6 build/debug/stm32f1xx_hal_adc.o
 .debug_loclists
                0x00000b13      0x459 build/debug/stm32f1xx_hal_adc_ex.o
 .debug_loclists
                0x00000f6c      0x530 build/debug/stm32f1xx_hal_cortex.o
 .debug_loclists
                0x0000149c      0x562 build/debug/stm32f1xx_hal_dma.o
 .debug_loclists
                0x000019fe      0x300 build/debug/stm32f1xx_hal_gpio.o
 .debug_loclists
                0x00001cfe       0xd6 build/debug/stm32f1xx_hal_msp.o
 .debug_loclists
                0x00001dd4      0x42c build/debug/stm32f1xx_hal_rcc.o
 .debug_loclists
                0x00002200      0x1db build/debug/stm32f1xx_hal_rcc_ex.o
 .debug_loclists
                0x000023db     0x37d9 build/debug/stm32f1xx_hal_tim.o
 .debug_loclists
                0x00005bb4     0x13db build/debug/stm32f1xx_hal_tim_ex.o
 .debug_loclists
                0x00006f8f       0xd6 build/debug/system_stm32f1xx.o

.debug_aranges  0x00000000      0xb90
 .debug_aranges
                0x00000000       0x90 build/debug/main.o
 .debug_aranges
                0x00000090       0x38 build/debug/motor.o
 .debug_aranges
                0x000000c8       0xe0 build/debug/stm32f1xx_hal.o
 .debug_aranges
                0x000001a8       0xf0 build/debug/stm32f1xx_hal_adc.o
 .debug_aranges
                0x00000298       0x60 build/debug/stm32f1xx_hal_adc_ex.o
 .debug_aranges
                0x000002f8       0xc0 build/debug/stm32f1xx_hal_cortex.o
 .debug_aranges
                0x000003b8       0x80 build/debug/stm32f1xx_hal_dma.o
 .debug_aranges
                0x00000438       0x58 build/debug/stm32f1xx_hal_gpio.o
 .debug_aranges
                0x00000490       0x48 build/debug/stm32f1xx_hal_msp.o
 .debug_aranges
                0x000004d8       0x90 build/debug/stm32f1xx_hal_rcc.o
 .debug_aranges
                0x00000568       0x30 build/debug/stm32f1xx_hal_rcc_ex.o
 .debug_aranges
                0x00000598      0x3d0 build/debug/stm32f1xx_hal_tim.o
 .debug_aranges
                0x00000968      0x168 build/debug/stm32f1xx_hal_tim_ex.o
 .debug_aranges
                0x00000ad0       0x70 build/debug/stm32f1xx_it.o
 .debug_aranges
                0x00000b40       0x28 build/debug/system_stm32f1xx.o
 .debug_aranges
                0x00000b68       0x28 build/debug/startup_stm32f100xb.o

.debug_rnglists
                0x00000000      0x8f4
 .debug_rnglists
                0x00000000       0x88 build/debug/main.o
 .debug_rnglists
                0x00000088       0x25 build/debug/motor.o
 .debug_rnglists
                0x000000ad       0xa3 build/debug/stm32f1xx_hal.o
 .debug_rnglists
                0x00000150       0xb8 build/debug/stm32f1xx_hal_adc.o
 .debug_rnglists
                0x00000208       0x48 build/debug/stm32f1xx_hal_adc_ex.o
 .debug_rnglists
                0x00000250       0x8b build/debug/stm32f1xx_hal_cortex.o
 .debug_rnglists
                0x000002db       0x5e build/debug/stm32f1xx_hal_dma.o
 .debug_rnglists
                0x00000339       0x3f build/debug/stm32f1xx_hal_gpio.o
 .debug_rnglists
                0x00000378       0x33 build/debug/stm32f1xx_hal_msp.o
 .debug_rnglists
                0x000003ab       0x7d build/debug/stm32f1xx_hal_rcc.o
 .debug_rnglists
                0x00000428       0x2e build/debug/stm32f1xx_hal_rcc_ex.o
 .debug_rnglists
                0x00000456      0x302 build/debug/stm32f1xx_hal_tim.o
 .debug_rnglists
                0x00000758      0x11a build/debug/stm32f1xx_hal_tim_ex.o
 .debug_rnglists
                0x00000872       0x4f build/debug/stm32f1xx_it.o
 .debug_rnglists
                0x000008c1       0x1a build/debug/system_stm32f1xx.o
 .debug_rnglists
                0x000008db       0x19 build/debug/startup_stm32f100xb.o

.debug_line     0x00000000     0xbdc7
 .debug_line    0x00000000      0xc81 build/debug/main.o
 .debug_line    0x00000c81      0x2e3 build/debug/motor.o
 .debug_line    0x00000f64      0x52d build/debug/stm32f1xx_hal.o
 .debug_line    0x00001491      0xd9c build/debug/stm32f1xx_hal_adc.o
 .debug_line    0x0000222d      0x8cc build/debug/stm32f1xx_hal_adc_ex.o
 .debug_line    0x00002af9      0x6a7 build/debug/stm32f1xx_hal_cortex.o
 .debug_line    0x000031a0      0xade build/debug/stm32f1xx_hal_dma.o
 .debug_line    0x00003c7e      0x5c9 build/debug/stm32f1xx_hal_gpio.o
 .debug_line    0x00004247      0x47c build/debug/stm32f1xx_hal_msp.o
 .debug_line    0x000046c3      0xc7d build/debug/stm32f1xx_hal_rcc.o
 .debug_line    0x00005340      0x41b build/debug/stm32f1xx_hal_rcc_ex.o
 .debug_line    0x0000575b     0x473b build/debug/stm32f1xx_hal_tim.o
 .debug_line    0x00009e96     0x19b6 build/debug/stm32f1xx_hal_tim_ex.o
 .debug_line    0x0000b84c      0x2d9 build/debug/stm32f1xx_it.o
 .debug_line    0x0000bb25      0x22e build/debug/system_stm32f1xx.o
 .debug_line    0x0000bd53       0x74 build/debug/startup_stm32f100xb.o

.debug_str      0x00000000     0x3712
 .debug_str     0x00000000     0x3712 build/debug/main.o
                               0x12b0 (size before relaxing)
 .debug_str     0x00003712      0x723 build/debug/motor.o
 .debug_str     0x00003712      0x7c4 build/debug/stm32f1xx_hal.o
 .debug_str     0x00003712      0x8ac build/debug/stm32f1xx_hal_adc.o
 .debug_str     0x00003712      0x772 build/debug/stm32f1xx_hal_adc_ex.o
 .debug_str     0x00003712      0x882 build/debug/stm32f1xx_hal_cortex.o
 .debug_str     0x00003712      0x5cf build/debug/stm32f1xx_hal_dma.o
 .debug_str     0x00003712      0x3d8 build/debug/stm32f1xx_hal_gpio.o
 .debug_str     0x00003712      0xc27 build/debug/stm32f1xx_hal_msp.o
 .debug_str     0x00003712      0x5e4 build/debug/stm32f1xx_hal_rcc.o
 .debug_str     0x00003712      0x367 build/debug/stm32f1xx_hal_rcc_ex.o
 .debug_str     0x00003712     0x1657 build/debug/stm32f1xx_hal_tim.o
 .debug_str     0x00003712      0xe63 build/debug/stm32f1xx_hal_tim_ex.o
 .debug_str     0x00003712      0x56b build/debug/stm32f1xx_it.o
 .debug_str     0x00003712      0x23e build/debug/system_stm32f1xx.o
 .debug_str     0x00003712       0x65 build/debug/startup_stm32f100xb.o

.debug_frame    0x00000000     0x250c
 .debug_frame   0x00000000      0x1c4 build/debug/main.o
 .debug_frame   0x000001c4       0x7c build/debug/motor.o
 .debug_frame   0x00000240      0x1cc build/debug/stm32f1xx_hal.o
 .debug_frame   0x0000040c      0x2c8 build/debug/stm32f1xx_hal_adc.o
 .debug_frame   0x000006d4      0x118 build/debug/stm32f1xx_hal_adc_ex.o
 .debug_frame   0x000007ec      0x19c build/debug/stm32f1xx_hal_cortex.o
 .debug_frame   0x00000988      0x144 build/debug/stm32f1xx_hal_dma.o
 .debug_frame   0x00000acc       0xe4 build/debug/stm32f1xx_hal_gpio.o
 .debug_frame   0x00000bb0       0xb4 build/debug/stm32f1xx_hal_msp.o
 .debug_frame   0x00000c64      0x184 build/debug/stm32f1xx_hal_rcc.o
 .debug_frame   0x00000de8       0x60 build/debug/stm32f1xx_hal_rcc_ex.o
 .debug_frame   0x00000e48      0xb08 build/debug/stm32f1xx_hal_tim.o
 .debug_frame   0x00001950      0x418 build/debug/stm32f1xx_hal_tim_ex.o
 .debug_frame   0x00001d68       0xd8 build/debug/stm32f1xx_it.o
 .debug_frame   0x00001e40       0x30 build/debug/system_stm32f1xx.o
 .debug_frame   0x00001e70      0x144 C:/Program Files (x86)/Arm GNU Toolchain arm-none-eabi/14.2 rel1/bin/../lib/gcc/arm-none-eabi/14.2.1/thumb/v7-m/nofp\libc_nano.a(libc_a-findfp.o)
 .debug_frame   0x00001fb4       0x20 C:/Program Files (x86)/Arm GNU Toolchain arm-none-eabi/14.2 rel1/bin/../lib/gcc/arm-none-eabi/14.2.1/thumb/v7-m/nofp\libc_nano.a(libc_a-memset.o)
 .debug_frame   0x00001fd4       0x20 C:/Program Files (x86)/Arm GNU Toolchain arm-none-eabi/14.2 rel1/bin/../lib/gcc/arm-none-eabi/14.2.1/thumb/v7-m/nofp\libc_nano.a(libc_a-errno.o)
 .debug_frame   0x00001ff4       0x2c C:/Program Files (x86)/Arm GNU Toolchain arm-none-eabi/14.2 rel1/bin/../lib/gcc/arm-none-eabi/14.2.1/thumb/v7-m/nofp\libc_nano.a(libc_a-init.o)
 .debug_frame   0x00002020       0x34 C:/Program Files (x86)/Arm GNU Toolchain arm-none-eabi/14.2 rel1/bin/../lib/gcc/arm-none-eabi/14.2.1/thumb/v7-m/nofp\libm.a(libm_a-w_pow.o)
 .debug_frame   0x00002054       0x20 C:/Program Files (x86)/Arm GNU Toolchain arm-none-eabi/14.2 rel1/bin/../lib/gcc/arm-none-eabi/14.2.1/thumb/v7-m/nofp\libm.a(libm_a-s_finite.o)
 .debug_frame   0x00002074       0x80 C:/Program Files (x86)/Arm GNU Toolchain arm-none-eabi/14.2 rel1/bin/../lib/gcc/arm-none-eabi/14.2.1/thumb/v7-m/nofp\libm.a(libm_a-e_pow.o)
 .debug_frame   0x000020f4       0x20 C:/Program Files (x86)/Arm GNU Toolchain arm-none-eabi/14.2 rel1/bin/../lib/gcc/arm-none-eabi/14.2.1/thumb/v7-m/nofp\libm.a(libm_a-s_fabs.o)
 .debug_frame   0x00002114       0x30 C:/Program Files (x86)/Arm GNU Toolchain arm-none-eabi/14.2 rel1/bin/../lib/gcc/arm-none-eabi/14.2.1/thumb/v7-m/nofp\libm.a(libm_a-s_scalbn.o)
 .debug_frame   0x00002144      0x11c C:/Program Files (x86)/Arm GNU Toolchain arm-none-eabi/14.2 rel1/bin/../lib/gcc/arm-none-eabi/14.2.1/thumb/v7-m/nofp\libm.a(libm_a-math_err.o)
 .debug_frame   0x00002260       0x38 C:/Program Files (x86)/Arm GNU Toolchain arm-none-eabi/14.2 rel1/bin/../lib/gcc/arm-none-eabi/14.2.1/thumb/v7-m/nofp\libm.a(libm_a-e_sqrt.o)
 .debug_frame   0x00002298       0xac C:/Program Files (x86)/Arm GNU Toolchain arm-none-eabi/14.2 rel1/bin/../lib/gcc/arm-none-eabi/14.2.1/thumb/v7-m/nofp\libgcc.a(_arm_addsubdf3.o)
 .debug_frame   0x00002344       0x50 C:/Program Files (x86)/Arm GNU Toolchain arm-none-eabi/14.2 rel1/bin/../lib/gcc/arm-none-eabi/14.2.1/thumb/v7-m/nofp\libgcc.a(_arm_muldivdf3.o)
 .debug_frame   0x00002394       0xc4 C:/Program Files (x86)/Arm GNU Toolchain arm-none-eabi/14.2 rel1/bin/../lib/gcc/arm-none-eabi/14.2.1/thumb/v7-m/nofp\libgcc.a(_arm_cmpdf2.o)
 .debug_frame   0x00002458       0x20 C:/Program Files (x86)/Arm GNU Toolchain arm-none-eabi/14.2 rel1/bin/../lib/gcc/arm-none-eabi/14.2.1/thumb/v7-m/nofp\libgcc.a(_arm_unorddf2.o)
 .debug_frame   0x00002478       0x24 C:/Program Files (x86)/Arm GNU Toolchain arm-none-eabi/14.2 rel1/bin/../lib/gcc/arm-none-eabi/14.2.1/thumb/v7-m/nofp\libgcc.a(_arm_truncdfsf2.o)
 .debug_frame   0x0000249c       0x4c C:/Program Files (x86)/Arm GNU Toolchain arm-none-eabi/14.2 rel1/bin/../lib/gcc/arm-none-eabi/14.2.1/thumb/v7-m/nofp\libgcc.a(_arm_addsubsf3.o)
 .debug_frame   0x000024e8       0x24 C:/Program Files (x86)/Arm GNU Toolchain arm-none-eabi/14.2 rel1/bin/../lib/gcc/arm-none-eabi/14.2.1/thumb/v7-m/nofp\libgcc.a(_arm_fixsfsi.o)

.debug_line_str
                0x00000000      0x124
 .debug_line_str
                0x00000000      0x124 build/debug/startup_stm32f100xb.o
                                 0x49 (size before relaxing)
 .debug_line_str
                0x00000124       0xce C:/Program Files (x86)/Arm GNU Toolchain arm-none-eabi/14.2 rel1/bin/../lib/gcc/arm-none-eabi/14.2.1/thumb/v7-m/nofp\libgcc.a(_arm_addsubdf3.o)
 .debug_line_str
                0x00000124       0xce C:/Program Files (x86)/Arm GNU Toolchain arm-none-eabi/14.2 rel1/bin/../lib/gcc/arm-none-eabi/14.2.1/thumb/v7-m/nofp\libgcc.a(_arm_muldivdf3.o)
 .debug_line_str
                0x00000124       0xce C:/Program Files (x86)/Arm GNU Toolchain arm-none-eabi/14.2 rel1/bin/../lib/gcc/arm-none-eabi/14.2.1/thumb/v7-m/nofp\libgcc.a(_arm_cmpdf2.o)
 .debug_line_str
                0x00000124       0xce C:/Program Files (x86)/Arm GNU Toolchain arm-none-eabi/14.2 rel1/bin/../lib/gcc/arm-none-eabi/14.2.1/thumb/v7-m/nofp\libgcc.a(_arm_unorddf2.o)
 .debug_line_str
                0x00000124       0xce C:/Program Files (x86)/Arm GNU Toolchain arm-none-eabi/14.2 rel1/bin/../lib/gcc/arm-none-eabi/14.2.1/thumb/v7-m/nofp\libgcc.a(_arm_truncdfsf2.o)
 .debug_line_str
                0x00000124       0xce C:/Program Files (x86)/Arm GNU Toolchain arm-none-eabi/14.2 rel1/bin/../lib/gcc/arm-none-eabi/14.2.1/thumb/v7-m/nofp\libgcc.a(_arm_addsubsf3.o)
 .debug_line_str
                0x00000124       0xce C:/Program Files (x86)/Arm GNU Toolchain arm-none-eabi/14.2 rel1/bin/../lib/gcc/arm-none-eabi/14.2.1/thumb/v7-m/nofp\libgcc.a(_arm_fixsfsi.o)

Cross Reference Table

Symbol                                            File
ADC1_IRQHandler                                   build/debug/stm32f1xx_it.o
ADC_ConversionStop_Disable                        build/debug/stm32f1xx_hal_adc.o
                                                  build/debug/stm32f1xx_hal_adc_ex.o
ADC_DMAConvCplt                                   build/debug/stm32f1xx_hal_adc.o
ADC_DMAError                                      build/debug/stm32f1xx_hal_adc.o
ADC_DMAHalfConvCplt                               build/debug/stm32f1xx_hal_adc.o
ADC_Enable                                        build/debug/stm32f1xx_hal_adc.o
                                                  build/debug/stm32f1xx_hal_adc_ex.o
AHBPrescTable                                     build/debug/system_stm32f1xx.o
                                                  build/debug/stm32f1xx_hal_rcc.o
APBPrescTable                                     build/debug/system_stm32f1xx.o
                                                  build/debug/stm32f1xx_hal_rcc.o
BLACK                                             build/debug/main.o
BusFault_Handler                                  build/debug/stm32f1xx_it.o
CEC_IRQHandler                                    build/debug/startup_stm32f100xb.o
D                                                 build/debug/main.o
DMA1_Channel1_IRQHandler                          build/debug/stm32f1xx_it.o
DMA1_Channel2_IRQHandler                          build/debug/startup_stm32f100xb.o
DMA1_Channel3_IRQHandler                          build/debug/startup_stm32f100xb.o
DMA1_Channel4_IRQHandler                          build/debug/startup_stm32f100xb.o
DMA1_Channel5_IRQHandler                          build/debug/startup_stm32f100xb.o
DMA1_Channel6_IRQHandler                          build/debug/startup_stm32f100xb.o
DMA1_Channel7_IRQHandler                          build/debug/startup_stm32f100xb.o
DebugMon_Handler                                  build/debug/stm32f1xx_it.o
Default_Handler                                   build/debug/startup_stm32f100xb.o
Dvalue                                            build/debug/main.o
EXTI0_IRQHandler                                  build/debug/startup_stm32f100xb.o
EXTI15_10_IRQHandler                              build/debug/startup_stm32f100xb.o
EXTI1_IRQHandler                                  build/debug/startup_stm32f100xb.o
EXTI2_IRQHandler                                  build/debug/startup_stm32f100xb.o
EXTI3_IRQHandler                                  build/debug/startup_stm32f100xb.o
EXTI4_IRQHandler                                  build/debug/startup_stm32f100xb.o
EXTI9_5_IRQHandler                                build/debug/startup_stm32f100xb.o
Enter_Sleep                                       build/debug/main.o
Error_Handler                                     build/debug/main.o
                                                  build/debug/stm32f1xx_hal_msp.o
FLASH_IRQHandler                                  build/debug/startup_stm32f100xb.o
FLASH_PageErase                                   build/debug/stm32f1xx_hal_flash_ex.o
                                                  build/debug/stm32f1xx_hal_flash.o
FLASH_WaitForLastOperation                        build/debug/stm32f1xx_hal_flash.o
                                                  build/debug/stm32f1xx_hal_flash_ex.o
Get_Line                                          build/debug/main.o
HAL_ADCEx_Calibration_Start                       build/debug/stm32f1xx_hal_adc_ex.o
HAL_ADCEx_InjectedConfigChannel                   build/debug/stm32f1xx_hal_adc_ex.o
HAL_ADCEx_InjectedConvCpltCallback                build/debug/stm32f1xx_hal_adc_ex.o
                                                  build/debug/stm32f1xx_hal_adc.o
HAL_ADCEx_InjectedGetValue                        build/debug/stm32f1xx_hal_adc_ex.o
HAL_ADCEx_InjectedPollForConversion               build/debug/stm32f1xx_hal_adc_ex.o
HAL_ADCEx_InjectedStart                           build/debug/stm32f1xx_hal_adc_ex.o
HAL_ADCEx_InjectedStart_IT                        build/debug/stm32f1xx_hal_adc_ex.o
HAL_ADCEx_InjectedStop                            build/debug/stm32f1xx_hal_adc_ex.o
HAL_ADCEx_InjectedStop_IT                         build/debug/stm32f1xx_hal_adc_ex.o
HAL_ADC_AnalogWDGConfig                           build/debug/stm32f1xx_hal_adc.o
HAL_ADC_ConfigChannel                             build/debug/stm32f1xx_hal_adc.o
                                                  build/debug/main.o
HAL_ADC_ConvCpltCallback                          build/debug/main.o
HAL_ADC_ConvHalfCpltCallback                      build/debug/stm32f1xx_hal_adc.o
HAL_ADC_DeInit                                    build/debug/stm32f1xx_hal_adc.o
HAL_ADC_ErrorCallback                             build/debug/stm32f1xx_hal_adc.o
HAL_ADC_GetError                                  build/debug/stm32f1xx_hal_adc.o
HAL_ADC_GetState                                  build/debug/stm32f1xx_hal_adc.o
HAL_ADC_GetValue                                  build/debug/stm32f1xx_hal_adc.o
HAL_ADC_IRQHandler                                build/debug/stm32f1xx_hal_adc.o
                                                  build/debug/stm32f1xx_it.o
HAL_ADC_Init                                      build/debug/stm32f1xx_hal_adc.o
                                                  build/debug/main.o
HAL_ADC_LevelOutOfWindowCallback                  build/debug/stm32f1xx_hal_adc.o
HAL_ADC_MspDeInit                                 build/debug/stm32f1xx_hal_msp.o
                                                  build/debug/stm32f1xx_hal_adc.o
HAL_ADC_MspInit                                   build/debug/stm32f1xx_hal_msp.o
                                                  build/debug/stm32f1xx_hal_adc.o
HAL_ADC_PollForConversion                         build/debug/stm32f1xx_hal_adc.o
HAL_ADC_PollForEvent                              build/debug/stm32f1xx_hal_adc.o
HAL_ADC_Start                                     build/debug/stm32f1xx_hal_adc.o
HAL_ADC_Start_DMA                                 build/debug/stm32f1xx_hal_adc.o
                                                  build/debug/main.o
HAL_ADC_Start_IT                                  build/debug/stm32f1xx_hal_adc.o
HAL_ADC_Stop                                      build/debug/stm32f1xx_hal_adc.o
HAL_ADC_Stop_DMA                                  build/debug/stm32f1xx_hal_adc.o
HAL_ADC_Stop_IT                                   build/debug/stm32f1xx_hal_adc.o
HAL_DBGMCU_DisableDBGSleepMode                    build/debug/stm32f1xx_hal.o
HAL_DBGMCU_DisableDBGStandbyMode                  build/debug/stm32f1xx_hal.o
HAL_DBGMCU_DisableDBGStopMode                     build/debug/stm32f1xx_hal.o
HAL_DBGMCU_EnableDBGSleepMode                     build/debug/stm32f1xx_hal.o
HAL_DBGMCU_EnableDBGStandbyMode                   build/debug/stm32f1xx_hal.o
HAL_DBGMCU_EnableDBGStopMode                      build/debug/stm32f1xx_hal.o
HAL_DMA_Abort                                     build/debug/stm32f1xx_hal_dma.o
                                                  build/debug/stm32f1xx_hal_adc.o
HAL_DMA_Abort_IT                                  build/debug/stm32f1xx_hal_dma.o
                                                  build/debug/stm32f1xx_hal_tim_ex.o
                                                  build/debug/stm32f1xx_hal_tim.o
HAL_DMA_DeInit                                    build/debug/stm32f1xx_hal_dma.o
                                                  build/debug/stm32f1xx_hal_msp.o
HAL_DMA_GetError                                  build/debug/stm32f1xx_hal_dma.o
HAL_DMA_GetState                                  build/debug/stm32f1xx_hal_dma.o
HAL_DMA_IRQHandler                                build/debug/stm32f1xx_hal_dma.o
                                                  build/debug/stm32f1xx_it.o
HAL_DMA_Init                                      build/debug/stm32f1xx_hal_dma.o
                                                  build/debug/stm32f1xx_hal_msp.o
HAL_DMA_PollForTransfer                           build/debug/stm32f1xx_hal_dma.o
HAL_DMA_RegisterCallback                          build/debug/stm32f1xx_hal_dma.o
HAL_DMA_Start                                     build/debug/stm32f1xx_hal_dma.o
HAL_DMA_Start_IT                                  build/debug/stm32f1xx_hal_dma.o
                                                  build/debug/stm32f1xx_hal_tim_ex.o
                                                  build/debug/stm32f1xx_hal_tim.o
                                                  build/debug/stm32f1xx_hal_adc.o
HAL_DMA_UnRegisterCallback                        build/debug/stm32f1xx_hal_dma.o
HAL_DeInit                                        build/debug/stm32f1xx_hal.o
HAL_Delay                                         build/debug/stm32f1xx_hal.o
                                                  build/debug/motor.o
                                                  build/debug/main.o
HAL_EXTI_ClearConfigLine                          build/debug/stm32f1xx_hal_exti.o
HAL_EXTI_ClearPending                             build/debug/stm32f1xx_hal_exti.o
HAL_EXTI_GenerateSWI                              build/debug/stm32f1xx_hal_exti.o
HAL_EXTI_GetConfigLine                            build/debug/stm32f1xx_hal_exti.o
HAL_EXTI_GetHandle                                build/debug/stm32f1xx_hal_exti.o
HAL_EXTI_GetPending                               build/debug/stm32f1xx_hal_exti.o
HAL_EXTI_IRQHandler                               build/debug/stm32f1xx_hal_exti.o
HAL_EXTI_RegisterCallback                         build/debug/stm32f1xx_hal_exti.o
HAL_EXTI_SetConfigLine                            build/debug/stm32f1xx_hal_exti.o
HAL_FLASHEx_Erase                                 build/debug/stm32f1xx_hal_flash_ex.o
HAL_FLASHEx_Erase_IT                              build/debug/stm32f1xx_hal_flash_ex.o
HAL_FLASHEx_OBErase                               build/debug/stm32f1xx_hal_flash_ex.o
HAL_FLASHEx_OBGetConfig                           build/debug/stm32f1xx_hal_flash_ex.o
HAL_FLASHEx_OBGetUserData                         build/debug/stm32f1xx_hal_flash_ex.o
HAL_FLASHEx_OBProgram                             build/debug/stm32f1xx_hal_flash_ex.o
HAL_FLASH_EndOfOperationCallback                  build/debug/stm32f1xx_hal_flash.o
HAL_FLASH_GetError                                build/debug/stm32f1xx_hal_flash.o
HAL_FLASH_IRQHandler                              build/debug/stm32f1xx_hal_flash.o
HAL_FLASH_Lock                                    build/debug/stm32f1xx_hal_flash.o
HAL_FLASH_OB_Launch                               build/debug/stm32f1xx_hal_flash.o
HAL_FLASH_OB_Lock                                 build/debug/stm32f1xx_hal_flash.o
HAL_FLASH_OB_Unlock                               build/debug/stm32f1xx_hal_flash.o
HAL_FLASH_OperationErrorCallback                  build/debug/stm32f1xx_hal_flash.o
HAL_FLASH_Program                                 build/debug/stm32f1xx_hal_flash.o
HAL_FLASH_Program_IT                              build/debug/stm32f1xx_hal_flash.o
HAL_FLASH_Unlock                                  build/debug/stm32f1xx_hal_flash.o
HAL_GPIOEx_ConfigEventout                         build/debug/stm32f1xx_hal_gpio_ex.o
HAL_GPIOEx_DisableEventout                        build/debug/stm32f1xx_hal_gpio_ex.o
HAL_GPIOEx_EnableEventout                         build/debug/stm32f1xx_hal_gpio_ex.o
HAL_GPIO_DeInit                                   build/debug/stm32f1xx_hal_gpio.o
                                                  build/debug/stm32f1xx_hal_msp.o
HAL_GPIO_EXTI_Callback                            build/debug/stm32f1xx_hal_gpio.o
HAL_GPIO_EXTI_IRQHandler                          build/debug/stm32f1xx_hal_gpio.o
HAL_GPIO_Init                                     build/debug/stm32f1xx_hal_gpio.o
                                                  build/debug/stm32f1xx_hal_rcc.o
                                                  build/debug/stm32f1xx_hal_msp.o
                                                  build/debug/main.o
HAL_GPIO_LockPin                                  build/debug/stm32f1xx_hal_gpio.o
HAL_GPIO_ReadPin                                  build/debug/stm32f1xx_hal_gpio.o
                                                  build/debug/main.o
HAL_GPIO_TogglePin                                build/debug/stm32f1xx_hal_gpio.o
HAL_GPIO_WritePin                                 build/debug/stm32f1xx_hal_gpio.o
                                                  build/debug/motor.o
                                                  build/debug/main.o
HAL_GetDEVID                                      build/debug/stm32f1xx_hal.o
HAL_GetHalVersion                                 build/debug/stm32f1xx_hal.o
HAL_GetREVID                                      build/debug/stm32f1xx_hal.o
HAL_GetTick                                       build/debug/stm32f1xx_hal.o
                                                  build/debug/stm32f1xx_hal_rcc_ex.o
                                                  build/debug/stm32f1xx_hal_rcc.o
                                                  build/debug/stm32f1xx_hal_flash.o
                                                  build/debug/stm32f1xx_hal_dma.o
                                                  build/debug/stm32f1xx_hal_adc_ex.o
                                                  build/debug/stm32f1xx_hal_adc.o
HAL_GetTickFreq                                   build/debug/stm32f1xx_hal.o
HAL_GetTickPrio                                   build/debug/stm32f1xx_hal.o
HAL_GetUIDw0                                      build/debug/stm32f1xx_hal.o
HAL_GetUIDw1                                      build/debug/stm32f1xx_hal.o
HAL_GetUIDw2                                      build/debug/stm32f1xx_hal.o
HAL_IncTick                                       build/debug/stm32f1xx_hal.o
                                                  build/debug/stm32f1xx_it.o
HAL_Init                                          build/debug/stm32f1xx_hal.o
                                                  build/debug/main.o
HAL_InitTick                                      build/debug/stm32f1xx_hal.o
                                                  build/debug/stm32f1xx_hal_rcc.o
HAL_MspDeInit                                     build/debug/stm32f1xx_hal.o
HAL_MspInit                                       build/debug/stm32f1xx_hal_msp.o
                                                  build/debug/stm32f1xx_hal.o
HAL_NVIC_ClearPendingIRQ                          build/debug/stm32f1xx_hal_cortex.o
HAL_NVIC_DisableIRQ                               build/debug/stm32f1xx_hal_cortex.o
                                                  build/debug/stm32f1xx_hal_msp.o
HAL_NVIC_EnableIRQ                                build/debug/stm32f1xx_hal_cortex.o
                                                  build/debug/stm32f1xx_hal_msp.o
                                                  build/debug/main.o
HAL_NVIC_GetActive                                build/debug/stm32f1xx_hal_cortex.o
HAL_NVIC_GetPendingIRQ                            build/debug/stm32f1xx_hal_cortex.o
HAL_NVIC_GetPriority                              build/debug/stm32f1xx_hal_cortex.o
HAL_NVIC_GetPriorityGrouping                      build/debug/stm32f1xx_hal_cortex.o
HAL_NVIC_SetPendingIRQ                            build/debug/stm32f1xx_hal_cortex.o
HAL_NVIC_SetPriority                              build/debug/stm32f1xx_hal_cortex.o
                                                  build/debug/stm32f1xx_hal_msp.o
                                                  build/debug/stm32f1xx_hal.o
                                                  build/debug/main.o
HAL_NVIC_SetPriorityGrouping                      build/debug/stm32f1xx_hal_cortex.o
                                                  build/debug/stm32f1xx_hal.o
HAL_NVIC_SystemReset                              build/debug/stm32f1xx_hal_cortex.o
                                                  build/debug/stm32f1xx_hal_flash.o
HAL_PWR_ConfigPVD                                 build/debug/stm32f1xx_hal_pwr.o
HAL_PWR_DeInit                                    build/debug/stm32f1xx_hal_pwr.o
HAL_PWR_DisableBkUpAccess                         build/debug/stm32f1xx_hal_pwr.o
HAL_PWR_DisablePVD                                build/debug/stm32f1xx_hal_pwr.o
HAL_PWR_DisableSEVOnPend                          build/debug/stm32f1xx_hal_pwr.o
HAL_PWR_DisableSleepOnExit                        build/debug/stm32f1xx_hal_pwr.o
HAL_PWR_DisableWakeUpPin                          build/debug/stm32f1xx_hal_pwr.o
HAL_PWR_EnableBkUpAccess                          build/debug/stm32f1xx_hal_pwr.o
HAL_PWR_EnablePVD                                 build/debug/stm32f1xx_hal_pwr.o
HAL_PWR_EnableSEVOnPend                           build/debug/stm32f1xx_hal_pwr.o
HAL_PWR_EnableSleepOnExit                         build/debug/stm32f1xx_hal_pwr.o
HAL_PWR_EnableWakeUpPin                           build/debug/stm32f1xx_hal_pwr.o
HAL_PWR_EnterSLEEPMode                            build/debug/stm32f1xx_hal_pwr.o
HAL_PWR_EnterSTANDBYMode                          build/debug/stm32f1xx_hal_pwr.o
HAL_PWR_EnterSTOPMode                             build/debug/stm32f1xx_hal_pwr.o
HAL_PWR_PVDCallback                               build/debug/stm32f1xx_hal_pwr.o
HAL_PWR_PVD_IRQHandler                            build/debug/stm32f1xx_hal_pwr.o
HAL_RCCEx_GetPeriphCLKConfig                      build/debug/stm32f1xx_hal_rcc_ex.o
HAL_RCCEx_GetPeriphCLKFreq                        build/debug/stm32f1xx_hal_rcc_ex.o
                                                  build/debug/stm32f1xx_hal_adc_ex.o
                                                  build/debug/stm32f1xx_hal_adc.o
HAL_RCCEx_PeriphCLKConfig                         build/debug/stm32f1xx_hal_rcc_ex.o
                                                  build/debug/main.o
HAL_RCC_CSSCallback                               build/debug/stm32f1xx_hal_rcc.o
HAL_RCC_ClockConfig                               build/debug/stm32f1xx_hal_rcc.o
                                                  build/debug/main.o
HAL_RCC_DeInit                                    build/debug/stm32f1xx_hal_rcc.o
HAL_RCC_DisableCSS                                build/debug/stm32f1xx_hal_rcc.o
HAL_RCC_EnableCSS                                 build/debug/stm32f1xx_hal_rcc.o
HAL_RCC_GetClockConfig                            build/debug/stm32f1xx_hal_rcc.o
HAL_RCC_GetHCLKFreq                               build/debug/stm32f1xx_hal_rcc.o
HAL_RCC_GetOscConfig                              build/debug/stm32f1xx_hal_rcc.o
HAL_RCC_GetPCLK1Freq                              build/debug/stm32f1xx_hal_rcc.o
HAL_RCC_GetPCLK2Freq                              build/debug/stm32f1xx_hal_rcc.o
                                                  build/debug/stm32f1xx_hal_rcc_ex.o
HAL_RCC_GetSysClockFreq                           build/debug/stm32f1xx_hal_rcc.o
HAL_RCC_MCOConfig                                 build/debug/stm32f1xx_hal_rcc.o
HAL_RCC_NMI_IRQHandler                            build/debug/stm32f1xx_hal_rcc.o
HAL_RCC_OscConfig                                 build/debug/stm32f1xx_hal_rcc.o
                                                  build/debug/main.o
HAL_ResumeTick                                    build/debug/stm32f1xx_hal.o
HAL_SYSTICK_CLKSourceConfig                       build/debug/stm32f1xx_hal_cortex.o
HAL_SYSTICK_Callback                              build/debug/stm32f1xx_hal_cortex.o
HAL_SYSTICK_Config                                build/debug/stm32f1xx_hal_cortex.o
                                                  build/debug/stm32f1xx_hal.o
HAL_SYSTICK_IRQHandler                            build/debug/stm32f1xx_hal_cortex.o
HAL_SetTickFreq                                   build/debug/stm32f1xx_hal.o
HAL_SuspendTick                                   build/debug/stm32f1xx_hal.o
HAL_TIMEx_BreakCallback                           build/debug/stm32f1xx_hal_tim_ex.o
                                                  build/debug/stm32f1xx_hal_tim.o
HAL_TIMEx_CommutCallback                          build/debug/stm32f1xx_hal_tim_ex.o
                                                  build/debug/stm32f1xx_hal_tim.o
HAL_TIMEx_CommutHalfCpltCallback                  build/debug/stm32f1xx_hal_tim_ex.o
HAL_TIMEx_ConfigBreakDeadTime                     build/debug/stm32f1xx_hal_tim_ex.o
                                                  build/debug/main.o
HAL_TIMEx_ConfigCommutEvent                       build/debug/stm32f1xx_hal_tim_ex.o
HAL_TIMEx_ConfigCommutEvent_DMA                   build/debug/stm32f1xx_hal_tim_ex.o
HAL_TIMEx_ConfigCommutEvent_IT                    build/debug/stm32f1xx_hal_tim_ex.o
HAL_TIMEx_GetChannelNState                        build/debug/stm32f1xx_hal_tim_ex.o
HAL_TIMEx_HallSensor_DeInit                       build/debug/stm32f1xx_hal_tim_ex.o
HAL_TIMEx_HallSensor_GetState                     build/debug/stm32f1xx_hal_tim_ex.o
HAL_TIMEx_HallSensor_Init                         build/debug/stm32f1xx_hal_tim_ex.o
HAL_TIMEx_HallSensor_MspDeInit                    build/debug/stm32f1xx_hal_tim_ex.o
HAL_TIMEx_HallSensor_MspInit                      build/debug/stm32f1xx_hal_tim_ex.o
HAL_TIMEx_HallSensor_Start                        build/debug/stm32f1xx_hal_tim_ex.o
HAL_TIMEx_HallSensor_Start_DMA                    build/debug/stm32f1xx_hal_tim_ex.o
HAL_TIMEx_HallSensor_Start_IT                     build/debug/stm32f1xx_hal_tim_ex.o
HAL_TIMEx_HallSensor_Stop                         build/debug/stm32f1xx_hal_tim_ex.o
HAL_TIMEx_HallSensor_Stop_DMA                     build/debug/stm32f1xx_hal_tim_ex.o
HAL_TIMEx_HallSensor_Stop_IT                      build/debug/stm32f1xx_hal_tim_ex.o
HAL_TIMEx_MasterConfigSynchronization             build/debug/stm32f1xx_hal_tim_ex.o
                                                  build/debug/main.o
HAL_TIMEx_OCN_Start                               build/debug/stm32f1xx_hal_tim_ex.o
HAL_TIMEx_OCN_Start_DMA                           build/debug/stm32f1xx_hal_tim_ex.o
HAL_TIMEx_OCN_Start_IT                            build/debug/stm32f1xx_hal_tim_ex.o
HAL_TIMEx_OCN_Stop                                build/debug/stm32f1xx_hal_tim_ex.o
HAL_TIMEx_OCN_Stop_DMA                            build/debug/stm32f1xx_hal_tim_ex.o
HAL_TIMEx_OCN_Stop_IT                             build/debug/stm32f1xx_hal_tim_ex.o
HAL_TIMEx_OnePulseN_Start                         build/debug/stm32f1xx_hal_tim_ex.o
HAL_TIMEx_OnePulseN_Start_IT                      build/debug/stm32f1xx_hal_tim_ex.o
HAL_TIMEx_OnePulseN_Stop                          build/debug/stm32f1xx_hal_tim_ex.o
HAL_TIMEx_OnePulseN_Stop_IT                       build/debug/stm32f1xx_hal_tim_ex.o
HAL_TIMEx_PWMN_Start                              build/debug/stm32f1xx_hal_tim_ex.o
HAL_TIMEx_PWMN_Start_DMA                          build/debug/stm32f1xx_hal_tim_ex.o
HAL_TIMEx_PWMN_Start_IT                           build/debug/stm32f1xx_hal_tim_ex.o
HAL_TIMEx_PWMN_Stop                               build/debug/stm32f1xx_hal_tim_ex.o
HAL_TIMEx_PWMN_Stop_DMA                           build/debug/stm32f1xx_hal_tim_ex.o
HAL_TIMEx_PWMN_Stop_IT                            build/debug/stm32f1xx_hal_tim_ex.o
HAL_TIMEx_RemapConfig                             build/debug/stm32f1xx_hal_tim_ex.o
HAL_TIM_Base_DeInit                               build/debug/stm32f1xx_hal_tim.o
HAL_TIM_Base_GetState                             build/debug/stm32f1xx_hal_tim.o
HAL_TIM_Base_Init                                 build/debug/stm32f1xx_hal_tim.o
                                                  build/debug/main.o
HAL_TIM_Base_MspDeInit                            build/debug/stm32f1xx_hal_msp.o
HAL_TIM_Base_MspInit                              build/debug/stm32f1xx_hal_msp.o
HAL_TIM_Base_Start                                build/debug/stm32f1xx_hal_tim.o
HAL_TIM_Base_Start_DMA                            build/debug/stm32f1xx_hal_tim.o
HAL_TIM_Base_Start_IT                             build/debug/stm32f1xx_hal_tim.o
HAL_TIM_Base_Stop                                 build/debug/stm32f1xx_hal_tim.o
HAL_TIM_Base_Stop_DMA                             build/debug/stm32f1xx_hal_tim.o
HAL_TIM_Base_Stop_IT                              build/debug/stm32f1xx_hal_tim.o
HAL_TIM_ConfigClockSource                         build/debug/stm32f1xx_hal_tim.o
                                                  build/debug/main.o
HAL_TIM_ConfigOCrefClear                          build/debug/stm32f1xx_hal_tim.o
HAL_TIM_ConfigTI1Input                            build/debug/stm32f1xx_hal_tim.o
HAL_TIM_DMABurstState                             build/debug/stm32f1xx_hal_tim.o
HAL_TIM_DMABurst_MultiReadStart                   build/debug/stm32f1xx_hal_tim.o
HAL_TIM_DMABurst_MultiWriteStart                  build/debug/stm32f1xx_hal_tim.o
HAL_TIM_DMABurst_ReadStart                        build/debug/stm32f1xx_hal_tim.o
HAL_TIM_DMABurst_ReadStop                         build/debug/stm32f1xx_hal_tim.o
HAL_TIM_DMABurst_WriteStart                       build/debug/stm32f1xx_hal_tim.o
HAL_TIM_DMABurst_WriteStop                        build/debug/stm32f1xx_hal_tim.o
HAL_TIM_Encoder_DeInit                            build/debug/stm32f1xx_hal_tim.o
HAL_TIM_Encoder_GetState                          build/debug/stm32f1xx_hal_tim.o
HAL_TIM_Encoder_Init                              build/debug/stm32f1xx_hal_tim.o
HAL_TIM_Encoder_MspDeInit                         build/debug/stm32f1xx_hal_tim.o
HAL_TIM_Encoder_MspInit                           build/debug/stm32f1xx_hal_tim.o
HAL_TIM_Encoder_Start                             build/debug/stm32f1xx_hal_tim.o
HAL_TIM_Encoder_Start_DMA                         build/debug/stm32f1xx_hal_tim.o
HAL_TIM_Encoder_Start_IT                          build/debug/stm32f1xx_hal_tim.o
HAL_TIM_Encoder_Stop                              build/debug/stm32f1xx_hal_tim.o
HAL_TIM_Encoder_Stop_DMA                          build/debug/stm32f1xx_hal_tim.o
HAL_TIM_Encoder_Stop_IT                           build/debug/stm32f1xx_hal_tim.o
HAL_TIM_ErrorCallback                             build/debug/stm32f1xx_hal_tim.o
                                                  build/debug/stm32f1xx_hal_tim_ex.o
HAL_TIM_GenerateEvent                             build/debug/stm32f1xx_hal_tim.o
HAL_TIM_GetActiveChannel                          build/debug/stm32f1xx_hal_tim.o
HAL_TIM_GetChannelState                           build/debug/stm32f1xx_hal_tim.o
HAL_TIM_IC_CaptureCallback                        build/debug/stm32f1xx_hal_tim.o
HAL_TIM_IC_CaptureHalfCpltCallback                build/debug/stm32f1xx_hal_tim.o
HAL_TIM_IC_ConfigChannel                          build/debug/stm32f1xx_hal_tim.o
HAL_TIM_IC_DeInit                                 build/debug/stm32f1xx_hal_tim.o
HAL_TIM_IC_GetState                               build/debug/stm32f1xx_hal_tim.o
HAL_TIM_IC_Init                                   build/debug/stm32f1xx_hal_tim.o
HAL_TIM_IC_MspDeInit                              build/debug/stm32f1xx_hal_tim.o
HAL_TIM_IC_MspInit                                build/debug/stm32f1xx_hal_tim.o
HAL_TIM_IC_Start                                  build/debug/stm32f1xx_hal_tim.o
HAL_TIM_IC_Start_DMA                              build/debug/stm32f1xx_hal_tim.o
HAL_TIM_IC_Start_IT                               build/debug/stm32f1xx_hal_tim.o
HAL_TIM_IC_Stop                                   build/debug/stm32f1xx_hal_tim.o
HAL_TIM_IC_Stop_DMA                               build/debug/stm32f1xx_hal_tim.o
HAL_TIM_IC_Stop_IT                                build/debug/stm32f1xx_hal_tim.o
HAL_TIM_IRQHandler                                build/debug/stm32f1xx_hal_tim.o
HAL_TIM_MspPostInit                               build/debug/stm32f1xx_hal_msp.o
                                                  build/debug/main.o
HAL_TIM_OC_ConfigChannel                          build/debug/stm32f1xx_hal_tim.o
HAL_TIM_OC_DeInit                                 build/debug/stm32f1xx_hal_tim.o
HAL_TIM_OC_DelayElapsedCallback                   build/debug/stm32f1xx_hal_tim.o
HAL_TIM_OC_GetState                               build/debug/stm32f1xx_hal_tim.o
HAL_TIM_OC_Init                                   build/debug/stm32f1xx_hal_tim.o
HAL_TIM_OC_MspDeInit                              build/debug/stm32f1xx_hal_tim.o
HAL_TIM_OC_MspInit                                build/debug/stm32f1xx_hal_tim.o
HAL_TIM_OC_Start                                  build/debug/stm32f1xx_hal_tim.o
HAL_TIM_OC_Start_DMA                              build/debug/stm32f1xx_hal_tim.o
HAL_TIM_OC_Start_IT                               build/debug/stm32f1xx_hal_tim.o
HAL_TIM_OC_Stop                                   build/debug/stm32f1xx_hal_tim.o
HAL_TIM_OC_Stop_DMA                               build/debug/stm32f1xx_hal_tim.o
HAL_TIM_OC_Stop_IT                                build/debug/stm32f1xx_hal_tim.o
HAL_TIM_OnePulse_ConfigChannel                    build/debug/stm32f1xx_hal_tim.o
HAL_TIM_OnePulse_DeInit                           build/debug/stm32f1xx_hal_tim.o
HAL_TIM_OnePulse_GetState                         build/debug/stm32f1xx_hal_tim.o
HAL_TIM_OnePulse_Init                             build/debug/stm32f1xx_hal_tim.o
HAL_TIM_OnePulse_MspDeInit                        build/debug/stm32f1xx_hal_tim.o
HAL_TIM_OnePulse_MspInit                          build/debug/stm32f1xx_hal_tim.o
HAL_TIM_OnePulse_Start                            build/debug/stm32f1xx_hal_tim.o
HAL_TIM_OnePulse_Start_IT                         build/debug/stm32f1xx_hal_tim.o
HAL_TIM_OnePulse_Stop                             build/debug/stm32f1xx_hal_tim.o
HAL_TIM_OnePulse_Stop_IT                          build/debug/stm32f1xx_hal_tim.o
HAL_TIM_PWM_ConfigChannel                         build/debug/stm32f1xx_hal_tim.o
                                                  build/debug/main.o
HAL_TIM_PWM_DeInit                                build/debug/stm32f1xx_hal_tim.o
HAL_TIM_PWM_GetState                              build/debug/stm32f1xx_hal_tim.o
HAL_TIM_PWM_Init                                  build/debug/stm32f1xx_hal_tim.o
                                                  build/debug/main.o
HAL_TIM_PWM_MspDeInit                             build/debug/stm32f1xx_hal_tim.o
HAL_TIM_PWM_MspInit                               build/debug/stm32f1xx_hal_tim.o
HAL_TIM_PWM_PulseFinishedCallback                 build/debug/stm32f1xx_hal_tim.o
                                                  build/debug/stm32f1xx_hal_tim_ex.o
HAL_TIM_PWM_PulseFinishedHalfCpltCallback         build/debug/stm32f1xx_hal_tim.o
HAL_TIM_PWM_Start                                 build/debug/stm32f1xx_hal_tim.o
                                                  build/debug/motor.o
HAL_TIM_PWM_Start_DMA                             build/debug/stm32f1xx_hal_tim.o
HAL_TIM_PWM_Start_IT                              build/debug/stm32f1xx_hal_tim.o
HAL_TIM_PWM_Stop                                  build/debug/stm32f1xx_hal_tim.o
HAL_TIM_PWM_Stop_DMA                              build/debug/stm32f1xx_hal_tim.o
HAL_TIM_PWM_Stop_IT                               build/debug/stm32f1xx_hal_tim.o
HAL_TIM_PeriodElapsedCallback                     build/debug/stm32f1xx_hal_tim.o
HAL_TIM_PeriodElapsedHalfCpltCallback             build/debug/stm32f1xx_hal_tim.o
HAL_TIM_ReadCapturedValue                         build/debug/stm32f1xx_hal_tim.o
HAL_TIM_SlaveConfigSynchro                        build/debug/stm32f1xx_hal_tim.o
HAL_TIM_SlaveConfigSynchro_IT                     build/debug/stm32f1xx_hal_tim.o
HAL_TIM_TriggerCallback                           build/debug/stm32f1xx_hal_tim.o
HAL_TIM_TriggerHalfCpltCallback                   build/debug/stm32f1xx_hal_tim.o
HardFault_Handler                                 build/debug/stm32f1xx_it.o
I                                                 build/debug/main.o
I2C1_ER_IRQHandler                                build/debug/startup_stm32f100xb.o
I2C1_EV_IRQHandler                                build/debug/startup_stm32f100xb.o
I2C2_ER_IRQHandler                                build/debug/startup_stm32f100xb.o
I2C2_EV_IRQHandler                                build/debug/startup_stm32f100xb.o
Ivalue                                            build/debug/main.o
Kd                                                build/debug/main.o
Kdfinal                                           build/debug/main.o
Ki                                                build/debug/main.o
Kifinal                                           build/debug/main.o
Kp                                                build/debug/main.o
Kpfinal                                           build/debug/main.o
M_Disable                                         build/debug/motor.o
                                                  build/debug/main.o
M_Enable                                          build/debug/motor.o
M_Init                                            build/debug/motor.o
                                                  build/debug/main.o
M_SetSpeed                                        build/debug/motor.o
                                                  build/debug/main.o
MemManage_Handler                                 build/debug/stm32f1xx_it.o
NMI_Handler                                       build/debug/stm32f1xx_it.o
Normalize_Sensors                                 build/debug/main.o
P                                                 build/debug/main.o
PID_Linefollow                                    build/debug/main.o
PIDvalue                                          build/debug/main.o
PVD_IRQHandler                                    build/debug/startup_stm32f100xb.o
PendSV_Handler                                    build/debug/stm32f1xx_it.o
Pvalue                                            build/debug/main.o
RCC_IRQHandler                                    build/debug/startup_stm32f100xb.o
RTC_Alarm_IRQHandler                              build/debug/startup_stm32f100xb.o
RTC_IRQHandler                                    build/debug/startup_stm32f100xb.o
Read_Line                                         build/debug/main.o
Reset_Handler                                     build/debug/startup_stm32f100xb.o
Robot_Control                                     build/debug/main.o
SPI1_IRQHandler                                   build/debug/startup_stm32f100xb.o
SPI2_IRQHandler                                   build/debug/startup_stm32f100xb.o