Archive member included to satisfy reference by file (symbol)

/Users/kroko/Library/Application Support/Code/User/globalStorage/bmd.stm32-for-vscode/@xpack-dev-tools/arm-none-eabi-gcc/13.3.1-1.1.1/.content/bin/../lib/gcc/arm-none-eabi/13.3.1/../../../../arm-none-eabi/lib/thumb/v7-m/nofp/libc_nano.a(libc_a-atexit.o)
                              /Users/kroko/Library/Application Support/Code/User/globalStorage/bmd.stm32-for-vscode/@xpack-dev-tools/arm-none-eabi-gcc/13.3.1-1.1.1/.content/bin/../lib/gcc/arm-none-eabi/13.3.1/../../../../arm-none-eabi/lib/thumb/v7-m/nofp/crt0.o (atexit)
/Users/kroko/Library/Application Support/Code/User/globalStorage/bmd.stm32-for-vscode/@xpack-dev-tools/arm-none-eabi-gcc/13.3.1-1.1.1/.content/bin/../lib/gcc/arm-none-eabi/13.3.1/../../../../arm-none-eabi/lib/thumb/v7-m/nofp/libc_nano.a(libc_a-exit.o)
                              /Users/kroko/Library/Application Support/Code/User/globalStorage/bmd.stm32-for-vscode/@xpack-dev-tools/arm-none-eabi-gcc/13.3.1-1.1.1/.content/bin/../lib/gcc/arm-none-eabi/13.3.1/../../../../arm-none-eabi/lib/thumb/v7-m/nofp/crt0.o (exit)
/Users/kroko/Library/Application Support/Code/User/globalStorage/bmd.stm32-for-vscode/@xpack-dev-tools/arm-none-eabi-gcc/13.3.1-1.1.1/.content/bin/../lib/gcc/arm-none-eabi/13.3.1/../../../../arm-none-eabi/lib/thumb/v7-m/nofp/libc_nano.a(libc_a-findfp.o)
                              /Users/kroko/Library/Application Support/Code/User/globalStorage/bmd.stm32-for-vscode/@xpack-dev-tools/arm-none-eabi-gcc/13.3.1-1.1.1/.content/bin/../lib/gcc/arm-none-eabi/13.3.1/../../../../arm-none-eabi/lib/thumb/v7-m/nofp/libc_nano.a(libc_a-exit.o) (__stdio_exit_handler)
/Users/kroko/Library/Application Support/Code/User/globalStorage/bmd.stm32-for-vscode/@xpack-dev-tools/arm-none-eabi-gcc/13.3.1-1.1.1/.content/bin/../lib/gcc/arm-none-eabi/13.3.1/../../../../arm-none-eabi/lib/thumb/v7-m/nofp/libc_nano.a(libc_a-fwalk.o)
                              /Users/kroko/Library/Application Support/Code/User/globalStorage/bmd.stm32-for-vscode/@xpack-dev-tools/arm-none-eabi-gcc/13.3.1-1.1.1/.content/bin/../lib/gcc/arm-none-eabi/13.3.1/../../../../arm-none-eabi/lib/thumb/v7-m/nofp/libc_nano.a(libc_a-findfp.o) (_fwalk_sglue)
/Users/kroko/Library/Application Support/Code/User/globalStorage/bmd.stm32-for-vscode/@xpack-dev-tools/arm-none-eabi-gcc/13.3.1-1.1.1/.content/bin/../lib/gcc/arm-none-eabi/13.3.1/../../../../arm-none-eabi/lib/thumb/v7-m/nofp/libc_nano.a(libc_a-memset.o)
                              /Users/kroko/Library/Application Support/Code/User/globalStorage/bmd.stm32-for-vscode/@xpack-dev-tools/arm-none-eabi-gcc/13.3.1-1.1.1/.content/bin/../lib/gcc/arm-none-eabi/13.3.1/../../../../arm-none-eabi/lib/thumb/v7-m/nofp/crt0.o (memset)
/Users/kroko/Library/Application Support/Code/User/globalStorage/bmd.stm32-for-vscode/@xpack-dev-tools/arm-none-eabi-gcc/13.3.1-1.1.1/.content/bin/../lib/gcc/arm-none-eabi/13.3.1/../../../../arm-none-eabi/lib/thumb/v7-m/nofp/libc_nano.a(libc_a-errno.o)
                              build/debug/syscalls.o (__errno)
/Users/kroko/Library/Application Support/Code/User/globalStorage/bmd.stm32-for-vscode/@xpack-dev-tools/arm-none-eabi-gcc/13.3.1-1.1.1/.content/bin/../lib/gcc/arm-none-eabi/13.3.1/../../../../arm-none-eabi/lib/thumb/v7-m/nofp/libc_nano.a(libc_a-init.o)
                              /Users/kroko/Library/Application Support/Code/User/globalStorage/bmd.stm32-for-vscode/@xpack-dev-tools/arm-none-eabi-gcc/13.3.1-1.1.1/.content/bin/../lib/gcc/arm-none-eabi/13.3.1/../../../../arm-none-eabi/lib/thumb/v7-m/nofp/crt0.o (__libc_init_array)
/Users/kroko/Library/Application Support/Code/User/globalStorage/bmd.stm32-for-vscode/@xpack-dev-tools/arm-none-eabi-gcc/13.3.1-1.1.1/.content/bin/../lib/gcc/arm-none-eabi/13.3.1/../../../../arm-none-eabi/lib/thumb/v7-m/nofp/libc_nano.a(libc_a-fini.o)
                              /Users/kroko/Library/Application Support/Code/User/globalStorage/bmd.stm32-for-vscode/@xpack-dev-tools/arm-none-eabi-gcc/13.3.1-1.1.1/.content/bin/../lib/gcc/arm-none-eabi/13.3.1/../../../../arm-none-eabi/lib/thumb/v7-m/nofp/crt0.o (__libc_fini_array)
/Users/kroko/Library/Application Support/Code/User/globalStorage/bmd.stm32-for-vscode/@xpack-dev-tools/arm-none-eabi-gcc/13.3.1-1.1.1/.content/bin/../lib/gcc/arm-none-eabi/13.3.1/../../../../arm-none-eabi/lib/thumb/v7-m/nofp/libc_nano.a(libc_a-lock.o)
                              /Users/kroko/Library/Application Support/Code/User/globalStorage/bmd.stm32-for-vscode/@xpack-dev-tools/arm-none-eabi-gcc/13.3.1-1.1.1/.content/bin/../lib/gcc/arm-none-eabi/13.3.1/../../../../arm-none-eabi/lib/thumb/v7-m/nofp/libc_nano.a(libc_a-findfp.o) (__retarget_lock_init_recursive)
/Users/kroko/Library/Application Support/Code/User/globalStorage/bmd.stm32-for-vscode/@xpack-dev-tools/arm-none-eabi-gcc/13.3.1-1.1.1/.content/bin/../lib/gcc/arm-none-eabi/13.3.1/../../../../arm-none-eabi/lib/thumb/v7-m/nofp/libc_nano.a(libc_a-impure.o)
[...]
Memory Configuration

Name             Origin             Length             Attributes
RAM              0x20000000         0x00002000         xrw
FLASH            0x08000000         0x00010000         xr
*default*        0x00000000         0xffffffff

Linker script and memory map

LOAD /Users/kroko/Library/Application Support/Code/User/globalStorage/bmd.stm32-for-vscode/@xpack-dev-tools/arm-none-eabi-gcc/13.3.1-1.1.1/.content/bin/../lib/gcc/arm-none-eabi/13.3.1/thumb/v7-m/nofp/crti.o
LOAD /Users/kroko/Library/Application Support/Code/User/globalStorage/bmd.stm32-for-vscode/@xpack-dev-tools/arm-none-eabi-gcc/13.3.1-1.1.1/.content/bin/../lib/gcc/arm-none-eabi/13.3.1/thumb/v7-m/nofp/crtbegin.o
LOAD /Users/kroko/Library/Application Support/Code/User/globalStorage/bmd.stm32-for-vscode/@xpack-dev-tools/arm-none-eabi-gcc/13.3.1-1.1.1/.content/bin/../lib/gcc/arm-none-eabi/13.3.1/../../../../arm-none-eabi/lib/thumb/v7-m/nofp/crt0.o
LOAD build/debug/main.o
LOAD build/debug/motor.o
LOAD build/debug/stm32f1xx_hal.o
LOAD build/debug/stm32f1xx_hal_adc.o
LOAD build/debug/stm32f1xx_hal_adc_ex.o
LOAD build/debug/stm32f1xx_hal_cortex.o
LOAD build/debug/stm32f1xx_hal_dma.o
LOAD build/debug/stm32f1xx_hal_exti.o
LOAD build/debug/stm32f1xx_hal_flash.o
LOAD build/debug/stm32f1xx_hal_flash_ex.o
LOAD build/debug/stm32f1xx_hal_gpio.o
LOAD build/debug/stm32f1xx_hal_gpio_ex.o
LOAD build/debug/stm32f1xx_hal_msp.o
LOAD build/debug/stm32f1xx_hal_pwr.o
LOAD build/debug/stm32f1xx_hal_rcc.o
LOAD build/debug/stm32f1xx_hal_rcc_ex.o
LOAD build/debug/stm32f1xx_hal_tim.o
LOAD build/debug/stm32f1xx_hal_tim_ex.o
LOAD build/debug/stm32f1xx_it.o
LOAD build/debug/syscalls.o
LOAD build/debug/sysmem.o
LOAD build/debug/system_stm32f1xx.o
LOAD build/debug/startup_stm32f100xb.o
LOAD /Users/kroko/Library/Application Support/Code/User/globalStorage/bmd.stm32-for-vscode/@xpack-dev-tools/arm-none-eabi-gcc/13.3.1-1.1.1/.content/bin/../lib/gcc/arm-none-eabi/13.3.1/../../../../arm-none-eabi/lib/thumb/v7-m/nofp/libc_nano.a
LOAD /Users/kroko/Library/Application Support/Code/User/globalStorage/bmd.stm32-for-vscode/@xpack-dev-tools/arm-none-eabi-gcc/13.3.1-1.1.1/.content/bin/../lib/gcc/arm-none-eabi/13.3.1/../../../../arm-none-eabi/lib/thumb/v7-m/nofp/libm.a
LOAD /Users/kroko/Library/Application Support/Code/User/globalStorage/bmd.stm32-for-vscode/@xpack-dev-tools/arm-none-eabi-gcc/13.3.1-1.1.1/.content/bin/../lib/gcc/arm-none-eabi/13.3.1/../../../../arm-none-eabi/lib/thumb/v7-m/nofp/libnosys.a
START GROUP
LOAD /Users/kroko/Library/Application Support/Code/User/globalStorage/bmd.stm32-for-vscode/@xpack-dev-tools/arm-none-eabi-gcc/13.3.1-1.1.1/.content/bin/../lib/gcc/arm-none-eabi/13.3.1/thumb/v7-m/nofp/libgcc.a
LOAD /Users/kroko/Library/Application Support/Code/User/globalStorage/bmd.stm32-for-vscode/@xpack-dev-tools/arm-none-eabi-gcc/13.3.1-1.1.1/.content/bin/../lib/gcc/arm-none-eabi/13.3.1/../../../../arm-none-eabi/lib/thumb/v7-m/nofp/libc_nano.a
END GROUP
START GROUP
LOAD /Users/kroko/Library/Application Support/Code/User/globalStorage/bmd.stm32-for-vscode/@xpack-dev-tools/arm-none-eabi-gcc/13.3.1-1.1.1/.content/bin/../lib/gcc/arm-none-eabi/13.3.1/thumb/v7-m/nofp/libgcc.a
LOAD /Users/kroko/Library/Application Support/Code/User/globalStorage/bmd.stm32-for-vscode/@xpack-dev-tools/arm-none-eabi-gcc/13.3.1-1.1.1/.content/bin/../lib/gcc/arm-none-eabi/13.3.1/../../../../arm-none-eabi/lib/thumb/v7-m/nofp/libc_nano.a
END GROUP
LOAD /Users/kroko/Library/Application Support/Code/User/globalStorage/bmd.stm32-for-vscode/@xpack-dev-tools/arm-none-eabi-gcc/13.3.1-1.1.1/.content/bin/../lib/gcc/arm-none-eabi/13.3.1/thumb/v7-m/nofp/crtend.o
LOAD /Users/kroko/Library/Application Support/Code/User/globalStorage/bmd.stm32-for-vscode/@xpack-dev-tools/arm-none-eabi-gcc/13.3.1-1.1.1/.content/bin/../lib/gcc/arm-none-eabi/13.3.1/thumb/v7-m/nofp/crtn.o
                0x20002000                        _estack = (ORIGIN (RAM) + LENGTH (RAM))
                0x00000200                        _Min_Heap_Size = 0x200
                0x00000400                        _Min_Stack_Size = 0x400

.isr_vector     0x08000000      0x1d0
                0x08000000                        . = ALIGN (0x4)
 *(.isr_vector)
 .isr_vector    0x08000000      0x1d0 build/debug/startup_stm32f100xb.o
                0x08000000                g_pfnVectors
                0x080001d0                        . = ALIGN (0x4)

.text           0x080001d0     0x4314
                0x080001d0                        . = ALIGN (0x4)
 *(.text)
 .text          0x080001d0      0x378 /Users/kroko/Library/Application Support/Code/User/globalStorage/bmd.stm32-for-vscode/@xpack-dev-tools/arm-none-eabi-gcc/13.3.1-1.1.1/.content/bin/../lib/gcc/arm-none-eabi/13.3.1/thumb/v7-m/nofp/libgcc.a(_arm_addsubdf3.o)
                0x080001d0                __aeabi_drsub
                0x080001d8                __subdf3
                0x080001d8                __aeabi_dsub
                0x080001dc                __aeabi_dadd
                0x080001dc                __adddf3
                0x08000454                __aeabi_ui2d
                0x08000454                __floatunsidf
                0x08000474                __floatsidf
                0x08000474                __aeabi_i2d
                0x08000498                __extendsfdf2
                0x08000498                __aeabi_f2d
                0x080004dc                __aeabi_ul2d
                0x080004dc                __floatundidf
                0x080004ec                __aeabi_l2d
                0x080004ec                __floatdidf
 .text          0x08000548      0x424 /Users/kroko/Library/Application Support/Code/User/globalStorage/bmd.stm32-for-vscode/@xpack-dev-tools/arm-none-eabi-gcc/13.3.1-1.1.1/.content/bin/../lib/gcc/arm-none-eabi/13.3.1/thumb/v7-m/nofp/libgcc.a(_arm_muldivdf3.o)
                0x08000548                __aeabi_dmul
                0x08000548                __muldf3
                0x0800079c                __aeabi_ddiv
                0x0800079c                __divdf3
 .text          0x0800096c      0x110 /Users/kroko/Library/Application Support/Code/User/globalStorage/bmd.stm32-for-vscode/@xpack-dev-tools/arm-none-eabi-gcc/13.3.1-1.1.1/.content/bin/../lib/gcc/arm-none-eabi/13.3.1/thumb/v7-m/nofp/libgcc.a(_arm_cmpdf2.o)
                0x0800096c                __gedf2
                0x0800096c                __gtdf2
                0x08000974                __ledf2
                0x08000974                __ltdf2
                0x0800097c                __cmpdf2
                0x0800097c                __eqdf2
                0x0800097c                __nedf2
                0x080009f8                __aeabi_cdrcmple
                0x08000a08                __aeabi_cdcmple
                0x08000a08                __aeabi_cdcmpeq
                0x08000a18                __aeabi_dcmpeq
                0x08000a2c                __aeabi_dcmplt
                0x08000a40                __aeabi_dcmple
                0x08000a54                __aeabi_dcmpge
                0x08000a68                __aeabi_dcmpgt
 .text          0x08000a7c       0x2c /Users/kroko/Library/Application Support/Code/User/globalStorage/bmd.stm32-for-vscode/@xpack-dev-tools/arm-none-eabi-gcc/13.3.1-1.1.1/.content/bin/../lib/gcc/arm-none-eabi/13.3.1/thumb/v7-m/nofp/libgcc.a(_arm_unorddf2.o)
                0x08000a7c                __aeabi_dcmpun
                0x08000a7c                __unorddf2
 .text          0x08000aa8       0xa0 /Users/kroko/Library/Application Support/Code/User/globalStorage/bmd.stm32-for-vscode/@xpack-dev-tools/arm-none-eabi-gcc/13.3.1-1.1.1/.content/bin/../lib/gcc/arm-none-eabi/13.3.1/thumb/v7-m/nofp/libgcc.a(_arm_truncdfsf2.o)
                0x08000aa8                __aeabi_d2f
                0x08000aa8                __truncdfsf2
 .text          0x08000b48      0x21c /Users/kroko/Library/Application Support/Code/User/globalStorage/bmd.stm32-for-vscode/@xpack-dev-tools/arm-none-eabi-gcc/13.3.1-1.1.1/.content/bin/../lib/gcc/arm-none-eabi/13.3.1/thumb/v7-m/nofp/libgcc.a(_arm_addsubsf3.o)
                0x08000b48                __aeabi_frsub
                0x08000b50                __aeabi_fsub
                0x08000b50                __subsf3
                0x08000b54                __aeabi_fadd
                0x08000b54                __addsf3
                0x08000cb4                __aeabi_ui2f
                0x08000cb4                __floatunsisf
                0x08000cbc                __floatsisf
                0x08000cbc                __aeabi_i2f
                0x08000cd8                __aeabi_ul2f
                0x08000cd8                __floatundisf
                0x08000ce8                __aeabi_l2f
                0x08000ce8                __floatdisf
 .text          0x08000d64       0x4c /Users/kroko/Library/Application Support/Code/User/globalStorage/bmd.stm32-for-vscode/@xpack-dev-tools/arm-none-eabi-gcc/13.3.1-1.1.1/.content/bin/../lib/gcc/arm-none-eabi/13.3.1/thumb/v7-m/nofp/libgcc.a(_arm_fixsfsi.o)
                0x08000d64                __fixsfsi
                0x08000d64                __aeabi_f2iz
 *(.text*)
 .text.__do_global_dtors_aux
                0x08000db0       0x24 /Users/kroko/Library/Application Support/Code/User/globalStorage/bmd.stm32-for-vscode/@xpack-dev-tools/arm-none-eabi-gcc/13.3.1-1.1.1/.content/bin/../lib/gcc/arm-none-eabi/13.3.1/thumb/v7-m/nofp/crtbegin.o
 .text.frame_dummy
                0x08000dd4       0x1c /Users/kroko/Library/Application Support/Code/User/globalStorage/bmd.stm32-for-vscode/@xpack-dev-tools/arm-none-eabi-gcc/13.3.1-1.1.1/.content/bin/../lib/gcc/arm-none-eabi/13.3.1/thumb/v7-m/nofp/crtbegin.o
 .text.MX_GPIO_Init
                0x08000df0       0x90 build/debug/main.o
 .text.MX_DMA_Init
                0x08000e80       0x34 build/debug/main.o
 *fill*         0x08000eb4        0x4 
 .text.HAL_ADC_ConvCpltCallback
                0x08000eb8       0x88 build/debug/main.o
                0x08000eb8                HAL_ADC_ConvCpltCallback
 .text.Get_Line
                0x08000f40       0x80 build/debug/main.o
                0x08000f40                Get_Line
 .text.PID_Linefollow
                0x08000fc0      0x234 build/debug/main.o
                0x08000fc0                PID_Linefollow
 .text.Normalize_Sensors
                0x080011f4       0x40 build/debug/main.o
                0x080011f4                Normalize_Sensors
 .text.Read_Line
                0x08001234       0x3c build/debug/main.o
                0x08001234                Read_Line
 .text.Robot_Control
                0x08001270       0x8c build/debug/main.o
                0x08001270                Robot_Control
 .text.Error_Handler
                0x080012fc        0x4 build/debug/main.o
                0x080012fc                Error_Handler
 .text.MX_ADC1_Init
                0x08001300      0x104 build/debug/main.o
 .text.MX_TIM1_Init
                0x08001404       0xec build/debug/main.o
 .text.MX_TIM2_Init
                0x080014f0       0xb0 build/debug/main.o
 .text.SystemClock_Config
                0x080015a0       0x76 build/debug/main.o
                0x080015a0                SystemClock_Config
 *fill*         0x08001616        0x2 
 .text.main     0x08001618      0x16c build/debug/main.o
                0x08001618                main
 .text.M_Init   0x08001784       0x74 build/debug/motor.o
                0x08001784                M_Init
 .text.M_Disable
                0x080017f8       0x14 build/debug/motor.o
                0x080017f8                M_Disable
 .text.M_SetSpeed
                0x0800180c       0x64 build/debug/motor.o
                0x0800180c                M_SetSpeed
 .text.HAL_InitTick
                0x08001870       0x4c build/debug/stm32f1xx_hal.o
                0x08001870                HAL_InitTick
 .text.HAL_Init
                0x080018bc       0x16 build/debug/stm32f1xx_hal.o
                0x080018bc                HAL_Init
 *fill*         0x080018d2        0x2 
 .text.HAL_IncTick
                0x080018d4       0x18 build/debug/stm32f1xx_hal.o
                0x080018d4                HAL_IncTick
 .text.HAL_GetTick
                0x080018ec        0xc build/debug/stm32f1xx_hal.o
                0x080018ec                HAL_GetTick
 .text.HAL_Delay
                0x080018f8       0x28 build/debug/stm32f1xx_hal.o
                0x080018f8                HAL_Delay
 .text.ADC_DMAConvCplt
                0x08001920       0x52 build/debug/stm32f1xx_hal_adc.o
                0x08001920                ADC_DMAConvCplt
 .text.HAL_ADC_ConvHalfCpltCallback
                0x08001972        0x2 build/debug/stm32f1xx_hal_adc.o
                0x08001972                HAL_ADC_ConvHalfCpltCallback
 .text.ADC_DMAHalfConvCplt
                0x08001974        0xa build/debug/stm32f1xx_hal_adc.o
                0x08001974                ADC_DMAHalfConvCplt
 .text.HAL_ADC_LevelOutOfWindowCallback
                0x0800197e        0x2 build/debug/stm32f1xx_hal_adc.o
                0x0800197e                HAL_ADC_LevelOutOfWindowCallback
 .text.HAL_ADC_IRQHandler
                0x08001980      0x102 build/debug/stm32f1xx_hal_adc.o
                0x08001980                HAL_ADC_IRQHandler
 .text.HAL_ADC_ErrorCallback
                0x08001a82        0x2 build/debug/stm32f1xx_hal_adc.o
                0x08001a82                HAL_ADC_ErrorCallback
 .text.ADC_DMAError
                0x08001a84       0x1a build/debug/stm32f1xx_hal_adc.o
                0x08001a84                ADC_DMAError
 *fill*         0x08001a9e        0x2 
 .text.HAL_ADC_ConfigChannel
                0x08001aa0      0x140 build/debug/stm32f1xx_hal_adc.o
                0x08001aa0                HAL_ADC_ConfigChannel
 .text.ADC_Enable
                0x08001be0       0x88 build/debug/stm32f1xx_hal_adc.o
                0x08001be0                ADC_Enable
 .text.HAL_ADC_Start_DMA
                0x08001c68       0xd8 build/debug/stm32f1xx_hal_adc.o
                0x08001c68                HAL_ADC_Start_DMA
 .text.ADC_ConversionStop_Disable
                0x08001d40       0x56 build/debug/stm32f1xx_hal_adc.o
                0x08001d40                ADC_ConversionStop_Disable
 *fill*         0x08001d96        0x2 
 .text.HAL_ADC_Init
                0x08001d98      0x108 build/debug/stm32f1xx_hal_adc.o
                0x08001d98                HAL_ADC_Init
 .text.HAL_ADCEx_InjectedConvCpltCallback
                0x08001ea0        0x2 build/debug/stm32f1xx_hal_adc_ex.o
                0x08001ea0                HAL_ADCEx_InjectedConvCpltCallback
 *fill*         0x08001ea2        0x2 
 .text.__NVIC_SetPriority
                0x08001ea4       0x28 build/debug/stm32f1xx_hal_cortex.o
 .text.NVIC_EncodePriority
                0x08001ecc       0x3e build/debug/stm32f1xx_hal_cortex.o
 *fill*         0x08001f0a        0x2 
 .text.__NVIC_SystemReset
                0x08001f0c       0x24 build/debug/stm32f1xx_hal_cortex.o
 .text.HAL_NVIC_SetPriorityGrouping
                0x08001f30       0x24 build/debug/stm32f1xx_hal_cortex.o
                0x08001f30                HAL_NVIC_SetPriorityGrouping
 .text.HAL_NVIC_SetPriority
                0x08001f54       0x20 build/debug/stm32f1xx_hal_cortex.o
                0x08001f54                HAL_NVIC_SetPriority
 .text.HAL_NVIC_EnableIRQ
                0x08001f74       0x1c build/debug/stm32f1xx_hal_cortex.o
                0x08001f74                HAL_NVIC_EnableIRQ
 .text.HAL_NVIC_SystemReset
                0x08001f90        0x6 build/debug/stm32f1xx_hal_cortex.o
                0x08001f90                HAL_NVIC_SystemReset
 *fill*         0x08001f96        0x2 
 .text.HAL_SYSTICK_Config
                0x08001f98       0x28 build/debug/stm32f1xx_hal_cortex.o
                0x08001f98                HAL_SYSTICK_Config
 .text.DMA_SetConfig
                0x08001fc0       0x2c build/debug/stm32f1xx_hal_dma.o
 .text.HAL_DMA_Init
                0x08001fec       0x68 build/debug/stm32f1xx_hal_dma.o
                0x08001fec                HAL_DMA_Init
 .text.HAL_DMA_Start_IT
                0x08002054       0x76 build/debug/stm32f1xx_hal_dma.o
                0x08002054                HAL_DMA_Start_IT
 *fill*         0x080020ca        0x2 
 .text.HAL_DMA_IRQHandler
                0x080020cc      0x144 build/debug/stm32f1xx_hal_dma.o
                0x080020cc                HAL_DMA_IRQHandler
 .text.HAL_GPIO_Init
                0x08002210      0x21c build/debug/stm32f1xx_hal_gpio.o
                0x08002210                HAL_GPIO_Init
 .text.HAL_GPIO_ReadPin
                0x0800242c        0xe build/debug/stm32f1xx_hal_gpio.o
                0x0800242c                HAL_GPIO_ReadPin
 .text.HAL_GPIO_WritePin
                0x0800243a        0xc build/debug/stm32f1xx_hal_gpio.o
                0x0800243a                HAL_GPIO_WritePin
 *fill*         0x08002446        0x2 
 .text.HAL_MspInit
                0x08002448       0x44 build/debug/stm32f1xx_hal_msp.o
                0x08002448                HAL_MspInit
 .text.HAL_ADC_MspInit
                0x0800248c       0xcc build/debug/stm32f1xx_hal_msp.o
                0x0800248c                HAL_ADC_MspInit
 .text.HAL_TIM_Base_MspInit
                0x08002558       0x4c build/debug/stm32f1xx_hal_msp.o
                0x08002558                HAL_TIM_Base_MspInit
 .text.HAL_TIM_MspPostInit
                0x080025a4       0xc0 build/debug/stm32f1xx_hal_msp.o
                0x080025a4                HAL_TIM_MspPostInit
 .text.RCC_Delay
                0x08002664       0x2c build/debug/stm32f1xx_hal_rcc.o
 .text.HAL_RCC_OscConfig
                0x08002690      0x410 build/debug/stm32f1xx_hal_rcc.o
                0x08002690                HAL_RCC_OscConfig
 .text.HAL_RCC_GetSysClockFreq
                0x08002aa0       0x54 build/debug/stm32f1xx_hal_rcc.o
                0x08002aa0                HAL_RCC_GetSysClockFreq
 .text.HAL_RCC_ClockConfig
                0x08002af4      0x114 build/debug/stm32f1xx_hal_rcc.o
                0x08002af4                HAL_RCC_ClockConfig
 .text.HAL_RCCEx_PeriphCLKConfig
                0x08002c08      0x100 build/debug/stm32f1xx_hal_rcc_ex.o
                0x08002c08                HAL_RCCEx_PeriphCLKConfig
 .text.TIM_OC1_SetConfig
                0x08002d08       0x88 build/debug/stm32f1xx_hal_tim.o
 .text.TIM_OC3_SetConfig
                0x08002d90       0x78 build/debug/stm32f1xx_hal_tim.o
 .text.TIM_OC4_SetConfig
                0x08002e08       0x60 build/debug/stm32f1xx_hal_tim.o
 .text.TIM_TI1_ConfigInputStage
                0x08002e68       0x24 build/debug/stm32f1xx_hal_tim.o
 .text.TIM_TI2_ConfigInputStage
                0x08002e8c       0x26 build/debug/stm32f1xx_hal_tim.o
 .text.TIM_ITRx_SetConfig
                0x08002eb2       0x10 build/debug/stm32f1xx_hal_tim.o
 .text.HAL_TIM_PWM_MspInit
                0x08002ec2        0x2 build/debug/stm32f1xx_hal_tim.o
                0x08002ec2                HAL_TIM_PWM_MspInit
 .text.TIM_Base_SetConfig
                0x08002ec4       0xb0 build/debug/stm32f1xx_hal_tim.o
                0x08002ec4                TIM_Base_SetConfig
 .text.HAL_TIM_Base_Init
                0x08002f74       0x58 build/debug/stm32f1xx_hal_tim.o
                0x08002f74                HAL_TIM_Base_Init
 .text.HAL_TIM_PWM_Init
                0x08002fcc       0x58 build/debug/stm32f1xx_hal_tim.o
                0x08002fcc                HAL_TIM_PWM_Init
 .text.TIM_OC2_SetConfig
                0x08003024       0x78 build/debug/stm32f1xx_hal_tim.o
                0x08003024                TIM_OC2_SetConfig
 .text.HAL_TIM_PWM_ConfigChannel
                0x0800309c       0xdc build/debug/stm32f1xx_hal_tim.o
                0x0800309c                HAL_TIM_PWM_ConfigChannel
 .text.TIM_ETR_SetConfig
                0x08003178       0x18 build/debug/stm32f1xx_hal_tim.o
                0x08003178                TIM_ETR_SetConfig
 .text.HAL_TIM_ConfigClockSource
                0x08003190       0xfe build/debug/stm32f1xx_hal_tim.o
                0x08003190                HAL_TIM_ConfigClockSource
 .text.TIM_CCxChannelCmd
                0x0800328e       0x1e build/debug/stm32f1xx_hal_tim.o
                0x0800328e                TIM_CCxChannelCmd
 .text.HAL_TIM_PWM_Start
                0x080032ac       0xfc build/debug/stm32f1xx_hal_tim.o
                0x080032ac                HAL_TIM_PWM_Start
 .text.HAL_TIMEx_MasterConfigSynchronization
                0x080033a8       0x74 build/debug/stm32f1xx_hal_tim_ex.o
                0x080033a8                HAL_TIMEx_MasterConfigSynchronization
 .text.HAL_TIMEx_ConfigBreakDeadTime
                0x0800341c       0x52 build/debug/stm32f1xx_hal_tim_ex.o
                0x0800341c                HAL_TIMEx_ConfigBreakDeadTime
 .text.NMI_Handler
                0x0800346e        0x2 build/debug/stm32f1xx_it.o
                0x0800346e                NMI_Handler
 .text.HardFault_Handler
                0x08003470        0x2 build/debug/stm32f1xx_it.o
                0x08003470                HardFault_Handler
 .text.MemManage_Handler
                0x08003472        0x2 build/debug/stm32f1xx_it.o
                0x08003472                MemManage_Handler
 .text.BusFault_Handler
                0x08003474        0x2 build/debug/stm32f1xx_it.o
                0x08003474                BusFault_Handler
 .text.UsageFault_Handler
                0x08003476        0x2 build/debug/stm32f1xx_it.o
                0x08003476                UsageFault_Handler
 .text.SVC_Handler
                0x08003478        0x2 build/debug/stm32f1xx_it.o
                0x08003478                SVC_Handler
 .text.DebugMon_Handler
                0x0800347a        0x2 build/debug/stm32f1xx_it.o
                0x0800347a                DebugMon_Handler
 .text.PendSV_Handler
                0x0800347c        0x2 build/debug/stm32f1xx_it.o
                0x0800347c                PendSV_Handler
 .text.SysTick_Handler
                0x0800347e        0x8 build/debug/stm32f1xx_it.o
                0x0800347e                SysTick_Handler
 *fill*         0x08003486        0x2 
 .text.DMA1_Channel1_IRQHandler
                0x08003488       0x10 build/debug/stm32f1xx_it.o
                0x08003488                DMA1_Channel1_IRQHandler
 .text.ADC1_IRQHandler
                0x08003498       0x10 build/debug/stm32f1xx_it.o
                0x08003498                ADC1_IRQHandler
 .text.SystemInit
                0x080034a8        0x2 build/debug/system_stm32f1xx.o
                0x080034a8                SystemInit
 *fill*         0x080034aa        0x2 
 .text.Reset_Handler
                0x080034ac       0x48 build/debug/startup_stm32f100xb.o
                0x080034ac                Reset_Handler
 .text.Default_Handler
                0x080034f4        0x2 build/debug/startup_stm32f100xb.o
                0x080034f4                TIM1_BRK_TIM15_IRQHandler
                0x080034f4                EXTI2_IRQHandler
                0x080034f4                TIM1_CC_IRQHandler
                0x080034f4                PVD_IRQHandler
                0x080034f4                EXTI3_IRQHandler
                0x080034f4                EXTI0_IRQHandler
                0x080034f4                TIM1_UP_TIM16_IRQHandler
                0x080034f4                SPI1_IRQHandler
                0x080034f4                TAMPER_IRQHandler
                0x080034f4                TIM6_DAC_IRQHandler
                0x080034f4                DMA1_Channel4_IRQHandler
                0x080034f4                USART3_IRQHandler
                0x080034f4                RTC_IRQHandler
                0x080034f4                DMA1_Channel7_IRQHandler
                0x080034f4                TIM4_IRQHandler
                0x080034f4                I2C1_EV_IRQHandler
                0x080034f4                DMA1_Channel6_IRQHandler
                0x080034f4                TIM3_IRQHandler
                0x080034f4                RCC_IRQHandler
                0x080034f4                Default_Handler
                0x080034f4                CEC_IRQHandler
                0x080034f4                EXTI15_10_IRQHandler
                0x080034f4                TIM7_IRQHandler
                0x080034f4                EXTI9_5_IRQHandler
                0x080034f4                SPI2_IRQHandler
                0x080034f4                DMA1_Channel5_IRQHandler
                0x080034f4                EXTI4_IRQHandler
                0x080034f4                TIM1_TRG_COM_TIM17_IRQHandler
                0x080034f4                DMA1_Channel3_IRQHandler
                0x080034f4                WWDG_IRQHandler
                0x080034f4                TIM2_IRQHandler
                0x080034f4                EXTI1_IRQHandler
                0x080034f4                USART2_IRQHandler
                0x080034f4                DMA1_Channel2_IRQHandler
                0x080034f4                FLASH_IRQHandler
                0x080034f4                USART1_IRQHandler
                0x080034f4                I2C1_ER_IRQHandler
                0x080034f4                RTC_Alarm_IRQHandler
 .text.memset   0x080034f6       0x10 /Users/kroko/Library/Application Support/Code/User/globalStorage/bmd.stm32-for-vscode/@xpack-dev-tools/arm-none-eabi-gcc/13.3.1-1.1.1/.content/bin/../lib/gcc/arm-none-eabi/13.3.1/../../../../arm-none-eabi/lib/thumb/v7-m/nofp/libc_nano.a(libc_a-memset.o)
                0x080034f6                memset
 *fill*         0x08003506        0x2 
 .text.__errno  0x08003508        0xc /Users/kroko/Library/Application Support/Code/User/globalStorage/bmd.stm32-for-vscode/@xpack-dev-tools/arm-none-eabi-gcc/13.3.1-1.1.1/.content/bin/../lib/gcc/arm-none-eabi/13.3.1/../../../../arm-none-eabi/lib/thumb/v7-m/nofp/libc_nano.a(libc_a-errno.o)
                0x08003508                __errno
 .text.__libc_init_array
                0x08003514       0x48 /Users/kroko/Library/Application Support/Code/User/globalStorage/bmd.stm32-for-vscode/@xpack-dev-tools/arm-none-eabi-gcc/13.3.1-1.1.1/.content/bin/../lib/gcc/arm-none-eabi/13.3.1/../../../../arm-none-eabi/lib/thumb/v7-m/nofp/libc_nano.a(libc_a-init.o)
                0x08003514                __libc_init_array
 .text.pow      0x0800355c       0xdc /Users/kroko/Library/Application Support/Code/User/globalStorage/bmd.stm32-for-vscode/@xpack-dev-tools/arm-none-eabi-gcc/13.3.1-1.1.1/.content/bin/../lib/gcc/arm-none-eabi/13.3.1/../../../../arm-none-eabi/lib/thumb/v7-m/nofp/libm.a(libm_a-w_pow.o)
                0x0800355c                pow
 .text.finite   0x08003638        0xc /Users/kroko/Library/Application Support/Code/User/globalStorage/bmd.stm32-for-vscode/@xpack-dev-tools/arm-none-eabi-gcc/13.3.1-1.1.1/.content/bin/../lib/gcc/arm-none-eabi/13.3.1/../../../../arm-none-eabi/lib/thumb/v7-m/nofp/libm.a(libm_a-s_finite.o)
                0x08003638                finite
 *fill*         0x08003644        0x4 
 .text.__ieee754_pow
                0x08003648      0xb48 /Users/kroko/Library/Application Support/Code/User/globalStorage/bmd.stm32-for-vscode/@xpack-dev-tools/arm-none-eabi-gcc/13.3.1-1.1.1/.content/bin/../lib/gcc/arm-none-eabi/13.3.1/../../../../arm-none-eabi/lib/thumb/v7-m/nofp/libm.a(libm_a-e_pow.o)
                0x08003648                __ieee754_pow
 .text.with_errno
                0x08004190       0x18 /Users/kroko/Library/Application Support/Code/User/globalStorage/bmd.stm32-for-vscode/@xpack-dev-tools/arm-none-eabi-gcc/13.3.1-1.1.1/.content/bin/../lib/gcc/arm-none-eabi/13.3.1/../../../../arm-none-eabi/lib/thumb/v7-m/nofp/libm.a(libm_a-math_err.o)
 .text.xflow    0x080041a8       0x30 /Users/kroko/Library/Application Support/Code/User/globalStorage/bmd.stm32-for-vscode/@xpack-dev-tools/arm-none-eabi-gcc/13.3.1-1.1.1/.content/bin/../lib/gcc/arm-none-eabi/13.3.1/../../../../arm-none-eabi/lib/thumb/v7-m/nofp/libm.a(libm_a-math_err.o)
 .text.__math_uflow
                0x080041d8        0xc /Users/kroko/Library/Application Support/Code/User/globalStorage/bmd.stm32-for-vscode/@xpack-dev-tools/arm-none-eabi-gcc/13.3.1-1.1.1/.content/bin/../lib/gcc/arm-none-eabi/13.3.1/../../../../arm-none-eabi/lib/thumb/v7-m/nofp/libm.a(libm_a-math_err.o)
                0x080041d8                __math_uflow
 .text.__math_oflow
                0x080041e4        0xc /Users/kroko/Library/Application Support/Code/User/globalStorage/bmd.stm32-for-vscode/@xpack-dev-tools/arm-none-eabi-gcc/13.3.1-1.1.1/.content/bin/../lib/gcc/arm-none-eabi/13.3.1/../../../../arm-none-eabi/lib/thumb/v7-m/nofp/libm.a(libm_a-math_err.o)
                0x080041e4                __math_oflow
 .text.fabs     0x080041f0        0x8 /Users/kroko/Library/Application Support/Code/User/globalStorage/bmd.stm32-for-vscode/@xpack-dev-tools/arm-none-eabi-gcc/13.3.1-1.1.1/.content/bin/../lib/gcc/arm-none-eabi/13.3.1/../../../../arm-none-eabi/lib/thumb/v7-m/nofp/libm.a(libm_a-s_fabs.o)
                0x080041f0                fabs
 .text.scalbn   0x080041f8       0xfc /Users/kroko/Library/Application Support/Code/User/globalStorage/bmd.stm32-for-vscode/@xpack-dev-tools/arm-none-eabi-gcc/13.3.1-1.1.1/.content/bin/../lib/gcc/arm-none-eabi/13.3.1/../../../../arm-none-eabi/lib/thumb/v7-m/nofp/libm.a(libm_a-s_scalbn.o)
                0x080041f8                scalbn
 .text.__ieee754_sqrt
                0x080042f4      0x1d8 /Users/kroko/Library/Application Support/Code/User/globalStorage/bmd.stm32-for-vscode/@xpack-dev-tools/arm-none-eabi-gcc/13.3.1-1.1.1/.content/bin/../lib/gcc/arm-none-eabi/13.3.1/../../../../arm-none-eabi/lib/thumb/v7-m/nofp/libm.a(libm_a-e_sqrt.o)
                0x080042f4                __ieee754_sqrt
 *(.glue_7)
 .glue_7        0x080044cc        0x0 linker stubs
 *(.glue_7t)
 .glue_7t       0x080044cc        0x0 linker stubs
 *(.eh_frame)
 .eh_frame      0x080044cc        0x0 /Users/kroko/Library/Application Support/Code/User/globalStorage/bmd.stm32-for-vscode/@xpack-dev-tools/arm-none-eabi-gcc/13.3.1-1.1.1/.content/bin/../lib/gcc/arm-none-eabi/13.3.1/thumb/v7-m/nofp/crtbegin.o
 *(.init)
 .init          0x080044cc        0x4 /Users/kroko/Library/Application Support/Code/User/globalStorage/bmd.stm32-for-vscode/@xpack-dev-tools/arm-none-eabi-gcc/13.3.1-1.1.1/.content/bin/../lib/gcc/arm-none-eabi/13.3.1/thumb/v7-m/nofp/crti.o
                0x080044cc                _init
 .init          0x080044d0        0x8 /Users/kroko/Library/Application Support/Code/User/globalStorage/bmd.stm32-for-vscode/@xpack-dev-tools/arm-none-eabi-gcc/13.3.1-1.1.1/.content/bin/../lib/gcc/arm-none-eabi/13.3.1/thumb/v7-m/nofp/crtn.o
 *(.fini)
 .fini          0x080044d8        0x4 /Users/kroko/Library/Application Support/Code/User/globalStorage/bmd.stm32-for-vscode/@xpack-dev-tools/arm-none-eabi-gcc/13.3.1-1.1.1/.content/bin/../lib/gcc/arm-none-eabi/13.3.1/thumb/v7-m/nofp/crti.o
                0x080044d8                _fini
 .fini          0x080044dc        0x8 /Users/kroko/Library/Application Support/Code/User/globalStorage/bmd.stm32-for-vscode/@xpack-dev-tools/arm-none-eabi-gcc/13.3.1-1.1.1/.content/bin/../lib/gcc/arm-none-eabi/13.3.1/thumb/v7-m/nofp/crtn.o
                0x080044e4                        . = ALIGN (0x4)
                0x080044e4                        _etext = .

.vfp11_veneer   0x080044e4        0x0
 .vfp11_veneer  0x080044e4        0x0 linker stubs

.v4_bx          0x080044e4        0x0
 .v4_bx         0x080044e4        0x0 linker stubs

.iplt           0x080044e4        0x0
 .iplt          0x080044e4        0x0 /Users/kroko/Library/Application Support/Code/User/globalStorage/bmd.stm32-for-vscode/@xpack-dev-tools/arm-none-eabi-gcc/13.3.1-1.1.1/.content/bin/../lib/gcc/arm-none-eabi/13.3.1/thumb/v7-m/nofp/crtbegin.o

.rodata         0x080044e8       0x60
                0x080044e8                        . = ALIGN (0x4)
 *(.rodata)
 *(.rodata*)
 .rodata.BLACK  0x080044e8       0x10 build/debug/main.o
                0x080044e8                BLACK
 .rodata.WHITE  0x080044f8       0x10 build/debug/main.o
                0x080044f8                WHITE
 .rodata.aPredivFactorTable.0
                0x08004508       0x10 build/debug/stm32f1xx_hal_rcc.o
 .rodata.aPLLMULFactorTable.1
                0x08004518       0x10 build/debug/stm32f1xx_hal_rcc.o
 .rodata.AHBPrescTable
                0x08004528       0x10 build/debug/system_stm32f1xx.o
                0x08004528                AHBPrescTable
 .rodata.tiny   0x08004538        0x8 /Users/kroko/Library/Application Support/Code/User/globalStorage/bmd.stm32-for-vscode/@xpack-dev-tools/arm-none-eabi-gcc/13.3.1-1.1.1/.content/bin/../lib/gcc/arm-none-eabi/13.3.1/../../../../arm-none-eabi/lib/thumb/v7-m/nofp/libm.a(libm_a-e_sqrt.o)
 .rodata.one    0x08004540        0x8 /Users/kroko/Library/Application Support/Code/User/globalStorage/bmd.stm32-for-vscode/@xpack-dev-tools/arm-none-eabi-gcc/13.3.1-1.1.1/.content/bin/../lib/gcc/arm-none-eabi/13.3.1/../../../../arm-none-eabi/lib/thumb/v7-m/nofp/libm.a(libm_a-e_sqrt.o)
                0x08004548                        . = ALIGN (0x4)

.ARM.extab      0x08004548        0x0
                0x08004548                        . = ALIGN (0x4)
 *(.ARM.extab* .gnu.linkonce.armextab.*)
                0x08004548                        . = ALIGN (0x4)

.ARM            0x08004548        0x0
                0x08004548                        . = ALIGN (0x4)
                0x08004548                        __exidx_start = .
 *(.ARM.exidx*)
                0x08004548                        __exidx_end = .
                0x08004548                        . = ALIGN (0x4)

.preinit_array  0x08004548        0x0
                0x08004548                        . = ALIGN (0x4)
                0x08004548                        PROVIDE (__preinit_array_start = .)
 *(.preinit_array*)
                0x08004548                        PROVIDE (__preinit_array_end = .)
                0x08004548                        . = ALIGN (0x4)

.init_array     0x08004548        0x4
                0x08004548                        . = ALIGN (0x4)
                0x08004548                        PROVIDE (__init_array_start = .)
 *(SORT_BY_NAME(.init_array.*))
 *(.init_array*)
 .init_array    0x08004548        0x4 /Users/kroko/Library/Application Support/Code/User/globalStorage/bmd.stm32-for-vscode/@xpack-dev-tools/arm-none-eabi-gcc/13.3.1-1.1.1/.content/bin/../lib/gcc/arm-none-eabi/13.3.1/thumb/v7-m/nofp/crtbegin.o
                0x0800454c                        PROVIDE (__init_array_end = .)
                0x0800454c                        . = ALIGN (0x4)

.fini_array     0x0800454c        0x4
                0x0800454c                        . = ALIGN (0x4)
                0x0800454c                        PROVIDE (__fini_array_start = .)
 *(SORT_BY_NAME(.fini_array.*))
 *(.fini_array*)
 .fini_array    0x0800454c        0x4 /Users/kroko/Library/Application Support/Code/User/globalStorage/bmd.stm32-for-vscode/@xpack-dev-tools/arm-none-eabi-gcc/13.3.1-1.1.1/.content/bin/../lib/gcc/arm-none-eabi/13.3.1/thumb/v7-m/nofp/crtbegin.o
                0x08004550                        PROVIDE (__fini_array_end = .)
                0x08004550                        . = ALIGN (0x4)
                0x08004550                        _sidata = LOADADDR (.data)

.rel.dyn        0x08004550        0x0
 .rel.iplt      0x08004550        0x0 /Users/kroko/Library/Application Support/Code/User/globalStorage/bmd.stm32-for-vscode/@xpack-dev-tools/arm-none-eabi-gcc/13.3.1-1.1.1/.content/bin/../lib/gcc/arm-none-eabi/13.3.1/thumb/v7-m/nofp/crtbegin.o

.data           0x20000000       0x6c load address 0x08004550
                0x20000000                        . = ALIGN (0x4)
                0x20000000                        _sdata = .
 *(.data)
 *(.data*)
 .data.lfspeed  0x20000000        0x4 build/debug/main.o
                0x20000000                lfspeed
 .data.multiD   0x20000004        0x1 build/debug/main.o
                0x20000004                multiD
 .data.multiI   0x20000005        0x1 build/debug/main.o
                0x20000005                multiI
 .data.multiP   0x20000006        0x1 build/debug/main.o
                0x20000006                multiP
 *fill*         0x20000007        0x1 
 .data.Ki       0x20000008        0x4 build/debug/main.o
                0x20000008                Ki
 .data.Kp       0x2000000c        0x4 build/debug/main.o
                0x2000000c                Kp
 .data.uwTickFreq
                0x20000010        0x1 build/debug/stm32f1xx_hal.o
                0x20000010                uwTickFreq
 *fill*         0x20000011        0x3 
 .data.uwTickPrio
                0x20000014        0x4 build/debug/stm32f1xx_hal.o
                0x20000014                uwTickPrio
 .data.SystemCoreClock
                0x20000018        0x4 build/debug/system_stm32f1xx.o
                0x20000018                SystemCoreClock
 .data._impure_ptr
                0x2000001c        0x4 /Users/kroko/Library/Application Support/Code/User/globalStorage/bmd.stm32-for-vscode/@xpack-dev-tools/arm-none-eabi-gcc/13.3.1-1.1.1/.content/bin/../lib/gcc/arm-none-eabi/13.3.1/../../../../arm-none-eabi/lib/thumb/v7-m/nofp/libc_nano.a(libc_a-impure.o)
                0x2000001c                _impure_ptr
 .data._impure_data
                0x20000020       0x4c /Users/kroko/Library/Application Support/Code/User/globalStorage/bmd.stm32-for-vscode/@xpack-dev-tools/arm-none-eabi-gcc/13.3.1-1.1.1/.content/bin/../lib/gcc/arm-none-eabi/13.3.1/../../../../arm-none-eabi/lib/thumb/v7-m/nofp/libc_nano.a(libc_a-impure.o)
                0x20000020                _impure_data
 *(.RamFunc)
 *(.RamFunc*)
                0x2000006c                        . = ALIGN (0x4)
                0x2000006c                        _edata = .

.igot.plt       0x2000006c        0x0 load address 0x080045bc
 .igot.plt      0x2000006c        0x0 /Users/kroko/Library/Application Support/Code/User/globalStorage/bmd.stm32-for-vscode/@xpack-dev-tools/arm-none-eabi-gcc/13.3.1-1.1.1/.content/bin/../lib/gcc/arm-none-eabi/13.3.1/thumb/v7-m/nofp/crtbegin.o
                0x2000006c                        . = ALIGN (0x4)

.bss            0x2000006c      0x2b8 load address 0x080045bc
                0x2000006c                        _sbss = .
                0x2000006c                        __bss_start__ = _sbss
 *(.bss)
 *(.bss*)
 .bss.completed.1
                0x2000006c        0x1 /Users/kroko/Library/Application Support/Code/User/globalStorage/bmd.stm32-for-vscode/@xpack-dev-tools/arm-none-eabi-gcc/13.3.1-1.1.1/.content/bin/../lib/gcc/arm-none-eabi/13.3.1/thumb/v7-m/nofp/crtbegin.o
 *fill*         0x2000006d        0x3 
 .bss.object.0  0x20000070       0x18 /Users/kroko/Library/Application Support/Code/User/globalStorage/bmd.stm32-for-vscode/@xpack-dev-tools/arm-none-eabi-gcc/13.3.1-1.1.1/.content/bin/../lib/gcc/arm-none-eabi/13.3.1/thumb/v7-m/nofp/crtbegin.o
 .bss.adc_done_flag
                0x20000088        0x1 build/debug/main.o
                0x20000088                adc_done_flag
 *fill*         0x20000089        0x3 
 .bss.rsp       0x2000008c        0x4 build/debug/main.o
                0x2000008c                rsp
 .bss.lsp       0x20000090        0x4 build/debug/main.o
                0x20000090                lsp
 .bss.error     0x20000094        0x4 build/debug/main.o
                0x20000094                error
 .bss.previousError
                0x20000098        0x4 build/debug/main.o
                0x20000098                previousError
 .bss.I         0x2000009c        0x4 build/debug/main.o
                0x2000009c                I
 .bss.D         0x200000a0        0x4 build/debug/main.o
                0x200000a0                D
 .bss.P         0x200000a4        0x4 build/debug/main.o
                0x200000a4                P
 .bss.position  0x200000a8        0x2 build/debug/main.o
                0x200000a8                position
 *fill*         0x200000aa        0x2 
 .bss.t0        0x200000ac        0x4 build/debug/main.o
                0x200000ac                t0
 .bss.Dvalue    0x200000b0        0x4 build/debug/main.o
                0x200000b0                Dvalue
 .bss.Ivalue    0x200000b4        0x4 build/debug/main.o
                0x200000b4                Ivalue
 .bss.Pvalue    0x200000b8        0x4 build/debug/main.o
                0x200000b8                Pvalue
 .bss.Kd        0x200000bc        0x4 build/debug/main.o
                0x200000bc                Kd
 .bss.adc_buffer
                0x200000c0       0x24 build/debug/main.o
                0x200000c0                adc_buffer
 .bss.htim2     0x200000e4       0x48 build/debug/main.o
                0x200000e4                htim2
 .bss.htim1     0x2000012c       0x48 build/debug/main.o
                0x2000012c                htim1
 .bss.hdma_adc1
                0x20000174       0x44 build/debug/main.o
                0x20000174                hdma_adc1
 .bss.hadc1     0x200001b8       0x30 build/debug/main.o
                0x200001b8                hadc1
 .bss.uwTick    0x200001e8        0x4 build/debug/stm32f1xx_hal.o
                0x200001e8                uwTick
 .bss.__sf      0x200001ec      0x138 /Users/kroko/Library/Application Support/Code/User/globalStorage/bmd.stm32-for-vscode/@xpack-dev-tools/arm-none-eabi-gcc/13.3.1-1.1.1/.content/bin/../lib/gcc/arm-none-eabi/13.3.1/../../../../arm-none-eabi/lib/thumb/v7-m/nofp/libc_nano.a(libc_a-findfp.o)
                0x200001ec                __sf
 *(COMMON)
                0x20000324                        . = ALIGN (0x4)
                0x20000324                        _ebss = .
                0x20000324                        __bss_end__ = _ebss

._user_heap_stack
                0x20000324      0x604 load address 0x080045bc
                0x20000328                        . = ALIGN (0x8)
 *fill*         0x20000324        0x4 
                [!provide]                        PROVIDE (end = .)
                0x20000328                        PROVIDE (_end = .)
                0x20000528                        . = (. + _Min_Heap_Size)
 *fill*         0x20000328      0x200 
                0x20000928                        . = (. + _Min_Stack_Size)
 *fill*         0x20000528      0x400 
                0x20000928                        . = ALIGN (0x8)

/DISCARD/
 libc.a(*)
 libm.a(*)
 libgcc.a(*)
OUTPUT(build/debug/line_follower.elf elf32-littlearm)
LOAD linker stubs
LOAD /Users/kroko/Library/Application Support/Code/User/globalStorage/bmd.stm32-for-vscode/@xpack-dev-tools/arm-none-eabi-gcc/13.3.1-1.1.1/.content/bin/../lib/gcc/arm-none-eabi/13.3.1/../../../../arm-none-eabi/lib/thumb/v7-m/nofp/libc.a
LOAD /Users/kroko/Library/Application Support/Code/User/globalStorage/bmd.stm32-for-vscode/@xpack-dev-tools/arm-none-eabi-gcc/13.3.1-1.1.1/.content/bin/../lib/gcc/arm-none-eabi/13.3.1/../../../../arm-none-eabi/lib/thumb/v7-m/nofp/libm.a
LOAD /Users/kroko/Library/Application Support/Code/User/globalStorage/bmd.stm32-for-vscode/@xpack-dev-tools/arm-none-eabi-gcc/13.3.1-1.1.1/.content/bin/../lib/gcc/arm-none-eabi/13.3.1/thumb/v7-m/nofp/libgcc.a

.ARM.attributes
                0x00000000       0x29
 .ARM.attributes
                0x00000000       0x1d /Users/kroko/Library/Application Support/Code/User/globalStorage/bmd.stm32-for-vscode/@xpack-dev-tools/arm-none-eabi-gcc/13.3.1-1.1.1/.content/bin/../lib/gcc/arm-none-eabi/13.3.1/thumb/v7-m/nofp/crti.o
 .ARM.attributes
                0x0000001d       0x2d /Users/kroko/Library/Application Support/Code/User/globalStorage/bmd.stm32-for-vscode/@xpack-dev-tools/arm-none-eabi-gcc/13.3.1-1.1.1/.content/bin/../lib/gcc/arm-none-eabi/13.3.1/thumb/v7-m/nofp/crtbegin.o
 .ARM.attributes
                0x0000004a       0x2d build/debug/main.o
 .ARM.attributes
                0x00000077       0x2d build/debug/motor.o
 .ARM.attributes
                0x000000a4       0x2d build/debug/stm32f1xx_hal.o
 .ARM.attributes
                0x000000d1       0x2d build/debug/stm32f1xx_hal_adc.o
 .ARM.attributes
                0x000000fe       0x2d build/debug/stm32f1xx_hal_adc_ex.o
 .ARM.attributes
                0x0000012b       0x2d build/debug/stm32f1xx_hal_cortex.o
 .ARM.attributes
                0x00000158       0x2d build/debug/stm32f1xx_hal_dma.o
 .ARM.attributes
                0x00000185       0x2d build/debug/stm32f1xx_hal_gpio.o
 .ARM.attributes
                0x000001b2       0x2d build/debug/stm32f1xx_hal_msp.o
 .ARM.attributes
                0x000001df       0x2d build/debug/stm32f1xx_hal_rcc.o
 .ARM.attributes
                0x0000020c       0x2d build/debug/stm32f1xx_hal_rcc_ex.o
 .ARM.attributes
                0x00000239       0x2d build/debug/stm32f1xx_hal_tim.o
 .ARM.attributes
                0x00000266       0x2d build/debug/stm32f1xx_hal_tim_ex.o
 .ARM.attributes
                0x00000293       0x2d build/debug/stm32f1xx_it.o
 .ARM.attributes
                0x000002c0       0x2d build/debug/system_stm32f1xx.o
 .ARM.attributes
                0x000002ed       0x21 build/debug/startup_stm32f100xb.o
 .ARM.attributes
                0x0000030e       0x2d /Users/kroko/Library/Application Support/Code/User/globalStorage/bmd.stm32-for-vscode/@xpack-dev-tools/arm-none-eabi-gcc/13.3.1-1.1.1/.content/bin/../lib/gcc/arm-none-eabi/13.3.1/../../../../arm-none-eabi/lib/thumb/v7-m/nofp/libc_nano.a(libc_a-findfp.o)
 .ARM.attributes
                0x0000033b       0x2d /Users/kroko/Library/Application Support/Code/User/globalStorage/bmd.stm32-for-vscode/@xpack-dev-tools/arm-none-eabi-gcc/13.3.1-1.1.1/.content/bin/../lib/gcc/arm-none-eabi/13.3.1/../../../../arm-none-eabi/lib/thumb/v7-m/nofp/libc_nano.a(libc_a-memset.o)
 .ARM.attributes
                0x00000368       0x2d /Users/kroko/Library/Application Support/Code/User/globalStorage/bmd.stm32-for-vscode/@xpack-dev-tools/arm-none-eabi-gcc/13.3.1-1.1.1/.content/bin/../lib/gcc/arm-none-eabi/13.3.1/../../../../arm-none-eabi/lib/thumb/v7-m/nofp/libc_nano.a(libc_a-errno.o)
 .ARM.attributes
                0x00000395       0x2d /Users/kroko/Library/Application Support/Code/User/globalStorage/bmd.stm32-for-vscode/@xpack-dev-tools/arm-none-eabi-gcc/13.3.1-1.1.1/.content/bin/../lib/gcc/arm-none-eabi/13.3.1/../../../../arm-none-eabi/lib/thumb/v7-m/nofp/libc_nano.a(libc_a-init.o)
 .ARM.attributes
                0x000003c2       0x2d /Users/kroko/Library/Application Support/Code/User/globalStorage/bmd.stm32-for-vscode/@xpack-dev-tools/arm-none-eabi-gcc/13.3.1-1.1.1/.content/bin/../lib/gcc/arm-none-eabi/13.3.1/../../../../arm-none-eabi/lib/thumb/v7-m/nofp/libc_nano.a(libc_a-impure.o)
 .ARM.attributes
                0x000003ef       0x2d /Users/kroko/Library/Application Support/Code/User/globalStorage/bmd.stm32-for-vscode/@xpack-dev-tools/arm-none-eabi-gcc/13.3.1-1.1.1/.content/bin/../lib/gcc/arm-none-eabi/13.3.1/../../../../arm-none-eabi/lib/thumb/v7-m/nofp/libm.a(libm_a-w_pow.o)
 .ARM.attributes
                0x0000041c       0x2d /Users/kroko/Library/Application Support/Code/User/globalStorage/bmd.stm32-for-vscode/@xpack-dev-tools/arm-none-eabi-gcc/13.3.1-1.1.1/.content/bin/../lib/gcc/arm-none-eabi/13.3.1/../../../../arm-none-eabi/lib/thumb/v7-m/nofp/libm.a(libm_a-s_finite.o)
 .ARM.attributes
                0x00000449       0x2d /Users/kroko/Library/Application Support/Code/User/globalStorage/bmd.stm32-for-vscode/@xpack-dev-tools/arm-none-eabi-gcc/13.3.1-1.1.1/.content/bin/../lib/gcc/arm-none-eabi/13.3.1/../../../../arm-none-eabi/lib/thumb/v7-m/nofp/libm.a(libm_a-e_pow.o)
 .ARM.attributes
                0x00000476       0x2d /Users/kroko/Library/Application Support/Code/User/globalStorage/bmd.stm32-for-vscode/@xpack-dev-tools/arm-none-eabi-gcc/13.3.1-1.1.1/.content/bin/../lib/gcc/arm-none-eabi/13.3.1/../../../../arm-none-eabi/lib/thumb/v7-m/nofp/libm.a(libm_a-math_err.o)
 .ARM.attributes
                0x000004a3       0x2d /Users/kroko/Library/Application Support/Code/User/globalStorage/bmd.stm32-for-vscode/@xpack-dev-tools/arm-none-eabi-gcc/13.3.1-1.1.1/.content/bin/../lib/gcc/arm-none-eabi/13.3.1/../../../../arm-none-eabi/lib/thumb/v7-m/nofp/libm.a(libm_a-s_fabs.o)
 .ARM.attributes
                0x000004d0       0x2d /Users/kroko/Library/Application Support/Code/User/globalStorage/bmd.stm32-for-vscode/@xpack-dev-tools/arm-none-eabi-gcc/13.3.1-1.1.1/.content/bin/../lib/gcc/arm-none-eabi/13.3.1/../../../../arm-none-eabi/lib/thumb/v7-m/nofp/libm.a(libm_a-s_scalbn.o)
 .ARM.attributes
                0x000004fd       0x2d /Users/kroko/Library/Application Support/Code/User/globalStorage/bmd.stm32-for-vscode/@xpack-dev-tools/arm-none-eabi-gcc/13.3.1-1.1.1/.content/bin/../lib/gcc/arm-none-eabi/13.3.1/../../../../arm-none-eabi/lib/thumb/v7-m/nofp/libm.a(libm_a-e_sqrt.o)
 .ARM.attributes
                0x0000052a       0x1d /Users/kroko/Library/Application Support/Code/User/globalStorage/bmd.stm32-for-vscode/@xpack-dev-tools/arm-none-eabi-gcc/13.3.1-1.1.1/.content/bin/../lib/gcc/arm-none-eabi/13.3.1/thumb/v7-m/nofp/libgcc.a(_arm_addsubdf3.o)
 .ARM.attributes
                0x00000547       0x1d /Users/kroko/Library/Application Support/Code/User/globalStorage/bmd.stm32-for-vscode/@xpack-dev-tools/arm-none-eabi-gcc/13.3.1-1.1.1/.content/bin/../lib/gcc/arm-none-eabi/13.3.1/thumb/v7-m/nofp/libgcc.a(_arm_muldivdf3.o)
 .ARM.attributes
                0x00000564       0x1d /Users/kroko/Library/Application Support/Code/User/globalStorage/bmd.stm32-for-vscode/@xpack-dev-tools/arm-none-eabi-gcc/13.3.1-1.1.1/.content/bin/../lib/gcc/arm-none-eabi/13.3.1/thumb/v7-m/nofp/libgcc.a(_arm_cmpdf2.o)
 .ARM.attributes
                0x00000581       0x1d /Users/kroko/Library/Application Support/Code/User/globalStorage/bmd.stm32-for-vscode/@xpack-dev-tools/arm-none-eabi-gcc/13.3.1-1.1.1/.content/bin/../lib/gcc/arm-none-eabi/13.3.1/thumb/v7-m/nofp/libgcc.a(_arm_unorddf2.o)
 .ARM.attributes
                0x0000059e       0x1d /Users/kroko/Library/Application Support/Code/User/globalStorage/bmd.stm32-for-vscode/@xpack-dev-tools/arm-none-eabi-gcc/13.3.1-1.1.1/.content/bin/../lib/gcc/arm-none-eabi/13.3.1/thumb/v7-m/nofp/libgcc.a(_arm_truncdfsf2.o)
 .ARM.attributes
                0x000005bb       0x1d /Users/kroko/Library/Application Support/Code/User/globalStorage/bmd.stm32-for-vscode/@xpack-dev-tools/arm-none-eabi-gcc/13.3.1-1.1.1/.content/bin/../lib/gcc/arm-none-eabi/13.3.1/thumb/v7-m/nofp/libgcc.a(_arm_addsubsf3.o)
 .ARM.attributes
                0x000005d8       0x1d /Users/kroko/Library/Application Support/Code/User/globalStorage/bmd.stm32-for-vscode/@xpack-dev-tools/arm-none-eabi-gcc/13.3.1-1.1.1/.content/bin/../lib/gcc/arm-none-eabi/13.3.1/thumb/v7-m/nofp/libgcc.a(_arm_fixsfsi.o)
 .ARM.attributes
                0x000005f5       0x1d /Users/kroko/Library/Application Support/Code/User/globalStorage/bmd.stm32-for-vscode/@xpack-dev-tools/arm-none-eabi-gcc/13.3.1-1.1.1/.content/bin/../lib/gcc/arm-none-eabi/13.3.1/thumb/v7-m/nofp/crtn.o

.comment        0x00000000       0x39
 .comment       0x00000000       0x39 /Users/kroko/Library/Application Support/Code/User/globalStorage/bmd.stm32-for-vscode/@xpack-dev-tools/arm-none-eabi-gcc/13.3.1-1.1.1/.content/bin/../lib/gcc/arm-none-eabi/13.3.1/thumb/v7-m/nofp/crtbegin.o
                                 0x3a (size before relaxing)
 .comment       0x00000039       0x3a build/debug/main.o
 .comment       0x00000039       0x3a build/debug/motor.o
 .comment       0x00000039       0x3a build/debug/stm32f1xx_hal.o
 .comment       0x00000039       0x3a build/debug/stm32f1xx_hal_adc.o
 .comment       0x00000039       0x3a build/debug/stm32f1xx_hal_adc_ex.o
 .comment       0x00000039       0x3a build/debug/stm32f1xx_hal_cortex.o
 .comment       0x00000039       0x3a build/debug/stm32f1xx_hal_dma.o
 .comment       0x00000039       0x3a build/debug/stm32f1xx_hal_gpio.o
 .comment       0x00000039       0x3a build/debug/stm32f1xx_hal_msp.o
 .comment       0x00000039       0x3a build/debug/stm32f1xx_hal_rcc.o
 .comment       0x00000039       0x3a build/debug/stm32f1xx_hal_rcc_ex.o
 .comment       0x00000039       0x3a build/debug/stm32f1xx_hal_tim.o
 .comment       0x00000039       0x3a build/debug/stm32f1xx_hal_tim_ex.o
 .comment       0x00000039       0x3a build/debug/stm32f1xx_it.o
 .comment       0x00000039       0x3a build/debug/system_stm32f1xx.o
 .comment       0x00000039       0x3a /Users/kroko/Library/Application Support/Code/User/globalStorage/bmd.stm32-for-vscode/@xpack-dev-tools/arm-none-eabi-gcc/13.3.1-1.1.1/.content/bin/../lib/gcc/arm-none-eabi/13.3.1/../../../../arm-none-eabi/lib/thumb/v7-m/nofp/libc_nano.a(libc_a-findfp.o)
 .comment       0x00000039       0x3a /Users/kroko/Library/Application Support/Code/User/globalStorage/bmd.stm32-for-vscode/@xpack-dev-tools/arm-none-eabi-gcc/13.3.1-1.1.1/.content/bin/../lib/gcc/arm-none-eabi/13.3.1/../../../../arm-none-eabi/lib/thumb/v7-m/nofp/libc_nano.a(libc_a-memset.o)
 .comment       0x00000039       0x3a /Users/kroko/Library/Application Support/Code/User/globalStorage/bmd.stm32-for-vscode/@xpack-dev-tools/arm-none-eabi-gcc/13.3.1-1.1.1/.content/bin/../lib/gcc/arm-none-eabi/13.3.1/../../../../arm-none-eabi/lib/thumb/v7-m/nofp/libc_nano.a(libc_a-errno.o)
 .comment       0x00000039       0x3a /Users/kroko/Library/Application Support/Code/User/globalStorage/bmd.stm32-for-vscode/@xpack-dev-tools/arm-none-eabi-gcc/13.3.1-1.1.1/.content/bin/../lib/gcc/arm-none-eabi/13.3.1/../../../../arm-none-eabi/lib/thumb/v7-m/nofp/libc_nano.a(libc_a-init.o)
 .comment       0x00000039       0x3a /Users/kroko/Library/Application Support/Code/User/globalStorage/bmd.stm32-for-vscode/@xpack-dev-tools/arm-none-eabi-gcc/13.3.1-1.1.1/.content/bin/../lib/gcc/arm-none-eabi/13.3.1/../../../../arm-none-eabi/lib/thumb/v7-m/nofp/libc_nano.a(libc_a-impure.o)
 .comment       0x00000039       0x3a /Users/kroko/Library/Application Support/Code/User/globalStorage/bmd.stm32-for-vscode/@xpack-dev-tools/arm-none-eabi-gcc/13.3.1-1.1.1/.content/bin/../lib/gcc/arm-none-eabi/13.3.1/../../../../arm-none-eabi/lib/thumb/v7-m/nofp/libm.a(libm_a-w_pow.o)
 .comment       0x00000039       0x3a /Users/kroko/Library/Application Support/Code/User/globalStorage/bmd.stm32-for-vscode/@xpack-dev-tools/arm-none-eabi-gcc/13.3.1-1.1.1/.content/bin/../lib/gcc/arm-none-eabi/13.3.1/../../../../arm-none-eabi/lib/thumb/v7-m/nofp/libm.a(libm_a-s_finite.o)
 .comment       0x00000039       0x3a /Users/kroko/Library/Application Support/Code/User/globalStorage/bmd.stm32-for-vscode/@xpack-dev-tools/arm-none-eabi-gcc/13.3.1-1.1.1/.content/bin/../lib/gcc/arm-none-eabi/13.3.1/../../../../arm-none-eabi/lib/thumb/v7-m/nofp/libm.a(libm_a-e_pow.o)
 .comment       0x00000039       0x3a /Users/kroko/Library/Application Support/Code/User/globalStorage/bmd.stm32-for-vscode/@xpack-dev-tools/arm-none-eabi-gcc/13.3.1-1.1.1/.content/bin/../lib/gcc/arm-none-eabi/13.3.1/../../../../arm-none-eabi/lib/thumb/v7-m/nofp/libm.a(libm_a-math_err.o)
 .comment       0x00000039       0x3a /Users/kroko/Library/Application Support/Code/User/globalStorage/bmd.stm32-for-vscode/@xpack-dev-tools/arm-none-eabi-gcc/13.3.1-1.1.1/.content/bin/../lib/gcc/arm-none-eabi/13.3.1/../../../../arm-none-eabi/lib/thumb/v7-m/nofp/libm.a(libm_a-s_fabs.o)
 .comment       0x00000039       0x3a /Users/kroko/Library/Application Support/Code/User/globalStorage/bmd.stm32-for-vscode/@xpack-dev-tools/arm-none-eabi-gcc/13.3.1-1.1.1/.content/bin/../lib/gcc/arm-none-eabi/13.3.1/../../../../arm-none-eabi/lib/thumb/v7-m/nofp/libm.a(libm_a-s_scalbn.o)
 .comment       0x00000039       0x3a /Users/kroko/Library/Application Support/Code/User/globalStorage/bmd.stm32-for-vscode/@xpack-dev-tools/arm-none-eabi-gcc/13.3.1-1.1.1/.content/bin/../lib/gcc/arm-none-eabi/13.3.1/../../../../arm-none-eabi/lib/thumb/v7-m/nofp/libm.a(libm_a-e_sqrt.o)

.debug_info     0x00000000     0xe0c7
 .debug_info    0x00000000     0x226d build/debug/main.o
 .debug_info    0x0000226d      0x8c3 build/debug/motor.o
 .debug_info    0x00002b30      0x71b build/debug/stm32f1xx_hal.o
 .debug_info    0x0000324b      0xed9 build/debug/stm32f1xx_hal_adc.o
 .debug_info    0x00004124      0x955 build/debug/stm32f1xx_hal_adc_ex.o
 .debug_info    0x00004a79      0xccd build/debug/stm32f1xx_hal_cortex.o
 .debug_info    0x00005746      0x7f2 build/debug/stm32f1xx_hal_dma.o
 .debug_info    0x00005f38      0x61e build/debug/stm32f1xx_hal_gpio.o
 .debug_info    0x00006556      0xf78 build/debug/stm32f1xx_hal_msp.o
 .debug_info    0x000074ce      0x957 build/debug/stm32f1xx_hal_rcc.o
 .debug_info    0x00007e25      0x3a1 build/debug/stm32f1xx_hal_rcc_ex.o
 .debug_info    0x000081c6     0x3c0f build/debug/stm32f1xx_hal_tim.o
 .debug_info    0x0000bdd5     0x1aac build/debug/stm32f1xx_hal_tim_ex.o
 .debug_info    0x0000d881      0x5d0 build/debug/stm32f1xx_it.o
 .debug_info    0x0000de51      0x246 build/debug/system_stm32f1xx.o
 .debug_info    0x0000e097       0x30 build/debug/startup_stm32f100xb.o

.debug_abbrev   0x00000000     0x2310
 .debug_abbrev  0x00000000      0x3a3 build/debug/main.o
 .debug_abbrev  0x000003a3      0x1f0 build/debug/motor.o
 .debug_abbrev  0x00000593      0x25f build/debug/stm32f1xx_hal.o
 .debug_abbrev  0x000007f2      0x252 build/debug/stm32f1xx_hal_adc.o
 .debug_abbrev  0x00000a44      0x279 build/debug/stm32f1xx_hal_adc_ex.o
 .debug_abbrev  0x00000cbd      0x36d build/debug/stm32f1xx_hal_cortex.o
 .debug_abbrev  0x0000102a      0x244 build/debug/stm32f1xx_hal_dma.o
 .debug_abbrev  0x0000126e      0x1f7 build/debug/stm32f1xx_hal_gpio.o
 .debug_abbrev  0x00001465      0x2b4 build/debug/stm32f1xx_hal_msp.o
 .debug_abbrev  0x00001719      0x29f build/debug/stm32f1xx_hal_rcc.o
 .debug_abbrev  0x000019b8      0x1ac build/debug/stm32f1xx_hal_rcc_ex.o
 .debug_abbrev  0x00001b64      0x270 build/debug/stm32f1xx_hal_tim.o
 .debug_abbrev  0x00001dd4      0x26e build/debug/stm32f1xx_hal_tim_ex.o
 .debug_abbrev  0x00002042      0x18d build/debug/stm32f1xx_it.o
 .debug_abbrev  0x000021cf      0x11d build/debug/system_stm32f1xx.o
 .debug_abbrev  0x000022ec       0x24 build/debug/startup_stm32f100xb.o

.debug_loclists
                0x00000000     0x7038
 .debug_loclists
                0x00000000      0x1e1 build/debug/main.o
 .debug_loclists
                0x000001e1       0x74 build/debug/motor.o
 .debug_loclists
                0x00000255       0xe1 build/debug/stm32f1xx_hal.o
 .debug_loclists
                0x00000336      0x7d6 build/debug/stm32f1xx_hal_adc.o
 .debug_loclists
                0x00000b0c      0x459 build/debug/stm32f1xx_hal_adc_ex.o
 .debug_loclists
                0x00000f65      0x530 build/debug/stm32f1xx_hal_cortex.o
 .debug_loclists
                0x00001495      0x562 build/debug/stm32f1xx_hal_dma.o
 .debug_loclists
                0x000019f7      0x318 build/debug/stm32f1xx_hal_gpio.o
 .debug_loclists
                0x00001d0f       0xd6 build/debug/stm32f1xx_hal_msp.o
 .debug_loclists
                0x00001de5      0x42c build/debug/stm32f1xx_hal_rcc.o
 .debug_loclists
                0x00002211      0x1ed build/debug/stm32f1xx_hal_rcc_ex.o
 .debug_loclists
                0x000023fe     0x37a1 build/debug/stm32f1xx_hal_tim.o
 .debug_loclists
                0x00005b9f     0x13c3 build/debug/stm32f1xx_hal_tim_ex.o
 .debug_loclists
                0x00006f62       0xd6 build/debug/system_stm32f1xx.o

.debug_aranges  0x00000000      0xb90
 .debug_aranges
                0x00000000       0x90 build/debug/main.o
 .debug_aranges
                0x00000090       0x38 build/debug/motor.o
 .debug_aranges
                0x000000c8       0xe0 build/debug/stm32f1xx_hal.o
 .debug_aranges
                0x000001a8       0xf0 build/debug/stm32f1xx_hal_adc.o
 .debug_aranges
                0x00000298       0x60 build/debug/stm32f1xx_hal_adc_ex.o
 .debug_aranges
                0x000002f8       0xc0 build/debug/stm32f1xx_hal_cortex.o
 .debug_aranges
                0x000003b8       0x80 build/debug/stm32f1xx_hal_dma.o
 .debug_aranges
                0x00000438       0x58 build/debug/stm32f1xx_hal_gpio.o
 .debug_aranges
                0x00000490       0x48 build/debug/stm32f1xx_hal_msp.o
 .debug_aranges
                0x000004d8       0x90 build/debug/stm32f1xx_hal_rcc.o
 .debug_aranges
                0x00000568       0x30 build/debug/stm32f1xx_hal_rcc_ex.o
 .debug_aranges
                0x00000598      0x3d0 build/debug/stm32f1xx_hal_tim.o
 .debug_aranges
                0x00000968      0x168 build/debug/stm32f1xx_hal_tim_ex.o
 .debug_aranges
                0x00000ad0       0x70 build/debug/stm32f1xx_it.o
 .debug_aranges
                0x00000b40       0x28 build/debug/system_stm32f1xx.o
 .debug_aranges
                0x00000b68       0x28 build/debug/startup_stm32f100xb.o

.debug_rnglists
                0x00000000      0x8f4
 .debug_rnglists
                0x00000000       0x88 build/debug/main.o
 .debug_rnglists
                0x00000088       0x25 build/debug/motor.o
 .debug_rnglists
                0x000000ad       0xa3 build/debug/stm32f1xx_hal.o
 .debug_rnglists
                0x00000150       0xb8 build/debug/stm32f1xx_hal_adc.o
 .debug_rnglists
                0x00000208       0x48 build/debug/stm32f1xx_hal_adc_ex.o
 .debug_rnglists
                0x00000250       0x8b build/debug/stm32f1xx_hal_cortex.o
 .debug_rnglists
                0x000002db       0x5e build/debug/stm32f1xx_hal_dma.o
 .debug_rnglists
                0x00000339       0x3f build/debug/stm32f1xx_hal_gpio.o
 .debug_rnglists
                0x00000378       0x33 build/debug/stm32f1xx_hal_msp.o
 .debug_rnglists
                0x000003ab       0x7d build/debug/stm32f1xx_hal_rcc.o
 .debug_rnglists
                0x00000428       0x2e build/debug/stm32f1xx_hal_rcc_ex.o
 .debug_rnglists
                0x00000456      0x302 build/debug/stm32f1xx_hal_tim.o
 .debug_rnglists
                0x00000758      0x11a build/debug/stm32f1xx_hal_tim_ex.o
 .debug_rnglists
                0x00000872       0x4f build/debug/stm32f1xx_it.o
 .debug_rnglists
                0x000008c1       0x1a build/debug/system_stm32f1xx.o
 .debug_rnglists
                0x000008db       0x19 build/debug/startup_stm32f100xb.o

.debug_line     0x00000000     0xc88c
 .debug_line    0x00000000      0xdc7 build/debug/main.o
 .debug_line    0x00000dc7      0x37f build/debug/motor.o
 .debug_line    0x00001146      0x5c9 build/debug/stm32f1xx_hal.o
 .debug_line    0x0000170f      0xe58 build/debug/stm32f1xx_hal_adc.o
 .debug_line    0x00002567      0x980 build/debug/stm32f1xx_hal_adc_ex.o
 .debug_line    0x00002ee7      0x743 build/debug/stm32f1xx_hal_cortex.o
 .debug_line    0x0000362a      0xb8b build/debug/stm32f1xx_hal_dma.o
 .debug_line    0x000041b5      0x66c build/debug/stm32f1xx_hal_gpio.o
 .debug_line    0x00004821      0x518 build/debug/stm32f1xx_hal_msp.o
 .debug_line    0x00004d39      0xd0b build/debug/stm32f1xx_hal_rcc.o
 .debug_line    0x00005a44      0x4b8 build/debug/stm32f1xx_hal_rcc_ex.o
 .debug_line    0x00005efc     0x481f build/debug/stm32f1xx_hal_tim.o
 .debug_line    0x0000a71b     0x1abe build/debug/stm32f1xx_hal_tim_ex.o
 .debug_line    0x0000c1d9      0x375 build/debug/stm32f1xx_it.o
 .debug_line    0x0000c54e      0x2ca build/debug/system_stm32f1xx.o
 .debug_line    0x0000c818       0x74 build/debug/startup_stm32f100xb.o

.debug_str      0x00000000     0x36eb
 .debug_str     0x00000000     0x36eb build/debug/main.o
                               0x12dd (size before relaxing)
 .debug_str     0x000036eb      0x72f build/debug/motor.o
 .debug_str     0x000036eb      0x7d0 build/debug/stm32f1xx_hal.o
 .debug_str     0x000036eb      0x8b8 build/debug/stm32f1xx_hal_adc.o
 .debug_str     0x000036eb      0x77e build/debug/stm32f1xx_hal_adc_ex.o
 .debug_str     0x000036eb      0x88e build/debug/stm32f1xx_hal_cortex.o
 .debug_str     0x000036eb      0x5db build/debug/stm32f1xx_hal_dma.o
 .debug_str     0x000036eb      0x3e4 build/debug/stm32f1xx_hal_gpio.o
 .debug_str     0x000036eb      0xc33 build/debug/stm32f1xx_hal_msp.o
 .debug_str     0x000036eb      0x5f0 build/debug/stm32f1xx_hal_rcc.o
 .debug_str     0x000036eb      0x373 build/debug/stm32f1xx_hal_rcc_ex.o
 .debug_str     0x000036eb     0x1663 build/debug/stm32f1xx_hal_tim.o
 .debug_str     0x000036eb      0xe6f build/debug/stm32f1xx_hal_tim_ex.o
 .debug_str     0x000036eb      0x577 build/debug/stm32f1xx_it.o
 .debug_str     0x000036eb      0x24a build/debug/system_stm32f1xx.o
 .debug_str     0x000036eb       0x65 build/debug/startup_stm32f100xb.o

.debug_frame    0x00000000     0x1e60
 .debug_frame   0x00000000      0x1bc build/debug/main.o
 .debug_frame   0x000001bc       0x7c build/debug/motor.o
 .debug_frame   0x00000238      0x1cc build/debug/stm32f1xx_hal.o
 .debug_frame   0x00000404      0x2c8 build/debug/stm32f1xx_hal_adc.o
 .debug_frame   0x000006cc      0x118 build/debug/stm32f1xx_hal_adc_ex.o
 .debug_frame   0x000007e4      0x19c build/debug/stm32f1xx_hal_cortex.o
 .debug_frame   0x00000980      0x144 build/debug/stm32f1xx_hal_dma.o
 .debug_frame   0x00000ac4       0xe4 build/debug/stm32f1xx_hal_gpio.o
 .debug_frame   0x00000ba8       0xb0 build/debug/stm32f1xx_hal_msp.o
 .debug_frame   0x00000c58      0x184 build/debug/stm32f1xx_hal_rcc.o
 .debug_frame   0x00000ddc       0x5c build/debug/stm32f1xx_hal_rcc_ex.o
 .debug_frame   0x00000e38      0xb08 build/debug/stm32f1xx_hal_tim.o
 .debug_frame   0x00001940      0x418 build/debug/stm32f1xx_hal_tim_ex.o
 .debug_frame   0x00001d58       0xd8 build/debug/stm32f1xx_it.o
 .debug_frame   0x00001e30       0x30 build/debug/system_stm32f1xx.o

.debug_line_str
                0x00000000       0x49
 .debug_line_str
                0x00000000       0x49 build/debug/startup_stm32f100xb.o

Cross Reference Table

Symbol                                            File
ADC1_IRQHandler                                   build/debug/stm32f1xx_it.o
ADC_ConversionStop_Disable                        build/debug/stm32f1xx_hal_adc.o
                                                  build/debug/stm32f1xx_hal_adc_ex.o
ADC_DMAConvCplt                                   build/debug/stm32f1xx_hal_adc.o
ADC_DMAError                                      build/debug/stm32f1xx_hal_adc.o
ADC_DMAHalfConvCplt                               build/debug/stm32f1xx_hal_adc.o
ADC_Enable                                        build/debug/stm32f1xx_hal_adc.o
                                                  build/debug/stm32f1xx_hal_adc_ex.o
AHBPrescTable                                     build/debug/system_stm32f1xx.o
                                                  build/debug/stm32f1xx_hal_rcc.o
APBPrescTable                                     build/debug/system_stm32f1xx.o
                                                  build/debug/stm32f1xx_hal_rcc.o
BLACK                                             build/debug/main.o
BusFault_Handler                                  build/debug/stm32f1xx_it.o
CEC_IRQHandler                                    build/debug/startup_stm32f100xb.o
D                                                 build/debug/main.o
DMA1_Channel1_IRQHandler                          build/debug/stm32f1xx_it.o
DMA1_Channel2_IRQHandler                          build/debug/startup_stm32f100xb.o
DMA1_Channel3_IRQHandler                          build/debug/startup_stm32f100xb.o
DMA1_Channel4_IRQHandler                          build/debug/startup_stm32f100xb.o
DMA1_Channel5_IRQHandler                          build/debug/startup_stm32f100xb.o
DMA1_Channel6_IRQHandler                          build/debug/startup_stm32f100xb.o
DMA1_Channel7_IRQHandler                          build/debug/startup_stm32f100xb.o
DebugMon_Handler                                  build/debug/stm32f1xx_it.o
Default_Handler                                   build/debug/startup_stm32f100xb.o
Dvalue                                            build/debug/main.o
EXTI0_IRQHandler                                  build/debug/startup_stm32f100xb.o
EXTI15_10_IRQHandler                              build/debug/startup_stm32f100xb.o
EXTI1_IRQHandler                                  build/debug/startup_stm32f100xb.o
EXTI2_IRQHandler                                  build/debug/startup_stm32f100xb.o
EXTI3_IRQHandler                                  build/debug/startup_stm32f100xb.o
EXTI4_IRQHandler                                  build/debug/startup_stm32f100xb.o
EXTI9_5_IRQHandler                                build/debug/startup_stm32f100xb.o
Enter_Sleep                                       build/debug/main.o
Error_Handler                                     build/debug/main.o
                                                  build/debug/stm32f1xx_hal_msp.o
FLASH_IRQHandler                                  build/debug/startup_stm32f100xb.o
FLASH_PageErase                                   build/debug/stm32f1xx_hal_flash_ex.o
                                                  build/debug/stm32f1xx_hal_flash.o
FLASH_WaitForLastOperation                        build/debug/stm32f1xx_hal_flash.o
                                                  build/debug/stm32f1xx_hal_flash_ex.o
Get_Line                                          build/debug/main.o
HAL_ADCEx_Calibration_Start                       build/debug/stm32f1xx_hal_adc_ex.o
HAL_ADCEx_InjectedConfigChannel                   build/debug/stm32f1xx_hal_adc_ex.o
HAL_ADCEx_InjectedConvCpltCallback                build/debug/stm32f1xx_hal_adc_ex.o
                                                  build/debug/stm32f1xx_hal_adc.o
HAL_ADCEx_InjectedGetValue                        build/debug/stm32f1xx_hal_adc_ex.o
HAL_ADCEx_InjectedPollForConversion               build/debug/stm32f1xx_hal_adc_ex.o
HAL_ADCEx_InjectedStart                           build/debug/stm32f1xx_hal_adc_ex.o
HAL_ADCEx_InjectedStart_IT                        build/debug/stm32f1xx_hal_adc_ex.o
HAL_ADCEx_InjectedStop                            build/debug/stm32f1xx_hal_adc_ex.o
HAL_ADCEx_InjectedStop_IT                         build/debug/stm32f1xx_hal_adc_ex.o
HAL_ADC_AnalogWDGConfig                           build/debug/stm32f1xx_hal_adc.o
HAL_ADC_ConfigChannel                             build/debug/stm32f1xx_hal_adc.o
                                                  build/debug/main.o
HAL_ADC_ConvCpltCallback                          build/debug/main.o
HAL_ADC_ConvHalfCpltCallback                      build/debug/stm32f1xx_hal_adc.o
HAL_ADC_DeInit                                    build/debug/stm32f1xx_hal_adc.o
HAL_ADC_ErrorCallback                             build/debug/stm32f1xx_hal_adc.o
HAL_ADC_GetError                                  build/debug/stm32f1xx_hal_adc.o
HAL_ADC_GetState                                  build/debug/stm32f1xx_hal_adc.o
HAL_ADC_GetValue                                  build/debug/stm32f1xx_hal_adc.o
HAL_ADC_IRQHandler                                build/debug/stm32f1xx_hal_adc.o
                                                  build/debug/stm32f1xx_it.o
HAL_ADC_Init                                      build/debug/stm32f1xx_hal_adc.o
                                                  build/debug/main.o
HAL_ADC_LevelOutOfWindowCallback                  build/debug/stm32f1xx_hal_adc.o
HAL_ADC_MspDeInit                                 build/debug/stm32f1xx_hal_msp.o
                                                  build/debug/stm32f1xx_hal_adc.o
HAL_ADC_MspInit                                   build/debug/stm32f1xx_hal_msp.o
                                                  build/debug/stm32f1xx_hal_adc.o
HAL_ADC_PollForConversion                         build/debug/stm32f1xx_hal_adc.o
HAL_ADC_PollForEvent                              build/debug/stm32f1xx_hal_adc.o
HAL_ADC_Start                                     build/debug/stm32f1xx_hal_adc.o
HAL_ADC_Start_DMA                                 build/debug/stm32f1xx_hal_adc.o
                                                  build/debug/main.o
HAL_ADC_Start_IT                                  build/debug/stm32f1xx_hal_adc.o
HAL_ADC_Stop                                      build/debug/stm32f1xx_hal_adc.o
HAL_ADC_Stop_DMA                                  build/debug/stm32f1xx_hal_adc.o
HAL_ADC_Stop_IT                                   build/debug/stm32f1xx_hal_adc.o
HAL_DBGMCU_DisableDBGSleepMode                    build/debug/stm32f1xx_hal.o
HAL_DBGMCU_DisableDBGStandbyMode                  build/debug/stm32f1xx_hal.o
HAL_DBGMCU_DisableDBGStopMode                     build/debug/stm32f1xx_hal.o
HAL_DBGMCU_EnableDBGSleepMode                     build/debug/stm32f1xx_hal.o
HAL_DBGMCU_EnableDBGStandbyMode                   build/debug/stm32f1xx_hal.o
HAL_DBGMCU_EnableDBGStopMode                      build/debug/stm32f1xx_hal.o
HAL_DMA_Abort                                     build/debug/stm32f1xx_hal_dma.o
                                                  build/debug/stm32f1xx_hal_adc.o
HAL_DMA_Abort_IT                                  build/debug/stm32f1xx_hal_dma.o
                                                  build/debug/stm32f1xx_hal_tim_ex.o
                                                  build/debug/stm32f1xx_hal_tim.o
HAL_DMA_DeInit                                    build/debug/stm32f1xx_hal_dma.o
                                                  build/debug/stm32f1xx_hal_msp.o
HAL_DMA_GetError                                  build/debug/stm32f1xx_hal_dma.o
HAL_DMA_GetState                                  build/debug/stm32f1xx_hal_dma.o
HAL_DMA_IRQHandler                                build/debug/stm32f1xx_hal_dma.o
                                                  build/debug/stm32f1xx_it.o
HAL_DMA_Init                                      build/debug/stm32f1xx_hal_dma.o
                                                  build/debug/stm32f1xx_hal_msp.o
HAL_DMA_PollForTransfer                           build/debug/stm32f1xx_hal_dma.o
HAL_DMA_RegisterCallback                          build/debug/stm32f1xx_hal_dma.o
HAL_DMA_Start                                     build/debug/stm32f1xx_hal_dma.o
HAL_DMA_Start_IT                                  build/debug/stm32f1xx_hal_dma.o
                                                  build/debug/stm32f1xx_hal_tim_ex.o
                                                  build/debug/stm32f1xx_hal_tim.o
                                                  build/debug/stm32f1xx_hal_adc.o
HAL_DMA_UnRegisterCallback                        build/debug/stm32f1xx_hal_dma.o
HAL_DeInit                                        build/debug/stm32f1xx_hal.o
HAL_Delay                                         build/debug/stm32f1xx_hal.o
                                                  build/debug/motor.o
                                                  build/debug/main.o
HAL_EXTI_ClearConfigLine                          build/debug/stm32f1xx_hal_exti.o
HAL_EXTI_ClearPending                             build/debug/stm32f1xx_hal_exti.o
HAL_EXTI_GenerateSWI                              build/debug/stm32f1xx_hal_exti.o
HAL_EXTI_GetConfigLine                            build/debug/stm32f1xx_hal_exti.o
HAL_EXTI_GetHandle                                build/debug/stm32f1xx_hal_exti.o
HAL_EXTI_GetPending                               build/debug/stm32f1xx_hal_exti.o
HAL_EXTI_IRQHandler                               build/debug/stm32f1xx_hal_exti.o
HAL_EXTI_RegisterCallback                         build/debug/stm32f1xx_hal_exti.o
HAL_EXTI_SetConfigLine                            build/debug/stm32f1xx_hal_exti.o
HAL_FLASHEx_Erase                                 build/debug/stm32f1xx_hal_flash_ex.o
HAL_FLASHEx_Erase_IT                              build/debug/stm32f1xx_hal_flash_ex.o
HAL_FLASHEx_OBErase                               build/debug/stm32f1xx_hal_flash_ex.o
HAL_FLASHEx_OBGetConfig                           build/debug/stm32f1xx_hal_flash_ex.o
HAL_FLASHEx_OBGetUserData                         build/debug/stm32f1xx_hal_flash_ex.o
HAL_FLASHEx_OBProgram                             build/debug/stm32f1xx_hal_flash_ex.o
HAL_FLASH_EndOfOperationCallback                  build/debug/stm32f1xx_hal_flash.o
HAL_FLASH_GetError                                build/debug/stm32f1xx_hal_flash.o
HAL_FLASH_IRQHandler                              build/debug/stm32f1xx_hal_flash.o
HAL_FLASH_Lock                                    build/debug/stm32f1xx_hal_flash.o
HAL_FLASH_OB_Launch                               build/debug/stm32f1xx_hal_flash.o
HAL_FLASH_OB_Lock                                 build/debug/stm32f1xx_hal_flash.o
HAL_FLASH_OB_Unlock                               build/debug/stm32f1xx_hal_flash.o
HAL_FLASH_OperationErrorCallback                  build/debug/stm32f1xx_hal_flash.o
HAL_FLASH_Program                                 build/debug/stm32f1xx_hal_flash.o
HAL_FLASH_Program_IT                              build/debug/stm32f1xx_hal_flash.o
HAL_FLASH_Unlock                                  build/debug/stm32f1xx_hal_flash.o
HAL_GPIOEx_ConfigEventout                         build/debug/stm32f1xx_hal_gpio_ex.o
HAL_GPIOEx_DisableEventout                        build/debug/stm32f1xx_hal_gpio_ex.o
HAL_GPIOEx_EnableEventout                         build/debug/stm32f1xx_hal_gpio_ex.o
HAL_GPIO_DeInit                                   build/debug/stm32f1xx_hal_gpio.o
                                                  build/debug/stm32f1xx_hal_msp.o
HAL_GPIO_EXTI_Callback                            build/debug/stm32f1xx_hal_gpio.o
HAL_GPIO_EXTI_IRQHandler                          build/debug/stm32f1xx_hal_gpio.o
HAL_GPIO_Init                                     build/debug/stm32f1xx_hal_gpio.o
                                                  build/debug/stm32f1xx_hal_rcc.o
                                                  build/debug/stm32f1xx_hal_msp.o
                                                  build/debug/main.o
HAL_GPIO_LockPin                                  build/debug/stm32f1xx_hal_gpio.o
HAL_GPIO_ReadPin                                  build/debug/stm32f1xx_hal_gpio.o
                                                  build/debug/main.o
HAL_GPIO_TogglePin                                build/debug/stm32f1xx_hal_gpio.o
HAL_GPIO_WritePin                                 build/debug/stm32f1xx_hal_gpio.o
                                                  build/debug/motor.o
                                                  build/debug/main.o
HAL_GetDEVID                                      build/debug/stm32f1xx_hal.o
HAL_GetHalVersion                                 build/debug/stm32f1xx_hal.o
HAL_GetREVID                                      build/debug/stm32f1xx_hal.o
HAL_GetTick                                       build/debug/stm32f1xx_hal.o
                                                  build/debug/stm32f1xx_hal_rcc_ex.o
                                                  build/debug/stm32f1xx_hal_rcc.o
                                                  build/debug/stm32f1xx_hal_flash.o
                                                  build/debug/stm32f1xx_hal_dma.o
                                                  build/debug/stm32f1xx_hal_adc_ex.o
                                                  build/debug/stm32f1xx_hal_adc.o
                                                  build/debug/main.o
HAL_GetTickFreq                                   build/debug/stm32f1xx_hal.o
HAL_GetTickPrio                                   build/debug/stm32f1xx_hal.o
HAL_GetUIDw0                                      build/debug/stm32f1xx_hal.o
HAL_GetUIDw1                                      build/debug/stm32f1xx_hal.o
HAL_GetUIDw2                                      build/debug/stm32f1xx_hal.o
HAL_IncTick                                       build/debug/stm32f1xx_hal.o
                                                  build/debug/stm32f1xx_it.o
HAL_Init                                          build/debug/stm32f1xx_hal.o
                                                  build/debug/main.o
HAL_InitTick                                      build/debug/stm32f1xx_hal.o
                                                  build/debug/stm32f1xx_hal_rcc.o
HAL_MspDeInit                                     build/debug/stm32f1xx_hal.o
HAL_MspInit                                       build/debug/stm32f1xx_hal_msp.o
                                                  build/debug/stm32f1xx_hal.o
HAL_NVIC_ClearPendingIRQ                          build/debug/stm32f1xx_hal_cortex.o
HAL_NVIC_DisableIRQ                               build/debug/stm32f1xx_hal_cortex.o
                                                  build/debug/stm32f1xx_hal_msp.o
HAL_NVIC_EnableIRQ                                build/debug/stm32f1xx_hal_cortex.o
                                                  build/debug/stm32f1xx_hal_msp.o
                                                  build/debug/main.o
HAL_NVIC_GetActive                                build/debug/stm32f1xx_hal_cortex.o
HAL_NVIC_GetPendingIRQ                            build/debug/stm32f1xx_hal_cortex.o
HAL_NVIC_GetPriority                              build/debug/stm32f1xx_hal_cortex.o
HAL_NVIC_GetPriorityGrouping                      build/debug/stm32f1xx_hal_cortex.o
HAL_NVIC_SetPendingIRQ                            build/debug/stm32f1xx_hal_cortex.o
HAL_NVIC_SetPriority                              build/debug/stm32f1xx_hal_cortex.o
                                                  build/debug/stm32f1xx_hal_msp.o
                                                  build/debug/stm32f1xx_hal.o
                                                  build/debug/main.o
HAL_NVIC_SetPriorityGrouping                      build/debug/stm32f1xx_hal_cortex.o
                                                  build/debug/stm32f1xx_hal.o
HAL_NVIC_SystemReset                              build/debug/stm32f1xx_hal_cortex.o
                                                  build/debug/stm32f1xx_hal_flash.o
                                                  build/debug/main.o
HAL_PWR_ConfigPVD                                 build/debug/stm32f1xx_hal_pwr.o
HAL_PWR_DeInit                                    build/debug/stm32f1xx_hal_pwr.o
HAL_PWR_DisableBkUpAccess                         build/debug/stm32f1xx_hal_pwr.o
HAL_PWR_DisablePVD                                build/debug/stm32f1xx_hal_pwr.o
HAL_PWR_DisableSEVOnPend                          build/debug/stm32f1xx_hal_pwr.o
HAL_PWR_DisableSleepOnExit                        build/debug/stm32f1xx_hal_pwr.o
HAL_PWR_DisableWakeUpPin                          build/debug/stm32f1xx_hal_pwr.o
HAL_PWR_EnableBkUpAccess                          build/debug/stm32f1xx_hal_pwr.o
HAL_PWR_EnablePVD                                 build/debug/stm32f1xx_hal_pwr.o
HAL_PWR_EnableSEVOnPend                           build/debug/stm32f1xx_hal_pwr.o
HAL_PWR_EnableSleepOnExit                         build/debug/stm32f1xx_hal_pwr.o
HAL_PWR_EnableWakeUpPin                           build/debug/stm32f1xx_hal_pwr.o
HAL_PWR_EnterSLEEPMode                            build/debug/stm32f1xx_hal_pwr.o
HAL_PWR_EnterSTANDBYMode                          build/debug/stm32f1xx_hal_pwr.o
HAL_PWR_EnterSTOPMode                             build/debug/stm32f1xx_hal_pwr.o
HAL_PWR_PVDCallback                               build/debug/stm32f1xx_hal_pwr.o
HAL_PWR_PVD_IRQHandler                            build/debug/stm32f1xx_hal_pwr.o
HAL_RCCEx_GetPeriphCLKConfig                      build/debug/stm32f1xx_hal_rcc_ex.o
HAL_RCCEx_GetPeriphCLKFreq                        build/debug/stm32f1xx_hal_rcc_ex.o
                                                  build/debug/stm32f1xx_hal_adc_ex.o
                                                  build/debug/stm32f1xx_hal_adc.o
HAL_RCCEx_PeriphCLKConfig                         build/debug/stm32f1xx_hal_rcc_ex.o
                                                  build/debug/main.o
HAL_RCC_CSSCallback                               build/debug/stm32f1xx_hal_rcc.o
HAL_RCC_ClockConfig                               build/debug/stm32f1xx_hal_rcc.o
                                                  build/debug/main.o
HAL_RCC_DeInit                                    build/debug/stm32f1xx_hal_rcc.o
HAL_RCC_DisableCSS                                build/debug/stm32f1xx_hal_rcc.o
HAL_RCC_EnableCSS                                 build/debug/stm32f1xx_hal_rcc.o
HAL_RCC_GetClockConfig                            build/debug/stm32f1xx_hal_rcc.o
HAL_RCC_GetHCLKFreq                               build/debug/stm32f1xx_hal_rcc.o
HAL_RCC_GetOscConfig                              build/debug/stm32f1xx_hal_rcc.o
HAL_RCC_GetPCLK1Freq                              build/debug/stm32f1xx_hal_rcc.o
HAL_RCC_GetPCLK2Freq                              build/debug/stm32f1xx_hal_rcc.o
                                                  build/debug/stm32f1xx_hal_rcc_ex.o
HAL_RCC_GetSysClockFreq                           build/debug/stm32f1xx_hal_rcc.o
HAL_RCC_MCOConfig                                 build/debug/stm32f1xx_hal_rcc.o
HAL_RCC_NMI_IRQHandler                            build/debug/stm32f1xx_hal_rcc.o
HAL_RCC_OscConfig                                 build/debug/stm32f1xx_hal_rcc.o
                                                  build/debug/main.o
HAL_ResumeTick                                    build/debug/stm32f1xx_hal.o
HAL_SYSTICK_CLKSourceConfig                       build/debug/stm32f1xx_hal_cortex.o
HAL_SYSTICK_Callback                              build/debug/stm32f1xx_hal_cortex.o
HAL_SYSTICK_Config                                build/debug/stm32f1xx_hal_cortex.o
                                                  build/debug/stm32f1xx_hal.o
HAL_SYSTICK_IRQHandler                            build/debug/stm32f1xx_hal_cortex.o
HAL_SetTickFreq                                   build/debug/stm32f1xx_hal.o
HAL_SuspendTick                                   build/debug/stm32f1xx_hal.o
HAL_TIMEx_BreakCallback                           build/debug/stm32f1xx_hal_tim_ex.o
                                                  build/debug/stm32f1xx_hal_tim.o
HAL_TIMEx_CommutCallback                          build/debug/stm32f1xx_hal_tim_ex.o
                                                  build/debug/stm32f1xx_hal_tim.o
HAL_TIMEx_CommutHalfCpltCallback                  build/debug/stm32f1xx_hal_tim_ex.o
HAL_TIMEx_ConfigBreakDeadTime                     build/debug/stm32f1xx_hal_tim_ex.o
                                                  build/debug/main.o
HAL_TIMEx_ConfigCommutEvent                       build/debug/stm32f1xx_hal_tim_ex.o
HAL_TIMEx_ConfigCommutEvent_DMA                   build/debug/stm32f1xx_hal_tim_ex.o
HAL_TIMEx_ConfigCommutEvent_IT                    build/debug/stm32f1xx_hal_tim_ex.o
HAL_TIMEx_GetChannelNState                        build/debug/stm32f1xx_hal_tim_ex.o
HAL_TIMEx_HallSensor_DeInit                       build/debug/stm32f1xx_hal_tim_ex.o
HAL_TIMEx_HallSensor_GetState                     build/debug/stm32f1xx_hal_tim_ex.o
HAL_TIMEx_HallSensor_Init                         build/debug/stm32f1xx_hal_tim_ex.o
HAL_TIMEx_HallSensor_MspDeInit                    build/debug/stm32f1xx_hal_tim_ex.o
HAL_TIMEx_HallSensor_MspInit                      build/debug/stm32f1xx_hal_tim_ex.o
HAL_TIMEx_HallSensor_Start                        build/debug/stm32f1xx_hal_tim_ex.o
HAL_TIMEx_HallSensor_Start_DMA                    build/debug/stm32f1xx_hal_tim_ex.o
HAL_TIMEx_HallSensor_Start_IT                     build/debug/stm32f1xx_hal_tim_ex.o
HAL_TIMEx_HallSensor_Stop                         build/debug/stm32f1xx_hal_tim_ex.o
HAL_TIMEx_HallSensor_Stop_DMA                     build/debug/stm32f1xx_hal_tim_ex.o
HAL_TIMEx_HallSensor_Stop_IT                      build/debug/stm32f1xx_hal_tim_ex.o
HAL_TIMEx_MasterConfigSynchronization             build/debug/stm32f1xx_hal_tim_ex.o
                                                  build/debug/main.o
HAL_TIMEx_OCN_Start                               build/debug/stm32f1xx_hal_tim_ex.o
HAL_TIMEx_OCN_Start_DMA                           build/debug/stm32f1xx_hal_tim_ex.o
HAL_TIMEx_OCN_Start_IT                            build/debug/stm32f1xx_hal_tim_ex.o
HAL_TIMEx_OCN_Stop                                build/debug/stm32f1xx_hal_tim_ex.o
HAL_TIMEx_OCN_Stop_DMA                            build/debug/stm32f1xx_hal_tim_ex.o
HAL_TIMEx_OCN_Stop_IT                             build/debug/stm32f1xx_hal_tim_ex.o
HAL_TIMEx_OnePulseN_Start                         build/debug/stm32f1xx_hal_tim_ex.o
HAL_TIMEx_OnePulseN_Start_IT                      build/debug/stm32f1xx_hal_tim_ex.o
HAL_TIMEx_OnePulseN_Stop                          build/debug/stm32f1xx_hal_tim_ex.o
HAL_TIMEx_OnePulseN_Stop_IT                       build/debug/stm32f1xx_hal_tim_ex.o
HAL_TIMEx_PWMN_Start                              build/debug/stm32f1xx_hal_tim_ex.o
HAL_TIMEx_PWMN_Start_DMA                          build/debug/stm32f1xx_hal_tim_ex.o
HAL_TIMEx_PWMN_Start_IT                           build/debug/stm32f1xx_hal_tim_ex.o
HAL_TIMEx_PWMN_Stop                               build/debug/stm32f1xx_hal_tim_ex.o
HAL_TIMEx_PWMN_Stop_DMA                           build/debug/stm32f1xx_hal_tim_ex.o
HAL_TIMEx_PWMN_Stop_IT                            build/debug/stm32f1xx_hal_tim_ex.o
HAL_TIMEx_RemapConfig                             build/debug/stm32f1xx_hal_tim_ex.o
HAL_TIM_Base_DeInit                               build/debug/stm32f1xx_hal_tim.o
HAL_TIM_Base_GetState                             build/debug/stm32f1xx_hal_tim.o
HAL_TIM_Base_Init                                 build/debug/stm32f1xx_hal_tim.o
                                                  build/debug/main.o
HAL_TIM_Base_MspDeInit                            build/debug/stm32f1xx_hal_msp.o
HAL_TIM_Base_MspInit                              build/debug/stm32f1xx_hal_msp.o
HAL_TIM_Base_Start                                build/debug/stm32f1xx_hal_tim.o
HAL_TIM_Base_Start_DMA                            build/debug/stm32f1xx_hal_tim.o
HAL_TIM_Base_Start_IT                             build/debug/stm32f1xx_hal_tim.o
HAL_TIM_Base_Stop                                 build/debug/stm32f1xx_hal_tim.o
HAL_TIM_Base_Stop_DMA                             build/debug/stm32f1xx_hal_tim.o
HAL_TIM_Base_Stop_IT                              build/debug/stm32f1xx_hal_tim.o
HAL_TIM_ConfigClockSource                         build/debug/stm32f1xx_hal_tim.o
                                                  build/debug/main.o
HAL_TIM_ConfigOCrefClear                          build/debug/stm32f1xx_hal_tim.o
HAL_TIM_ConfigTI1Input                            build/debug/stm32f1xx_hal_tim.o
HAL_TIM_DMABurstState                             build/debug/stm32f1xx_hal_tim.o
HAL_TIM_DMABurst_MultiReadStart                   build/debug/stm32f1xx_hal_tim.o
HAL_TIM_DMABurst_MultiWriteStart                  build/debug/stm32f1xx_hal_tim.o
HAL_TIM_DMABurst_ReadStart                        build/debug/stm32f1xx_hal_tim.o
HAL_TIM_DMABurst_ReadStop                         build/debug/stm32f1xx_hal_tim.o
HAL_TIM_DMABurst_WriteStart                       build/debug/stm32f1xx_hal_tim.o
HAL_TIM_DMABurst_WriteStop                        build/debug/stm32f1xx_hal_tim.o
HAL_TIM_Encoder_DeInit                            build/debug/stm32f1xx_hal_tim.o
HAL_TIM_Encoder_GetState                          build/debug/stm32f1xx_hal_tim.o
HAL_TIM_Encoder_Init                              build/debug/stm32f1xx_hal_tim.o
HAL_TIM_Encoder_MspDeInit                         build/debug/stm32f1xx_hal_tim.o
HAL_TIM_Encoder_MspInit                           build/debug/stm32f1xx_hal_tim.o
HAL_TIM_Encoder_Start                             build/debug/stm32f1xx_hal_tim.o
HAL_TIM_Encoder_Start_DMA                         build/debug/stm32f1xx_hal_tim.o
HAL_TIM_Encoder_Start_IT                          build/debug/stm32f1xx_hal_tim.o
HAL_TIM_Encoder_Stop                              build/debug/stm32f1xx_hal_tim.o
HAL_TIM_Encoder_Stop_DMA                          build/debug/stm32f1xx_hal_tim.o
HAL_TIM_Encoder_Stop_IT                           build/debug/stm32f1xx_hal_tim.o
HAL_TIM_ErrorCallback                             build/debug/stm32f1xx_hal_tim.o
                                                  build/debug/stm32f1xx_hal_tim_ex.o
HAL_TIM_GenerateEvent                             build/debug/stm32f1xx_hal_tim.o
HAL_TIM_GetActiveChannel                          build/debug/stm32f1xx_hal_tim.o
HAL_TIM_GetChannelState                           build/debug/stm32f1xx_hal_tim.o
HAL_TIM_IC_CaptureCallback                        build/debug/stm32f1xx_hal_tim.o
HAL_TIM_IC_CaptureHalfCpltCallback                build/debug/stm32f1xx_hal_tim.o
HAL_TIM_IC_ConfigChannel                          build/debug/stm32f1xx_hal_tim.o
HAL_TIM_IC_DeInit                                 build/debug/stm32f1xx_hal_tim.o
HAL_TIM_IC_GetState                               build/debug/stm32f1xx_hal_tim.o
HAL_TIM_IC_Init                                   build/debug/stm32f1xx_hal_tim.o
HAL_TIM_IC_MspDeInit                              build/debug/stm32f1xx_hal_tim.o
HAL_TIM_IC_MspInit                                build/debug/stm32f1xx_hal_tim.o
HAL_TIM_IC_Start                                  build/debug/stm32f1xx_hal_tim.o
HAL_TIM_IC_Start_DMA                              build/debug/stm32f1xx_hal_tim.o
HAL_TIM_IC_Start_IT                               build/debug/stm32f1xx_hal_tim.o
HAL_TIM_IC_Stop                                   build/debug/stm32f1xx_hal_tim.o
HAL_TIM_IC_Stop_DMA                               build/debug/stm32f1xx_hal_tim.o
HAL_TIM_IC_Stop_IT                                build/debug/stm32f1xx_hal_tim.o
HAL_TIM_IRQHandler                                build/debug/stm32f1xx_hal_tim.o
HAL_TIM_MspPostInit                               build/debug/stm32f1xx_hal_msp.o
                                                  build/debug/main.o
HAL_TIM_OC_ConfigChannel                          build/debug/stm32f1xx_hal_tim.o
HAL_TIM_OC_DeInit                                 build/debug/stm32f1xx_hal_tim.o
HAL_TIM_OC_DelayElapsedCallback                   build/debug/stm32f1xx_hal_tim.o
HAL_TIM_OC_GetState                               build/debug/stm32f1xx_hal_tim.o
HAL_TIM_OC_Init                                   build/debug/stm32f1xx_hal_tim.o
HAL_TIM_OC_MspDeInit                              build/debug/stm32f1xx_hal_tim.o
HAL_TIM_OC_MspInit                                build/debug/stm32f1xx_hal_tim.o
HAL_TIM_OC_Start                                  build/debug/stm32f1xx_hal_tim.o
HAL_TIM_OC_Start_DMA                              build/debug/stm32f1xx_hal_tim.o
HAL_TIM_OC_Start_IT                               build/debug/stm32f1xx_hal_tim.o
HAL_TIM_OC_Stop                                   build/debug/stm32f1xx_hal_tim.o